Archive member included to satisfy reference by file (symbol)

c:/program files (x86)/atmel/studio/7.0/toolchain/arm/arm-gnu-toolchain/bin/../lib/gcc/arm-none-eabi/5.3.1/../../../../arm-none-eabi/lib/armv7e-m\libm.a(lib_a-s_cos.o)
                              src/PvTracker.o (cos)
c:/program files (x86)/atmel/studio/7.0/toolchain/arm/arm-gnu-toolchain/bin/../lib/gcc/arm-none-eabi/5.3.1/../../../../arm-none-eabi/lib/armv7e-m\libm.a(lib_a-s_sin.o)
                              src/PvTracker.o (sin)
c:/program files (x86)/atmel/studio/7.0/toolchain/arm/arm-gnu-toolchain/bin/../lib/gcc/arm-none-eabi/5.3.1/../../../../arm-none-eabi/lib/armv7e-m\libm.a(lib_a-s_tan.o)
                              src/PvTracker.o (tan)
c:/program files (x86)/atmel/studio/7.0/toolchain/arm/arm-gnu-toolchain/bin/../lib/gcc/arm-none-eabi/5.3.1/../../../../arm-none-eabi/lib/armv7e-m\libm.a(lib_a-w_acos.o)
                              src/PvTracker.o (acos)
c:/program files (x86)/atmel/studio/7.0/toolchain/arm/arm-gnu-toolchain/bin/../lib/gcc/arm-none-eabi/5.3.1/../../../../arm-none-eabi/lib/armv7e-m\libm.a(lib_a-w_asin.o)
                              src/PvTracker.o (asin)
c:/program files (x86)/atmel/studio/7.0/toolchain/arm/arm-gnu-toolchain/bin/../lib/gcc/arm-none-eabi/5.3.1/../../../../arm-none-eabi/lib/armv7e-m\libm.a(lib_a-w_atan2.o)
                              src/PvTracker.o (atan2)
c:/program files (x86)/atmel/studio/7.0/toolchain/arm/arm-gnu-toolchain/bin/../lib/gcc/arm-none-eabi/5.3.1/../../../../arm-none-eabi/lib/armv7e-m\libm.a(lib_a-w_sqrt.o)
                              src/PvTracker.o (sqrt)
c:/program files (x86)/atmel/studio/7.0/toolchain/arm/arm-gnu-toolchain/bin/../lib/gcc/arm-none-eabi/5.3.1/../../../../arm-none-eabi/lib/armv7e-m\libm.a(lib_a-e_acos.o)
                              c:/program files (x86)/atmel/studio/7.0/toolchain/arm/arm-gnu-toolchain/bin/../lib/gcc/arm-none-eabi/5.3.1/../../../../arm-none-eabi/lib/armv7e-m\libm.a(lib_a-w_acos.o) (__ieee754_acos)
c:/program files (x86)/atmel/studio/7.0/toolchain/arm/arm-gnu-toolchain/bin/../lib/gcc/arm-none-eabi/5.3.1/../../../../arm-none-eabi/lib/armv7e-m\libm.a(lib_a-e_asin.o)
                              c:/program files (x86)/atmel/studio/7.0/toolchain/arm/arm-gnu-toolchain/bin/../lib/gcc/arm-none-eabi/5.3.1/../../../../arm-none-eabi/lib/armv7e-m\libm.a(lib_a-w_asin.o) (__ieee754_asin)
c:/program files (x86)/atmel/studio/7.0/toolchain/arm/arm-gnu-toolchain/bin/../lib/gcc/arm-none-eabi/5.3.1/../../../../arm-none-eabi/lib/armv7e-m\libm.a(lib_a-e_atan2.o)
                              c:/program files (x86)/atmel/studio/7.0/toolchain/arm/arm-gnu-toolchain/bin/../lib/gcc/arm-none-eabi/5.3.1/../../../../arm-none-eabi/lib/armv7e-m\libm.a(lib_a-w_atan2.o) (__ieee754_atan2)
c:/program files (x86)/atmel/studio/7.0/toolchain/arm/arm-gnu-toolchain/bin/../lib/gcc/arm-none-eabi/5.3.1/../../../../arm-none-eabi/lib/armv7e-m\libm.a(lib_a-e_rem_pio2.o)
                              c:/program files (x86)/atmel/studio/7.0/toolchain/arm/arm-gnu-toolchain/bin/../lib/gcc/arm-none-eabi/5.3.1/../../../../arm-none-eabi/lib/armv7e-m\libm.a(lib_a-s_cos.o) (__ieee754_rem_pio2)
c:/program files (x86)/atmel/studio/7.0/toolchain/arm/arm-gnu-toolchain/bin/../lib/gcc/arm-none-eabi/5.3.1/../../../../arm-none-eabi/lib/armv7e-m\libm.a(lib_a-e_sqrt.o)
                              c:/program files (x86)/atmel/studio/7.0/toolchain/arm/arm-gnu-toolchain/bin/../lib/gcc/arm-none-eabi/5.3.1/../../../../arm-none-eabi/lib/armv7e-m\libm.a(lib_a-w_sqrt.o) (__ieee754_sqrt)
c:/program files (x86)/atmel/studio/7.0/toolchain/arm/arm-gnu-toolchain/bin/../lib/gcc/arm-none-eabi/5.3.1/../../../../arm-none-eabi/lib/armv7e-m\libm.a(lib_a-k_cos.o)
                              c:/program files (x86)/atmel/studio/7.0/toolchain/arm/arm-gnu-toolchain/bin/../lib/gcc/arm-none-eabi/5.3.1/../../../../arm-none-eabi/lib/armv7e-m\libm.a(lib_a-s_cos.o) (__kernel_cos)
c:/program files (x86)/atmel/studio/7.0/toolchain/arm/arm-gnu-toolchain/bin/../lib/gcc/arm-none-eabi/5.3.1/../../../../arm-none-eabi/lib/armv7e-m\libm.a(lib_a-k_rem_pio2.o)
                              c:/program files (x86)/atmel/studio/7.0/toolchain/arm/arm-gnu-toolchain/bin/../lib/gcc/arm-none-eabi/5.3.1/../../../../arm-none-eabi/lib/armv7e-m\libm.a(lib_a-e_rem_pio2.o) (__kernel_rem_pio2)
c:/program files (x86)/atmel/studio/7.0/toolchain/arm/arm-gnu-toolchain/bin/../lib/gcc/arm-none-eabi/5.3.1/../../../../arm-none-eabi/lib/armv7e-m\libm.a(lib_a-k_sin.o)
                              c:/program files (x86)/atmel/studio/7.0/toolchain/arm/arm-gnu-toolchain/bin/../lib/gcc/arm-none-eabi/5.3.1/../../../../arm-none-eabi/lib/armv7e-m\libm.a(lib_a-s_cos.o) (__kernel_sin)
c:/program files (x86)/atmel/studio/7.0/toolchain/arm/arm-gnu-toolchain/bin/../lib/gcc/arm-none-eabi/5.3.1/../../../../arm-none-eabi/lib/armv7e-m\libm.a(lib_a-k_tan.o)
[...]
Memory Configuration

Name             Origin             Length             Attributes
rom              0x00400000         0x0003fc00         xr
ram              0x20000000         0x00010000         xrw
*default*        0x00000000         0xffffffff

Linker script and memory map

LOAD c:/program files (x86)/atmel/studio/7.0/toolchain/arm/arm-gnu-toolchain/bin/../lib/gcc/arm-none-eabi/5.3.1/armv7e-m/crti.o
LOAD c:/program files (x86)/atmel/studio/7.0/toolchain/arm/arm-gnu-toolchain/bin/../lib/gcc/arm-none-eabi/5.3.1/armv7e-m/crtbegin.o
LOAD c:/program files (x86)/atmel/studio/7.0/toolchain/arm/arm-gnu-toolchain/bin/../lib/gcc/arm-none-eabi/5.3.1/../../../../arm-none-eabi/lib/armv7e-m/crt0.o
LOAD src/ASF/common/services/freertos/sam/freertos_peripheral_control.o
LOAD src/AT24C08.o
LOAD src/AT24C08RTOS.o
LOAD src/consoleuart.o
LOAD src/DS3231.o
LOAD src/DS3231RTOS.o
LOAD src/ICM20648.o
LOAD src/ICM20648RTOS.o
LOAD src/mbusStack.o
LOAD src/PvTracker.o
LOAD src/rs485pdc.o
LOAD src/ASF/common/services/freertos/sam/freertos_twi_master.o
LOAD src/ASF/common/services/freertos/sam/freertos_usart_serial.o
LOAD src/ASF/common/services/serial/usart_serial.o
LOAD src/ASF/sam/drivers/pdc/pdc.o
LOAD src/ASF/sam/drivers/twi/twi.o
LOAD src/ASF/sam/drivers/uart/uart.o
LOAD src/ASF/sam/drivers/usart/usart.o
LOAD src/ASF/common/boards/user_board/init.o
LOAD src/ASF/common/services/clock/sam4s/sysclk.o
LOAD src/ASF/common/services/delay/sam/cycle_counter.o
LOAD src/ASF/common/utils/interrupt/interrupt_sam_nvic.o
LOAD src/ASF/sam/drivers/pio/pio.o
LOAD src/ASF/sam/drivers/pio/pio_handler.o
LOAD src/ASF/sam/drivers/pmc/pmc.o
LOAD src/ASF/sam/drivers/pmc/sleep.o
LOAD src/ASF/sam/utils/cmsis/sam4s/source/templates/gcc/startup_sam4s.o
LOAD src/ASF/sam/utils/cmsis/sam4s/source/templates/system_sam4s.o
LOAD src/ASF/sam/utils/syscalls/gcc/syscalls.o
LOAD src/ASF/thirdparty/freertos/freertos-7.3.0/source/FreeRTOS_CLI.o
LOAD src/ASF/thirdparty/freertos/freertos-7.3.0/source/list.o
LOAD src/ASF/thirdparty/freertos/freertos-7.3.0/source/portable/gcc/sam/port.o
LOAD src/ASF/thirdparty/freertos/freertos-7.3.0/source/portable/memmang/heap_4.o
LOAD src/ASF/thirdparty/freertos/freertos-7.3.0/source/queue.o
LOAD src/ASF/thirdparty/freertos/freertos-7.3.0/source/tasks.o
LOAD src/ASF/thirdparty/freertos/freertos-7.3.0/source/timers.o
LOAD src/CommInterface.o
LOAD src/main.o
START GROUP
LOAD ../src/ASF/thirdparty/CMSIS/Lib/GCC\libarm_cortexM4l_math.a
LOAD c:/program files (x86)/atmel/studio/7.0/toolchain/arm/arm-gnu-toolchain/bin/../lib/gcc/arm-none-eabi/5.3.1/../../../../arm-none-eabi/lib/armv7e-m\libm.a
END GROUP
START GROUP
LOAD c:/program files (x86)/atmel/studio/7.0/toolchain/arm/arm-gnu-toolchain/bin/../lib/gcc/arm-none-eabi/5.3.1/armv7e-m\libgcc.a
LOAD c:/program files (x86)/atmel/studio/7.0/toolchain/arm/arm-gnu-toolchain/bin/../lib/gcc/arm-none-eabi/5.3.1/../../../../arm-none-eabi/lib/armv7e-m\libc.a
END GROUP
LOAD c:/program files (x86)/atmel/studio/7.0/toolchain/arm/arm-gnu-toolchain/bin/../lib/gcc/arm-none-eabi/5.3.1/armv7e-m/crtend.o
LOAD c:/program files (x86)/atmel/studio/7.0/toolchain/arm/arm-gnu-toolchain/bin/../lib/gcc/arm-none-eabi/5.3.1/armv7e-m/crtn.o
                0x00003000                __stack_size__ = DEFINED (__stack_size__)?__stack_size__:0x3000
                0x2000fffc                __ram_end__ = ((ORIGIN (ram) + LENGTH (ram)) - 0x4)

.text           0x00400000     0x7d34
                0x00400000                . = ALIGN (0x4)
                0x00400000                _sfixed = .
 *(.vectors .vectors.*)
 .vectors       0x00400000       0xcc src/ASF/sam/utils/cmsis/sam4s/source/templates/gcc/startup_sam4s.o
                0x00400000                exception_table
 *(.text .text.* .gnu.linkonce.t.*)
 .text          0x004000cc       0x5c c:/program files (x86)/atmel/studio/7.0/toolchain/arm/arm-gnu-toolchain/bin/../lib/gcc/arm-none-eabi/5.3.1/armv7e-m/crtbegin.o
 .text.WriteEEPROM
                0x00400128       0x3c src/AT24C08.o
                0x00400128                WriteEEPROM
 .text.ReadEEPROM
                0x00400164       0x30 src/AT24C08.o
                0x00400164                ReadEEPROM
 .text.DSGetTime
                0x00400194       0x40 src/DS3231.o
                0x00400194                DSGetTime
 .text.DSGetFullDate
                0x004001d4       0x48 src/DS3231.o
                0x004001d4                DSGetFullDate
 .text.DSWriteByte
                0x0040021c       0x30 src/DS3231.o
                0x0040021c                DSWriteByte
 .text.DSSetSecs
                0x0040024c        0xc src/DS3231.o
                0x0040024c                DSSetSecs
 .text.DSSetMins
                0x00400258        0xc src/DS3231.o
                0x00400258                DSSetMins
 .text.DSSetHrs
                0x00400264        0xc src/DS3231.o
                0x00400264                DSSetHrs
 .text.DSSetDay
                0x00400270        0xc src/DS3231.o
                0x00400270                DSSetDay
 .text.DSSetDate
                0x0040027c        0xc src/DS3231.o
                0x0040027c                DSSetDate
 .text.DSSetMonth
                0x00400288        0xc src/DS3231.o
                0x00400288                DSSetMonth
 .text.DSSetYear
                0x00400294        0xc src/DS3231.o
                0x00400294                DSSetYear
 .text.DSEnAL2  0x004002a0       0x58 src/DS3231.o
                0x004002a0                DSEnAL2
 .text.DSReadByte
                0x004002f8       0x24 src/DS3231.o
                0x004002f8                DSReadByte
 .text.ICMWriteByte
                0x0040031c       0x2c src/ICM20648.o
                0x0040031c                ICMWriteByte
 .text.ICMInitialize
                0x00400348       0x4c src/ICM20648.o
                0x00400348                ICMInitialize
 .text.ICMReadByte
                0x00400394       0x24 src/ICM20648.o
                0x00400394                ICMReadByte
 .text.ICMReadAccDataAll
                0x004003b8       0x60 src/ICM20648.o
                0x004003b8                ICMReadAccDataAll
 .text.calcCRC  0x00400418       0x40 src/mbusStack.o
                0x00400418                calcCRC
 .text.ParseMbusPkt
                0x00400458      0x1f8 src/mbusStack.o
                0x00400458                ParseMbusPkt
 .text.RTCIntHandler
                0x00400650       0x28 src/PvTracker.o
                0x00400650                RTCIntHandler
 .text.InitVars
                0x00400678      0x2d0 src/PvTracker.o
                0x00400678                InitVars
 .text.vPvTrackerInit
                0x00400948       0x58 src/PvTracker.o
                0x00400948                vPvTrackerInit
 .text.GetOrientation
                0x004009a0       0xcc src/PvTracker.o
                0x004009a0                GetOrientation
 .text.GotoAngle
                0x00400a6c      0x148 src/PvTracker.o
                0x00400a6c                GotoAngle
 *fill*         0x00400bb4        0x4 
 .text.GetPvAngle
                0x00400bb8      0x6fc src/PvTracker.o
                0x00400bb8                GetPvAngle
 .text.TestCode
                0x004012b4       0xa0 src/PvTracker.o
                0x004012b4                TestCode
 .text.GetPvBackTrackAngle
                0x00401354       0xec src/PvTracker.o
                0x00401354                GetPvBackTrackAngle
 .text.PVTrack  0x00401440       0xf8 src/PvTracker.o
                0x00401440                PVTrack
 .text.vPvTrackerTask
                0x00401538       0x80 src/PvTracker.o
                0x00401538                vPvTrackerTask
 .text.InitRs485Pdc
                0x004015b8       0x70 src/rs485pdc.o
                0x004015b8                InitRs485Pdc
 .text.Rs485PdcStartTx
                0x00401628       0x20 src/rs485pdc.o
                0x00401628                Rs485PdcStartTx
 .text.Rs485PdcStartRx
                0x00401648       0x20 src/rs485pdc.o
                0x00401648                Rs485PdcStartRx
 .text.Rs485PdcGetRxBytes
                0x00401668       0x20 src/rs485pdc.o
                0x00401668                Rs485PdcGetRxBytes
 .text.Rs485PdcGetTxStatus
                0x00401688       0x18 src/rs485pdc.o
                0x00401688                Rs485PdcGetTxStatus
 .text.local_twi_handler
                0x004016a0      0x1cc src/ASF/common/services/freertos/sam/freertos_twi_master.o
 .text.TWI0_Handler
                0x0040186c        0xc src/ASF/common/services/freertos/sam/freertos_twi_master.o
                0x0040186c                TWI0_Handler
 .text.TWI1_Handler
                0x00401878        0xc src/ASF/common/services/freertos/sam/freertos_twi_master.o
                0x00401878                TWI1_Handler
 .text.configure_rx_dma
                0x00401884       0x90 src/ASF/common/services/freertos/sam/freertos_usart_serial.o
 .text.local_usart_handler
                0x00401914      0x128 src/ASF/common/services/freertos/sam/freertos_usart_serial.o
 .text.USART0_Handler
                0x00401a3c        0xc src/ASF/common/services/freertos/sam/freertos_usart_serial.o
                0x00401a3c                USART0_Handler
 .text.USART1_Handler
                0x00401a48        0xc src/ASF/common/services/freertos/sam/freertos_usart_serial.o
                0x00401a48                USART1_Handler
 .text.pdc_tx_init
                0x00401a54       0x16 src/ASF/sam/drivers/pdc/pdc.o
                0x00401a54                pdc_tx_init
 .text.pdc_rx_init
                0x00401a6a       0x16 src/ASF/sam/drivers/pdc/pdc.o
                0x00401a6a                pdc_rx_init
 .text.pdc_enable_transfer
                0x00401a80        0xc src/ASF/sam/drivers/pdc/pdc.o
                0x00401a80                pdc_enable_transfer
 .text.pdc_disable_transfer
                0x00401a8c       0x10 src/ASF/sam/drivers/pdc/pdc.o
                0x00401a8c                pdc_disable_transfer
 .text.pdc_read_rx_counter
                0x00401a9c        0x4 src/ASF/sam/drivers/pdc/pdc.o
                0x00401a9c                pdc_read_rx_counter
 .text.twi_enable_master_mode
                0x00401aa0        0xe src/ASF/sam/drivers/twi/twi.o
                0x00401aa0                twi_enable_master_mode
 *fill*         0x00401aae        0x2 
 .text.twi_set_speed
                0x00401ab0       0x90 src/ASF/sam/drivers/twi/twi.o
                0x00401ab0                twi_set_speed
 .text.twi_master_init
                0x00401b40       0x40 src/ASF/sam/drivers/twi/twi.o
                0x00401b40                twi_master_init
 .text.twi_mk_addr
                0x00401b80       0x22 src/ASF/sam/drivers/twi/twi.o
                0x00401b80                twi_mk_addr
 *fill*         0x00401ba2        0x2 
 .text.twi_master_read
                0x00401ba4       0x9c src/ASF/sam/drivers/twi/twi.o
                0x00401ba4                twi_master_read
 .text.twi_master_write
                0x00401c40       0x6c src/ASF/sam/drivers/twi/twi.o
                0x00401c40                twi_master_write
 .text.twi_disable_interrupt
                0x00401cac        0x6 src/ASF/sam/drivers/twi/twi.o
                0x00401cac                twi_disable_interrupt
 .text.twi_get_interrupt_status
                0x00401cb2        0x4 src/ASF/sam/drivers/twi/twi.o
                0x00401cb2                twi_get_interrupt_status
 .text.twi_get_interrupt_mask
                0x00401cb6        0x4 src/ASF/sam/drivers/twi/twi.o
                0x00401cb6                twi_get_interrupt_mask
 .text.usart_set_async_baudrate
                0x00401cba       0x4a src/ASF/sam/drivers/usart/usart.o
                0x00401cba                usart_set_async_baudrate
 .text.usart_reset
                0x00401d04       0x30 src/ASF/sam/drivers/usart/usart.o
                0x00401d04                usart_reset
 .text.usart_init_rs232
                0x00401d34       0x44 src/ASF/sam/drivers/usart/usart.o
                0x00401d34                usart_init_rs232
 .text.usart_init_rs485
                0x00401d78       0x20 src/ASF/sam/drivers/usart/usart.o
                0x00401d78                usart_init_rs485
 .text.usart_enable_tx
                0x00401d98        0x6 src/ASF/sam/drivers/usart/usart.o
                0x00401d98                usart_enable_tx
 .text.usart_disable_tx
                0x00401d9e        0x6 src/ASF/sam/drivers/usart/usart.o
                0x00401d9e                usart_disable_tx
 .text.usart_enable_rx
                0x00401da4        0x6 src/ASF/sam/drivers/usart/usart.o
                0x00401da4                usart_enable_rx
 .text.usart_disable_rx
                0x00401daa        0x6 src/ASF/sam/drivers/usart/usart.o
                0x00401daa                usart_disable_rx
 .text.usart_enable_interrupt
                0x00401db0        0x4 src/ASF/sam/drivers/usart/usart.o
                0x00401db0                usart_enable_interrupt
 .text.usart_disable_interrupt
                0x00401db4        0x4 src/ASF/sam/drivers/usart/usart.o
                0x00401db4                usart_disable_interrupt
 .text.usart_get_interrupt_mask
                0x00401db8        0x4 src/ASF/sam/drivers/usart/usart.o
                0x00401db8                usart_get_interrupt_mask
 .text.usart_get_status
                0x00401dbc        0x4 src/ASF/sam/drivers/usart/usart.o
                0x00401dbc                usart_get_status
 .text.usart_reset_status
                0x00401dc0        0x8 src/ASF/sam/drivers/usart/usart.o
                0x00401dc0                usart_reset_status
 .text.usart_start_rx_timeout
                0x00401dc8        0x8 src/ASF/sam/drivers/usart/usart.o
                0x00401dc8                usart_start_rx_timeout
 .text.usart_get_pdc_base
                0x00401dd0       0x28 src/ASF/sam/drivers/usart/usart.o
                0x00401dd0                usart_get_pdc_base
 .text.board_init
                0x00401df8       0xd8 src/ASF/common/boards/user_board/init.o
                0x00401df8                board_init
 .text.sysclk_init
                0x00401ed0       0x68 src/ASF/common/services/clock/sam4s/sysclk.o
                0x00401ed0                sysclk_init
 .text.pio_set_peripheral
                0x00401f38       0x7c src/ASF/sam/drivers/pio/pio.o
                0x00401f38                pio_set_peripheral
 .text.pio_set_input
                0x00401fb4       0x2c src/ASF/sam/drivers/pio/pio.o
                0x00401fb4                pio_set_input
 .text.pio_set_output
                0x00401fe0       0x24 src/ASF/sam/drivers/pio/pio.o
                0x00401fe0                pio_set_output
 .text.pio_enable_interrupt
                0x00402004        0x4 src/ASF/sam/drivers/pio/pio.o
                0x00402004                pio_enable_interrupt
 .text.pio_disable_interrupt
                0x00402008        0x4 src/ASF/sam/drivers/pio/pio.o
                0x00402008                pio_disable_interrupt
 .text.pio_get_interrupt_status
                0x0040200c        0x4 src/ASF/sam/drivers/pio/pio.o
                0x0040200c                pio_get_interrupt_status
 .text.pio_get_interrupt_mask
                0x00402010        0x4 src/ASF/sam/drivers/pio/pio.o
                0x00402010                pio_get_interrupt_mask
 .text.pio_set_additional_interrupt_mode
                0x00402014       0x28 src/ASF/sam/drivers/pio/pio.o
                0x00402014                pio_set_additional_interrupt_mode
 .text.pio_configure_interrupt
                0x0040203c        0x8 src/ASF/sam/drivers/pio/pio.o
                0x0040203c                pio_configure_interrupt
 .text.pio_set_pin_high
                0x00402044       0x1a src/ASF/sam/drivers/pio/pio.o
                0x00402044                pio_set_pin_high
 .text.pio_set_pin_low
                0x0040205e       0x1a src/ASF/sam/drivers/pio/pio.o
                0x0040205e                pio_set_pin_low
 .text.pio_configure_pin
                0x00402078       0xb4 src/ASF/sam/drivers/pio/pio.o
                0x00402078                pio_configure_pin
 .text.pio_configure_pin_group
                0x0040212c       0x88 src/ASF/sam/drivers/pio/pio.o
                0x0040212c                pio_configure_pin_group
 .text.pio_handler_process
                0x004021b4       0x80 src/ASF/sam/drivers/pio/pio_handler.o
                0x004021b4                pio_handler_process
 .text.pio_handler_set
                0x00402234       0x6c src/ASF/sam/drivers/pio/pio_handler.o
                0x00402234                pio_handler_set
 .text.PIOA_Handler
                0x004022a0       0x10 src/ASF/sam/drivers/pio/pio_handler.o
                0x004022a0                PIOA_Handler
 .text.PIOB_Handler
                0x004022b0       0x10 src/ASF/sam/drivers/pio/pio_handler.o
                0x004022b0                PIOB_Handler
 .text.pio_handler_set_priority
                0x004022c0       0x84 src/ASF/sam/drivers/pio/pio_handler.o
                0x004022c0                pio_handler_set_priority
 .text.pmc_switch_mck_to_pllack
                0x00402344       0x44 src/ASF/sam/drivers/pmc/pmc.o
                0x00402344                pmc_switch_mck_to_pllack
 .text.pmc_switch_mainck_to_xtal
                0x00402388       0x50 src/ASF/sam/drivers/pmc/pmc.o
                0x00402388                pmc_switch_mainck_to_xtal
 .text.pmc_osc_is_ready_mainck
                0x004023d8       0x10 src/ASF/sam/drivers/pmc/pmc.o
                0x004023d8                pmc_osc_is_ready_mainck
 .text.pmc_disable_pllack
                0x004023e8       0x10 src/ASF/sam/drivers/pmc/pmc.o
                0x004023e8                pmc_disable_pllack
 .text.pmc_is_locked_pllack
                0x004023f8       0x10 src/ASF/sam/drivers/pmc/pmc.o
                0x004023f8                pmc_is_locked_pllack
 .text.pmc_enable_periph_clk
                0x00402408       0x40 src/ASF/sam/drivers/pmc/pmc.o
                0x00402408                pmc_enable_periph_clk
 .text.Dummy_Handler
                0x00402448        0x2 src/ASF/sam/utils/cmsis/sam4s/source/templates/gcc/startup_sam4s.o
                0x00402448                DACC_Handler
                0x00402448                DebugMon_Handler
                0x00402448                HardFault_Handler
                0x00402448                TC2_Handler
                0x00402448                SPI_Handler
                0x00402448                NMI_Handler
                0x00402448                ADC_Handler
                0x00402448                CRCCU_Handler
                0x00402448                RTT_Handler
                0x00402448                RTC_Handler
                0x00402448                UsageFault_Handler
                0x00402448                WDT_Handler
                0x00402448                TC1_Handler
                0x00402448                HSMCI_Handler
                0x00402448                UART1_Handler
                0x00402448                Dummy_Handler
                0x00402448                SSC_Handler
                0x00402448                EFC0_Handler
                0x00402448                ACC_Handler
                0x00402448                PMC_Handler
                0x00402448                PWM_Handler
                0x00402448                MemManage_Handler
                0x00402448                SUPC_Handler
                0x00402448                UART0_Handler
                0x00402448                UDP_Handler
                0x00402448                BusFault_Handler
                0x00402448                RSTC_Handler
                0x00402448                TC0_Handler
 *fill*         0x0040244a        0x2 
 .text.Reset_Handler
                0x0040244c       0x7c src/ASF/sam/utils/cmsis/sam4s/source/templates/gcc/startup_sam4s.o
                0x0040244c                Reset_Handler
 .text.SystemCoreClockUpdate
                0x004024c8       0xcc src/ASF/sam/utils/cmsis/sam4s/source/templates/system_sam4s.o
                0x004024c8                SystemCoreClockUpdate
 .text.system_init_flash
                0x00402594       0x64 src/ASF/sam/utils/cmsis/sam4s/source/templates/system_sam4s.o
                0x00402594                system_init_flash
 .text.vListInitialise
                0x004025f8       0x16 src/ASF/thirdparty/freertos/freertos-7.3.0/source/list.o
                0x004025f8                vListInitialise
 .text.vListInitialiseItem
                0x0040260e        0x6 src/ASF/thirdparty/freertos/freertos-7.3.0/source/list.o
                0x0040260e                vListInitialiseItem
 .text.vListInsertEnd
                0x00402614       0x1c src/ASF/thirdparty/freertos/freertos-7.3.0/source/list.o
                0x00402614                vListInsertEnd
 .text.vListInsert
                0x00402630       0x30 src/ASF/thirdparty/freertos/freertos-7.3.0/source/list.o
                0x00402630                vListInsert
 .text.uxListRemove
                0x00402660       0x26 src/ASF/thirdparty/freertos/freertos-7.3.0/source/list.o
                0x00402660                uxListRemove
 *fill*         0x00402686        0x2 
 .text.prvPortStartFirstTask
                0x00402688       0x14 src/ASF/thirdparty/freertos/freertos-7.3.0/source/portable/gcc/sam/port.o
 .text.pxPortInitialiseStack
                0x0040269c       0x16 src/ASF/thirdparty/freertos/freertos-7.3.0/source/portable/gcc/sam/port.o
                0x0040269c                pxPortInitialiseStack
 *fill*         0x004026b2        0x2 
 .text.SVC_Handler
                0x004026b4       0x20 src/ASF/thirdparty/freertos/freertos-7.3.0/source/portable/gcc/sam/port.o
                0x004026b4                SVC_Handler
 .text.vPortYieldFromISR
                0x004026d4       0x10 src/ASF/thirdparty/freertos/freertos-7.3.0/source/portable/gcc/sam/port.o
                0x004026d4                vPortYieldFromISR
 .text.ulPortSetInterruptMask
                0x004026e4       0x10 src/ASF/thirdparty/freertos/freertos-7.3.0/source/portable/gcc/sam/port.o
                0x004026e4                ulPortSetInterruptMask
 .text.vPortEnterCritical
                0x004026f4       0x18 src/ASF/thirdparty/freertos/freertos-7.3.0/source/portable/gcc/sam/port.o
                0x004026f4                vPortEnterCritical
 .text.vPortClearInterruptMask
                0x0040270c        0x6 src/ASF/thirdparty/freertos/freertos-7.3.0/source/portable/gcc/sam/port.o
                0x0040270c                vPortClearInterruptMask
 *fill*         0x00402712        0x2 
 .text.vPortExitCritical
                0x00402714       0x18 src/ASF/thirdparty/freertos/freertos-7.3.0/source/portable/gcc/sam/port.o
                0x00402714                vPortExitCritical
 .text.PendSV_Handler
                0x0040272c       0x3c src/ASF/thirdparty/freertos/freertos-7.3.0/source/portable/gcc/sam/port.o
                0x0040272c                PendSV_Handler
 .text.SysTick_Handler
                0x00402768       0x2c src/ASF/thirdparty/freertos/freertos-7.3.0/source/portable/gcc/sam/port.o
                0x00402768                SysTick_Handler
 .text.vPortSetupTimerInterrupt
                0x00402794       0x18 src/ASF/thirdparty/freertos/freertos-7.3.0/source/portable/gcc/sam/port.o
                0x00402794                vPortSetupTimerInterrupt
 .text.xPortStartScheduler
                0x004027ac       0x34 src/ASF/thirdparty/freertos/freertos-7.3.0/source/portable/gcc/sam/port.o
                0x004027ac                xPortStartScheduler
 .text.prvInsertBlockIntoFreeList
                0x004027e0       0x4c src/ASF/thirdparty/freertos/freertos-7.3.0/source/portable/memmang/heap_4.o
 .text.pvPortMalloc
                0x0040282c       0xc4 src/ASF/thirdparty/freertos/freertos-7.3.0/source/portable/memmang/heap_4.o
                0x0040282c                pvPortMalloc
 .text.vPortFree
                0x004028f0       0x38 src/ASF/thirdparty/freertos/freertos-7.3.0/source/portable/memmang/heap_4.o
                0x004028f0                vPortFree
 .text.prvCopyDataToQueue
                0x00402928       0x60 src/ASF/thirdparty/freertos/freertos-7.3.0/source/queue.o
 .text.prvCopyDataFromQueue
                0x00402988       0x2c src/ASF/thirdparty/freertos/freertos-7.3.0/source/queue.o
 .text.prvUnlockQueue
                0x004029b4       0x80 src/ASF/thirdparty/freertos/freertos-7.3.0/source/queue.o
 .text.xQueueGenericReset
                0x00402a34       0x7c src/ASF/thirdparty/freertos/freertos-7.3.0/source/queue.o
                0x00402a34                xQueueGenericReset
 .text.xQueueGenericCreate
                0x00402ab0       0x4c src/ASF/thirdparty/freertos/freertos-7.3.0/source/queue.o
                0x00402ab0                xQueueGenericCreate
 .text.xQueueGenericSend
                0x00402afc      0x120 src/ASF/thirdparty/freertos/freertos-7.3.0/source/queue.o
                0x00402afc                xQueueGenericSend
 .text.xQueueGenericSendFromISR
                0x00402c1c       0x7c src/ASF/thirdparty/freertos/freertos-7.3.0/source/queue.o
                0x00402c1c                xQueueGenericSendFromISR
 .text.xQueueGenericReceive
                0x00402c98      0x154 src/ASF/thirdparty/freertos/freertos-7.3.0/source/queue.o
                0x00402c98                xQueueGenericReceive
 .text.vQueueWaitForMessageRestricted
                0x00402dec       0x4c src/ASF/thirdparty/freertos/freertos-7.3.0/source/queue.o
                0x00402dec                vQueueWaitForMessageRestricted
 .text.prvAddCurrentTaskToDelayedList
                0x00402e38       0x50 src/ASF/thirdparty/freertos/freertos-7.3.0/source/tasks.o
 .text.xTaskGenericCreate
                0x00402e88      0x1d4 src/ASF/thirdparty/freertos/freertos-7.3.0/source/tasks.o
                0x00402e88                xTaskGenericCreate
 .text.vTaskStartScheduler
                0x0040305c       0x70 src/ASF/thirdparty/freertos/freertos-7.3.0/source/tasks.o
                0x0040305c                vTaskStartScheduler
 .text.vTaskSuspendAll
                0x004030cc       0x10 src/ASF/thirdparty/freertos/freertos-7.3.0/source/tasks.o
                0x004030cc                vTaskSuspendAll
 .text.xTaskGetTickCount
                0x004030dc       0x20 src/ASF/thirdparty/freertos/freertos-7.3.0/source/tasks.o
                0x004030dc                xTaskGetTickCount
 .text.vTaskIncrementTick
                0x004030fc       0xf8 src/ASF/thirdparty/freertos/freertos-7.3.0/source/tasks.o
                0x004030fc                vTaskIncrementTick
 .text.xTaskResumeAll
                0x004031f4       0xf0 src/ASF/thirdparty/freertos/freertos-7.3.0/source/tasks.o
                0x004031f4                xTaskResumeAll
 .text.vTaskDelay
                0x004032e4       0x4c src/ASF/thirdparty/freertos/freertos-7.3.0/source/tasks.o
                0x004032e4                vTaskDelay
 .text.prvIdleTask
                0x00403330       0x74 src/ASF/thirdparty/freertos/freertos-7.3.0/source/tasks.o
 .text.vTaskSwitchContext
                0x004033a4       0xb4 src/ASF/thirdparty/freertos/freertos-7.3.0/source/tasks.o
                0x004033a4                vTaskSwitchContext
 .text.vTaskPlaceOnEventList
                0x00403458       0x60 src/ASF/thirdparty/freertos/freertos-7.3.0/source/tasks.o
                0x00403458                vTaskPlaceOnEventList
 .text.vTaskPlaceOnEventListRestricted
                0x004034b8       0x48 src/ASF/thirdparty/freertos/freertos-7.3.0/source/tasks.o
                0x004034b8                vTaskPlaceOnEventListRestricted
 .text.xTaskRemoveFromEventList
                0x00403500       0x78 src/ASF/thirdparty/freertos/freertos-7.3.0/source/tasks.o
                0x00403500                xTaskRemoveFromEventList
 .text.vTaskSetTimeOutState
                0x00403578       0x28 src/ASF/thirdparty/freertos/freertos-7.3.0/source/tasks.o
                0x00403578                vTaskSetTimeOutState
 .text.xTaskCheckForTimeOut
                0x004035a0       0x78 src/ASF/thirdparty/freertos/freertos-7.3.0/source/tasks.o
                0x004035a0                xTaskCheckForTimeOut
 .text.vTaskMissedYield
                0x00403618        0xc src/ASF/thirdparty/freertos/freertos-7.3.0/source/tasks.o
                0x00403618                vTaskMissedYield
 .text.xTaskGetCurrentTaskHandle
                0x00403624        0xc src/ASF/thirdparty/freertos/freertos-7.3.0/source/tasks.o
                0x00403624                xTaskGetCurrentTaskHandle
 .text.xTaskGetSchedulerState
                0x00403630       0x1c src/ASF/thirdparty/freertos/freertos-7.3.0/source/tasks.o
                0x00403630                xTaskGetSchedulerState
 .text.vTaskPriorityInherit
                0x0040364c       0x74 src/ASF/thirdparty/freertos/freertos-7.3.0/source/tasks.o
                0x0040364c                vTaskPriorityInherit
 .text.vTaskPriorityDisinherit
                0x004036c0       0x50 src/ASF/thirdparty/freertos/freertos-7.3.0/source/tasks.o
                0x004036c0                vTaskPriorityDisinherit
 .text.prvCheckForValidListAndQueue
                0x00403710       0x60 src/ASF/thirdparty/freertos/freertos-7.3.0/source/timers.o
 .text.prvInsertTimerInActiveList
                0x00403770       0x40 src/ASF/thirdparty/freertos/freertos-7.3.0/source/timers.o
 .text.xTimerCreateTimerTask
                0x004037b0       0x4c src/ASF/thirdparty/freertos/freertos-7.3.0/source/timers.o
                0x004037b0                xTimerCreateTimerTask
 .text.xTimerGenericCommand
                0x004037fc       0x4c src/ASF/thirdparty/freertos/freertos-7.3.0/source/timers.o
                0x004037fc                xTimerGenericCommand
 .text.prvSwitchTimerLists.isra.1
                0x00403848       0x88 src/ASF/thirdparty/freertos/freertos-7.3.0/source/timers.o
 .text.prvTimerTask
                0x004038d0      0x19c src/ASF/thirdparty/freertos/freertos-7.3.0/source/timers.o
 .text.WriteMbusRegs
                0x00403a6c      0x160 src/CommInterface.o
                0x00403a6c                WriteMbusRegs
 .text.vCommInit
                0x00403bcc        0x8 src/CommInterface.o
                0x00403bcc                vCommInit
 .text.SendRespPkt
                0x00403bd4       0x44 src/CommInterface.o
                0x00403bd4                SendRespPkt
 .text.vCommTask
                0x00403c18       0xe8 src/CommInterface.o
                0x00403c18                vCommTask
 .text.vBlinkTask
                0x00403d00       0x28 src/main.o
                0x00403d00                vBlinkTask
 .text.vApplicationStackOverflowHook
                0x00403d28        0xc src/main.o
                0x00403d28                vApplicationStackOverflowHook
 .text.vApplicationMallocFailedHook
                0x00403d34        0xc src/main.o
                0x00403d34                vApplicationMallocFailedHook
 .text.vInitPeripherals
                0x00403d40       0x40 src/main.o
                0x00403d40                vInitPeripherals
 .text.startup.main
                0x00403d80       0x80 src/main.o
                0x00403d80                main
 .text.cos      0x00403e00       0x94 c:/program files (x86)/atmel/studio/7.0/toolchain/arm/arm-gnu-toolchain/bin/../lib/gcc/arm-none-eabi/5.3.1/../../../../arm-none-eabi/lib/armv7e-m\libm.a(lib_a-s_cos.o)
                0x00403e00                cos
 .text.sin      0x00403e94       0x88 c:/program files (x86)/atmel/studio/7.0/toolchain/arm/arm-gnu-toolchain/bin/../lib/gcc/arm-none-eabi/5.3.1/../../../../arm-none-eabi/lib/armv7e-m\libm.a(lib_a-s_sin.o)
                0x00403e94                sin
 .text.tan      0x00403f1c       0x5c c:/program files (x86)/atmel/studio/7.0/toolchain/arm/arm-gnu-toolchain/bin/../lib/gcc/arm-none-eabi/5.3.1/../../../../arm-none-eabi/lib/armv7e-m\libm.a(lib_a-s_tan.o)
                0x00403f1c                tan
 .text.acos     0x00403f78       0xb0 c:/program files (x86)/atmel/studio/7.0/toolchain/arm/arm-gnu-toolchain/bin/../lib/gcc/arm-none-eabi/5.3.1/../../../../arm-none-eabi/lib/armv7e-m\libm.a(lib_a-w_acos.o)
                0x00403f78                acos
 .text.asin     0x00404028       0xb0 c:/program files (x86)/atmel/studio/7.0/toolchain/arm/arm-gnu-toolchain/bin/../lib/gcc/arm-none-eabi/5.3.1/../../../../arm-none-eabi/lib/armv7e-m\libm.a(lib_a-w_asin.o)
                0x00404028                asin
 .text.atan2    0x004040d8        0x4 c:/program files (x86)/atmel/studio/7.0/toolchain/arm/arm-gnu-toolchain/bin/../lib/gcc/arm-none-eabi/5.3.1/../../../../arm-none-eabi/lib/armv7e-m\libm.a(lib_a-w_atan2.o)
                0x004040d8                atan2
 .text.sqrt     0x004040dc       0xb8 c:/program files (x86)/atmel/studio/7.0/toolchain/arm/arm-gnu-toolchain/bin/../lib/gcc/arm-none-eabi/5.3.1/../../../../arm-none-eabi/lib/armv7e-m\libm.a(lib_a-w_sqrt.o)
                0x004040dc                sqrt
 *fill*         0x00404194        0x4 
 .text.__ieee754_acos
                0x00404198      0x4a8 c:/program files (x86)/atmel/studio/7.0/toolchain/arm/arm-gnu-toolchain/bin/../lib/gcc/arm-none-eabi/5.3.1/../../../../arm-none-eabi/lib/armv7e-m\libm.a(lib_a-e_acos.o)
                0x00404198                __ieee754_acos
 .text.__ieee754_asin
                0x00404640      0x45c c:/program files (x86)/atmel/studio/7.0/toolchain/arm/arm-gnu-toolchain/bin/../lib/gcc/arm-none-eabi/5.3.1/../../../../arm-none-eabi/lib/armv7e-m\libm.a(lib_a-e_asin.o)
                0x00404640                __ieee754_asin
 *fill*         0x00404a9c        0x4 
 .text.__ieee754_atan2
                0x00404aa0      0x194 c:/program files (x86)/atmel/studio/7.0/toolchain/arm/arm-gnu-toolchain/bin/../lib/gcc/arm-none-eabi/5.3.1/../../../../arm-none-eabi/lib/armv7e-m\libm.a(lib_a-e_atan2.o)
                0x00404aa0                __ieee754_atan2
 *fill*         0x00404c34        0x4 
 .text.__ieee754_rem_pio2
                0x00404c38      0x444 c:/program files (x86)/atmel/studio/7.0/toolchain/arm/arm-gnu-toolchain/bin/../lib/gcc/arm-none-eabi/5.3.1/../../../../arm-none-eabi/lib/armv7e-m\libm.a(lib_a-e_rem_pio2.o)
                0x00404c38                __ieee754_rem_pio2
 .text.__ieee754_sqrt
                0x0040507c      0x180 c:/program files (x86)/atmel/studio/7.0/toolchain/arm/arm-gnu-toolchain/bin/../lib/gcc/arm-none-eabi/5.3.1/../../../../arm-none-eabi/lib/armv7e-m\libm.a(lib_a-e_sqrt.o)
                0x0040507c                __ieee754_sqrt
 *fill*         0x004051fc        0x4 
 .text.__kernel_cos
                0x00405200      0x248 c:/program files (x86)/atmel/studio/7.0/toolchain/arm/arm-gnu-toolchain/bin/../lib/gcc/arm-none-eabi/5.3.1/../../../../arm-none-eabi/lib/armv7e-m\libm.a(lib_a-k_cos.o)
                0x00405200                __kernel_cos
 .text.__kernel_rem_pio2
                0x00405448      0x7f8 c:/program files (x86)/atmel/studio/7.0/toolchain/arm/arm-gnu-toolchain/bin/../lib/gcc/arm-none-eabi/5.3.1/../../../../arm-none-eabi/lib/armv7e-m\libm.a(lib_a-k_rem_pio2.o)
                0x00405448                __kernel_rem_pio2
 .text.__kernel_sin
                0x00405c40      0x16c c:/program files (x86)/atmel/studio/7.0/toolchain/arm/arm-gnu-toolchain/bin/../lib/gcc/arm-none-eabi/5.3.1/../../../../arm-none-eabi/lib/armv7e-m\libm.a(lib_a-k_sin.o)
                0x00405c40                __kernel_sin
 *fill*         0x00405dac        0x4 
 .text.__kernel_tan
                0x00405db0      0x38c c:/program files (x86)/atmel/studio/7.0/toolchain/arm/arm-gnu-toolchain/bin/../lib/gcc/arm-none-eabi/5.3.1/../../../../arm-none-eabi/lib/armv7e-m\libm.a(lib_a-k_tan.o)
                0x00405db0                __kernel_tan
 *fill*         0x0040613c        0x4 
 .text.atan     0x00406140      0x33c c:/program files (x86)/atmel/studio/7.0/toolchain/arm/arm-gnu-toolchain/bin/../lib/gcc/arm-none-eabi/5.3.1/../../../../arm-none-eabi/lib/armv7e-m\libm.a(lib_a-s_atan.o)
                0x00406140                atan
 .text.fabs     0x0040647c        0x8 c:/program files (x86)/atmel/studio/7.0/toolchain/arm/arm-gnu-toolchain/bin/../lib/gcc/arm-none-eabi/5.3.1/../../../../arm-none-eabi/lib/armv7e-m\libm.a(lib_a-s_fabs.o)
                0x0040647c                fabs
 *fill*         0x00406484        0x4 
 .text.floor    0x00406488      0x110 c:/program files (x86)/atmel/studio/7.0/toolchain/arm/arm-gnu-toolchain/bin/../lib/gcc/arm-none-eabi/5.3.1/../../../../arm-none-eabi/lib/armv7e-m\libm.a(lib_a-s_floor.o)
                0x00406488                floor
 .text.matherr  0x00406598        0x4 c:/program files (x86)/atmel/studio/7.0/toolchain/arm/arm-gnu-toolchain/bin/../lib/gcc/arm-none-eabi/5.3.1/../../../../arm-none-eabi/lib/armv7e-m\libm.a(lib_a-s_matherr.o)
                0x00406598                matherr
 .text.nan      0x0040659c        0xc c:/program files (x86)/atmel/studio/7.0/toolchain/arm/arm-gnu-toolchain/bin/../lib/gcc/arm-none-eabi/5.3.1/../../../../arm-none-eabi/lib/armv7e-m\libm.a(lib_a-s_nan.o)
                0x0040659c                nan
 .text.scalbn   0x004065a8       0xfc c:/program files (x86)/atmel/studio/7.0/toolchain/arm/arm-gnu-toolchain/bin/../lib/gcc/arm-none-eabi/5.3.1/../../../../arm-none-eabi/lib/armv7e-m\libm.a(lib_a-s_scalbn.o)
                0x004065a8                scalbn
 .text.copysign
                0x004066a4       0x10 c:/program files (x86)/atmel/studio/7.0/toolchain/arm/arm-gnu-toolchain/bin/../lib/gcc/arm-none-eabi/5.3.1/../../../../arm-none-eabi/lib/armv7e-m\libm.a(lib_a-s_copysign.o)
                0x004066a4                copysign
 .text          0x004066b4      0x370 c:/program files (x86)/atmel/studio/7.0/toolchain/arm/arm-gnu-toolchain/bin/../lib/gcc/arm-none-eabi/5.3.1/armv7e-m\libgcc.a(_arm_addsubdf3.o)
                0x004066b4                __aeabi_drsub
                0x004066bc                __aeabi_dsub
                0x004066bc                __subdf3
                0x004066c0                __aeabi_dadd
                0x004066c0                __adddf3
                0x00406938                __floatunsidf
                0x00406938                __aeabi_ui2d
                0x00406958                __floatsidf
                0x00406958                __aeabi_i2d
                0x0040697c                __aeabi_f2d
                0x0040697c                __extendsfdf2
                0x004069b8                __floatundidf
                0x004069b8                __aeabi_ul2d
                0x004069c8                __floatdidf
                0x004069c8                __aeabi_l2d
 .text          0x00406a24      0x424 c:/program files (x86)/atmel/studio/7.0/toolchain/arm/arm-gnu-toolchain/bin/../lib/gcc/arm-none-eabi/5.3.1/armv7e-m\libgcc.a(_arm_muldivdf3.o)
                0x00406a24                __aeabi_dmul
                0x00406a24                __muldf3
                0x00406c78                __divdf3
                0x00406c78                __aeabi_ddiv
 .text          0x00406e48      0x110 c:/program files (x86)/atmel/studio/7.0/toolchain/arm/arm-gnu-toolchain/bin/../lib/gcc/arm-none-eabi/5.3.1/armv7e-m\libgcc.a(_arm_cmpdf2.o)
                0x00406e48                __gtdf2
                0x00406e48                __gedf2
                0x00406e50                __ltdf2
                0x00406e50                __ledf2
                0x00406e58                __nedf2
                0x00406e58                __eqdf2
                0x00406e58                __cmpdf2
                0x00406ed4                __aeabi_cdrcmple
                0x00406ee4                __aeabi_cdcmpeq
                0x00406ee4                __aeabi_cdcmple
                0x00406ef4                __aeabi_dcmpeq
                0x00406f08                __aeabi_dcmplt
                0x00406f1c                __aeabi_dcmple
                0x00406f30                __aeabi_dcmpge
                0x00406f44                __aeabi_dcmpgt
 .text          0x00406f58       0x2c c:/program files (x86)/atmel/studio/7.0/toolchain/arm/arm-gnu-toolchain/bin/../lib/gcc/arm-none-eabi/5.3.1/armv7e-m\libgcc.a(_arm_unorddf2.o)
                0x00406f58                __unorddf2
                0x00406f58                __aeabi_dcmpun
 .text          0x00406f84       0x50 c:/program files (x86)/atmel/studio/7.0/toolchain/arm/arm-gnu-toolchain/bin/../lib/gcc/arm-none-eabi/5.3.1/armv7e-m\libgcc.a(_arm_fixdfsi.o)
                0x00406f84                __aeabi_d2iz
                0x00406f84                __fixdfsi
 .text          0x00406fd4       0xa0 c:/program files (x86)/atmel/studio/7.0/toolchain/arm/arm-gnu-toolchain/bin/../lib/gcc/arm-none-eabi/5.3.1/armv7e-m\libgcc.a(_arm_truncdfsf2.o)
                0x00406fd4                __truncdfsf2
                0x00406fd4                __aeabi_d2f
 .text          0x00407074      0x21c c:/program files (x86)/atmel/studio/7.0/toolchain/arm/arm-gnu-toolchain/bin/../lib/gcc/arm-none-eabi/5.3.1/armv7e-m\libgcc.a(_arm_addsubsf3.o)
                0x00407074                __aeabi_frsub
                0x0040707c                __subsf3
                0x0040707c                __aeabi_fsub
                0x00407080                __aeabi_fadd
                0x00407080                __addsf3
                0x004071e0                __aeabi_ui2f
                0x004071e0                __floatunsisf
                0x004071e8                __aeabi_i2f
                0x004071e8                __floatsisf
                0x00407204                __aeabi_ul2f
                0x00407204                __floatundisf
                0x00407214                __aeabi_l2f
                0x00407214                __floatdisf
 .text          0x00407290      0x2a0 c:/program files (x86)/atmel/studio/7.0/toolchain/arm/arm-gnu-toolchain/bin/../lib/gcc/arm-none-eabi/5.3.1/armv7e-m\libgcc.a(_arm_muldivsf3.o)
                0x00407290                __mulsf3
                0x00407290                __aeabi_fmul
                0x004073f8                __aeabi_fdiv
                0x004073f8                __divsf3
 .text          0x00407530       0xec c:/program files (x86)/atmel/studio/7.0/toolchain/arm/arm-gnu-toolchain/bin/../lib/gcc/arm-none-eabi/5.3.1/armv7e-m\libgcc.a(_arm_cmpsf2.o)
                0x00407530                __gesf2
                0x00407530                __gtsf2
                0x00407538                __lesf2
                0x00407538                __ltsf2
                0x00407540                __nesf2
                0x00407540                __eqsf2
                0x00407540                __cmpsf2
                0x004075a0                __aeabi_cfrcmple
                0x004075a8                __aeabi_cfcmpeq
                0x004075a8                __aeabi_cfcmple
                0x004075b8                __aeabi_fcmpeq
                0x004075cc                __aeabi_fcmplt
                0x004075e0                __aeabi_fcmple
                0x004075f4                __aeabi_fcmpge
                0x00407608                __aeabi_fcmpgt
 .text          0x0040761c       0x4c c:/program files (x86)/atmel/studio/7.0/toolchain/arm/arm-gnu-toolchain/bin/../lib/gcc/arm-none-eabi/5.3.1/armv7e-m\libgcc.a(_arm_fixsfsi.o)
                0x0040761c                __aeabi_f2iz
                0x0040761c                __fixsfsi
 .text.__errno  0x00407668        0xc c:/program files (x86)/atmel/studio/7.0/toolchain/arm/arm-gnu-toolchain/bin/../lib/gcc/arm-none-eabi/5.3.1/../../../../arm-none-eabi/lib/armv7e-m\libc.a(lib_a-errno.o)
                0x00407668                __errno
 .text.__libc_init_array
                0x00407674       0x50 c:/program files (x86)/atmel/studio/7.0/toolchain/arm/arm-gnu-toolchain/bin/../lib/gcc/arm-none-eabi/5.3.1/../../../../arm-none-eabi/lib/armv7e-m\libc.a(lib_a-init.o)
                0x00407674                __libc_init_array
 .text.memcmp   0x004076c4       0x64 c:/program files (x86)/atmel/studio/7.0/toolchain/arm/arm-gnu-toolchain/bin/../lib/gcc/arm-none-eabi/5.3.1/../../../../arm-none-eabi/lib/armv7e-m\libc.a(lib_a-memcmp.o)
                0x004076c4                memcmp
 .text          0x00407728      0x134 c:/program files (x86)/atmel/studio/7.0/toolchain/arm/arm-gnu-toolchain/bin/../lib/gcc/arm-none-eabi/5.3.1/../../../../arm-none-eabi/lib/armv7e-m\libc.a(lib_a-memcpy.o)
                0x00407728                memcpy
 .text.memset   0x0040785c       0x9c c:/program files (x86)/atmel/studio/7.0/toolchain/arm/arm-gnu-toolchain/bin/../lib/gcc/arm-none-eabi/5.3.1/../../../../arm-none-eabi/lib/armv7e-m\libc.a(lib_a-memset.o)
                0x0040785c                memset
 .text.strncpy  0x004078f8       0x68 c:/program files (x86)/atmel/studio/7.0/toolchain/arm/arm-gnu-toolchain/bin/../lib/gcc/arm-none-eabi/5.3.1/../../../../arm-none-eabi/lib/armv7e-m\libc.a(lib_a-strncpy.o)
                0x004078f8                strncpy
 .text.startup.register_fini
                0x00407960       0x14 c:/program files (x86)/atmel/studio/7.0/toolchain/arm/arm-gnu-toolchain/bin/../lib/gcc/arm-none-eabi/5.3.1/../../../../arm-none-eabi/lib/armv7e-m\libc.a(lib_a-__call_atexit.o)
 .text.atexit   0x00407974        0xc c:/program files (x86)/atmel/studio/7.0/toolchain/arm/arm-gnu-toolchain/bin/../lib/gcc/arm-none-eabi/5.3.1/../../../../arm-none-eabi/lib/armv7e-m\libc.a(lib_a-atexit.o)
                0x00407974                atexit
 .text.__libc_fini_array
                0x00407980       0x28 c:/program files (x86)/atmel/studio/7.0/toolchain/arm/arm-gnu-toolchain/bin/../lib/gcc/arm-none-eabi/5.3.1/../../../../arm-none-eabi/lib/armv7e-m\libc.a(lib_a-fini.o)
                0x00407980                __libc_fini_array
 .text.__register_exitproc
                0x004079a8       0xa4 c:/program files (x86)/atmel/studio/7.0/toolchain/arm/arm-gnu-toolchain/bin/../lib/gcc/arm-none-eabi/5.3.1/../../../../arm-none-eabi/lib/armv7e-m\libc.a(lib_a-__atexit.o)
                0x004079a8                __register_exitproc
 *(.glue_7t)
 .glue_7t       0x00407a4c        0x0 linker stubs
 *(.glue_7)
 .glue_7        0x00407a4c        0x0 linker stubs
 *(.rodata .rodata* .gnu.linkonce.r.*)
 .rodata        0x00407a4c       0x18 src/rs485pdc.o
 .rodata.all_twi_definitions
                0x00407a64       0x20 src/ASF/common/services/freertos/sam/freertos_twi_master.o
 .rodata.all_usart_definitions
                0x00407a84       0x20 src/ASF/common/services/freertos/sam/freertos_usart_serial.o
 .rodata.ucExpectedStackBytes.6087
                0x00407aa4       0x14 src/ASF/thirdparty/freertos/freertos-7.3.0/source/tasks.o
 .rodata.str1.1
                0x00407ab8        0x5 src/ASF/thirdparty/freertos/freertos-7.3.0/source/tasks.o
 .rodata.str1.1
                0x00407abd        0x8 src/ASF/thirdparty/freertos/freertos-7.3.0/source/timers.o
 .rodata.str1.1
                0x00407ac5        0xf src/main.o
 .rodata.str1.4
                0x00407ad4        0x5 c:/program files (x86)/atmel/studio/7.0/toolchain/arm/arm-gnu-toolchain/bin/../lib/gcc/arm-none-eabi/5.3.1/../../../../arm-none-eabi/lib/armv7e-m\libm.a(lib_a-w_acos.o)
                                  0x9 (size before relaxing)
 *fill*         0x00407ad9        0x3 
 .rodata.str1.4
                0x00407adc        0x5 c:/program files (x86)/atmel/studio/7.0/toolchain/arm/arm-gnu-toolchain/bin/../lib/gcc/arm-none-eabi/5.3.1/../../../../arm-none-eabi/lib/armv7e-m\libm.a(lib_a-w_asin.o)
                                  0x9 (size before relaxing)
 *fill*         0x00407ae1        0x3 
 .rodata.str1.4
                0x00407ae4        0x5 c:/program files (x86)/atmel/studio/7.0/toolchain/arm/arm-gnu-toolchain/bin/../lib/gcc/arm-none-eabi/5.3.1/../../../../arm-none-eabi/lib/armv7e-m\libm.a(lib_a-w_sqrt.o)
 *fill*         0x00407ae9        0x3 
 .rodata.npio2_hw
                0x00407aec       0x80 c:/program files (x86)/atmel/studio/7.0/toolchain/arm/arm-gnu-toolchain/bin/../lib/gcc/arm-none-eabi/5.3.1/../../../../arm-none-eabi/lib/armv7e-m\libm.a(lib_a-e_rem_pio2.o)
 .rodata.two_over_pi
                0x00407b6c      0x108 c:/program files (x86)/atmel/studio/7.0/toolchain/arm/arm-gnu-toolchain/bin/../lib/gcc/arm-none-eabi/5.3.1/../../../../arm-none-eabi/lib/armv7e-m\libm.a(lib_a-e_rem_pio2.o)
 .rodata.init_jk
                0x00407c74       0x10 c:/program files (x86)/atmel/studio/7.0/toolchain/arm/arm-gnu-toolchain/bin/../lib/gcc/arm-none-eabi/5.3.1/../../../../arm-none-eabi/lib/armv7e-m\libm.a(lib_a-k_rem_pio2.o)
 *fill*         0x00407c84        0x4 
 .rodata.PIo2   0x00407c88       0x40 c:/program files (x86)/atmel/studio/7.0/toolchain/arm/arm-gnu-toolchain/bin/../lib/gcc/arm-none-eabi/5.3.1/../../../../arm-none-eabi/lib/armv7e-m\libm.a(lib_a-k_rem_pio2.o)
 .rodata.atanlo
                0x00407cc8       0x20 c:/program files (x86)/atmel/studio/7.0/toolchain/arm/arm-gnu-toolchain/bin/../lib/gcc/arm-none-eabi/5.3.1/../../../../arm-none-eabi/lib/armv7e-m\libm.a(lib_a-s_atan.o)
 .rodata.atanhi
                0x00407ce8       0x20 c:/program files (x86)/atmel/studio/7.0/toolchain/arm/arm-gnu-toolchain/bin/../lib/gcc/arm-none-eabi/5.3.1/../../../../arm-none-eabi/lib/armv7e-m\libm.a(lib_a-s_atan.o)
 .rodata.str1.4
                0x00407d08        0x4 c:/program files (x86)/atmel/studio/7.0/toolchain/arm/arm-gnu-toolchain/bin/../lib/gcc/arm-none-eabi/5.3.1/../../../../arm-none-eabi/lib/armv7e-m\libc.a(lib_a-impure.o)
                                  0x2 (size before relaxing)
 .rodata._global_impure_ptr
                0x00407d0c        0x4 c:/program files (x86)/atmel/studio/7.0/toolchain/arm/arm-gnu-toolchain/bin/../lib/gcc/arm-none-eabi/5.3.1/../../../../arm-none-eabi/lib/armv7e-m\libc.a(lib_a-impure.o)
                0x00407d0c                _global_impure_ptr
 *(.ARM.extab* .gnu.linkonce.armextab.*)
                0x00407d10                . = ALIGN (0x4)
 *(.init)
 .init          0x00407d10        0x4 c:/program files (x86)/atmel/studio/7.0/toolchain/arm/arm-gnu-toolchain/bin/../lib/gcc/arm-none-eabi/5.3.1/armv7e-m/crti.o
                0x00407d10                _init
 .init          0x00407d14        0x8 c:/program files (x86)/atmel/studio/7.0/toolchain/arm/arm-gnu-toolchain/bin/../lib/gcc/arm-none-eabi/5.3.1/armv7e-m/crtn.o
                0x00407d1c                . = ALIGN (0x4)
                0x00407d1c                __preinit_array_start = .
 *(.preinit_array)
                0x00407d1c                __preinit_array_end = .
                0x00407d1c                . = ALIGN (0x4)
                0x00407d1c                __init_array_start = .
 *(SORT(.init_array.*))
 .init_array.00000
                0x00407d1c        0x4 c:/program files (x86)/atmel/studio/7.0/toolchain/arm/arm-gnu-toolchain/bin/../lib/gcc/arm-none-eabi/5.3.1/../../../../arm-none-eabi/lib/armv7e-m\libc.a(lib_a-__call_atexit.o)
 *(.init_array)
 .init_array    0x00407d20        0x4 c:/program files (x86)/atmel/studio/7.0/toolchain/arm/arm-gnu-toolchain/bin/../lib/gcc/arm-none-eabi/5.3.1/armv7e-m/crtbegin.o
                0x00407d24                __init_array_end = .
                0x00407d24                . = ALIGN (0x4)
 *crtbegin.o(.ctors)
 *(EXCLUDE_FILE(*crtend.o) .ctors)
 *(SORT(.ctors.*))
 *crtend.o(.ctors)
                0x00407d24                . = ALIGN (0x4)
 *(.fini)
 .fini          0x00407d24        0x4 c:/program files (x86)/atmel/studio/7.0/toolchain/arm/arm-gnu-toolchain/bin/../lib/gcc/arm-none-eabi/5.3.1/armv7e-m/crti.o
                0x00407d24                _fini
 .fini          0x00407d28        0x8 c:/program files (x86)/atmel/studio/7.0/toolchain/arm/arm-gnu-toolchain/bin/../lib/gcc/arm-none-eabi/5.3.1/armv7e-m/crtn.o
                0x00407d30                . = ALIGN (0x4)
                0x00407d30                __fini_array_start = .
 *(.fini_array)
 .fini_array    0x00407d30        0x4 c:/program files (x86)/atmel/studio/7.0/toolchain/arm/arm-gnu-toolchain/bin/../lib/gcc/arm-none-eabi/5.3.1/armv7e-m/crtbegin.o
 *(SORT(.fini_array.*))
                0x00407d34                __fini_array_end = .
 *crtbegin.o(.dtors)
 *(EXCLUDE_FILE(*crtend.o) .dtors)
 *(SORT(.dtors.*))
 *crtend.o(.dtors)
                0x00407d34                . = ALIGN (0x4)
                0x00407d34                _efixed = .
                [!provide]                PROVIDE (__exidx_start, .)

.vfp11_veneer   0x00407d34        0x0
 .vfp11_veneer  0x00407d34        0x0 linker stubs

.v4_bx          0x00407d34        0x0
 .v4_bx         0x00407d34        0x0 linker stubs

.iplt           0x00407d34        0x0
 .iplt          0x00407d34        0x0 c:/program files (x86)/atmel/studio/7.0/toolchain/arm/arm-gnu-toolchain/bin/../lib/gcc/arm-none-eabi/5.3.1/armv7e-m/crtbegin.o

.eh_frame       0x00407d34        0x0
 .eh_frame      0x00407d34        0x0 c:/program files (x86)/atmel/studio/7.0/toolchain/arm/arm-gnu-toolchain/bin/../lib/gcc/arm-none-eabi/5.3.1/armv7e-m/crtbegin.o

.rel.dyn        0x00407d34        0x0
 .rel.iplt      0x00407d34        0x0 c:/program files (x86)/atmel/studio/7.0/toolchain/arm/arm-gnu-toolchain/bin/../lib/gcc/arm-none-eabi/5.3.1/armv7e-m/crtbegin.o

.jcr            0x00407d34        0x0
 .jcr           0x00407d34        0x0 c:/program files (x86)/atmel/studio/7.0/toolchain/arm/arm-gnu-toolchain/bin/../lib/gcc/arm-none-eabi/5.3.1/armv7e-m/crtbegin.o

.igot.plt       0x00407d34        0x0
 .igot.plt      0x00407d34        0x0 c:/program files (x86)/atmel/studio/7.0/toolchain/arm/arm-gnu-toolchain/bin/../lib/gcc/arm-none-eabi/5.3.1/armv7e-m/crtbegin.o

.ARM.exidx
 *(.ARM.exidx* .gnu.linkonce.armexidx.*)
                [!provide]                PROVIDE (__exidx_end, .)
                0x00407d34                . = ALIGN (0x4)
                0x00407d34                _etext = .

.relocate       0x20000000      0x464 load address 0x00407d34
                0x20000000                . = ALIGN (0x4)
                0x20000000                _srelocate = .
 *(.ramfunc .ramfunc.*)
 .ramfunc       0x20000000        0xa src/ASF/common/services/delay/sam/cycle_counter.o
                0x20000000                portable_delay_cycles
 *(.data .data.*)
 *fill*         0x2000000a        0x2 
 .data.timeZone
                0x2000000c        0x4 src/PvTracker.o
                0x2000000c                timeZone
 .data.dist     0x20000010        0x4 src/PvTracker.o
                0x20000010                dist
 .data.pvAngleRng
                0x20000014        0x4 src/PvTracker.o
                0x20000014                pvAngleRng
 .data.lat      0x20000018        0x4 src/PvTracker.o
                0x20000018                lat
 .data.lon      0x2000001c        0x4 src/PvTracker.o
                0x2000001c                lon
 .data.width    0x20000020        0x4 src/PvTracker.o
                0x20000020                width
 .data.SystemCoreClock
                0x20000024        0x4 src/ASF/sam/utils/cmsis/sam4s/source/templates/system_sam4s.o
                0x20000024                SystemCoreClock
 .data.uxCriticalNesting
                0x20000028        0x4 src/ASF/thirdparty/freertos/freertos-7.3.0/source/portable/gcc/sam/port.o
 .data.xFreeBytesRemaining
                0x2000002c        0x4 src/ASF/thirdparty/freertos/freertos-7.3.0/source/portable/memmang/heap_4.o
 .data.xNextTaskUnblockTime
                0x20000030        0x4 src/ASF/thirdparty/freertos/freertos-7.3.0/source/tasks.o
 .data.slaveAddr
                0x20000034        0x1 src/CommInterface.o
                0x20000034                slaveAddr
 .data.__fdlib_version
                0x20000035        0x1 c:/program files (x86)/atmel/studio/7.0/toolchain/arm/arm-gnu-toolchain/bin/../lib/gcc/arm-none-eabi/5.3.1/../../../../arm-none-eabi/lib/armv7e-m\libm.a(lib_a-s_lib_ver.o)
                0x20000035                __fdlib_version
 *fill*         0x20000036        0x2 
 .data.impure_data
                0x20000038      0x428 c:/program files (x86)/atmel/studio/7.0/toolchain/arm/arm-gnu-toolchain/bin/../lib/gcc/arm-none-eabi/5.3.1/../../../../arm-none-eabi/lib/armv7e-m\libc.a(lib_a-impure.o)
 .data._impure_ptr
                0x20000460        0x4 c:/program files (x86)/atmel/studio/7.0/toolchain/arm/arm-gnu-toolchain/bin/../lib/gcc/arm-none-eabi/5.3.1/../../../../arm-none-eabi/lib/armv7e-m\libc.a(lib_a-impure.o)
                0x20000460                _impure_ptr
                0x20000464                . = ALIGN (0x4)
                0x20000464                _erelocate = .

.bss            0x20000468     0x22c4 load address 0x004081a0
                0x20000468                . = ALIGN (0x4)
                0x20000468                _sbss = .
                0x20000468                _szero = .
 *(.bss .bss.*)
 .bss           0x20000468       0x1c c:/program files (x86)/atmel/studio/7.0/toolchain/arm/arm-gnu-toolchain/bin/../lib/gcc/arm-none-eabi/5.3.1/armv7e-m/crtbegin.o
 .bss.mBusRegs  0x20000484       0x4c src/mbusStack.o
                0x20000484                mBusRegs
 .bss.bkTrkFlg  0x200004d0        0x1 src/PvTracker.o
                0x200004d0                bkTrkFlg
 .bss.minCtr    0x200004d1        0x1 src/PvTracker.o
                0x200004d1                minCtr
 *fill*         0x200004d2        0x2 
 .bss.rx_dma_control
                0x200004d4       0x10 src/ASF/common/services/freertos/sam/freertos_twi_master.o
 .bss.twis      0x200004e4       0x10 src/ASF/common/services/freertos/sam/freertos_twi_master.o
 .bss.tx_dma_control
                0x200004f4       0x10 src/ASF/common/services/freertos/sam/freertos_twi_master.o
 .bss.rx_buffer_definitions
                0x20000504       0x38 src/ASF/common/services/freertos/sam/freertos_usart_serial.o
 .bss.tx_dma_control
                0x2000053c       0x10 src/ASF/common/services/freertos/sam/freertos_usart_serial.o
 .bss.ul_reg_val.7456
                0x2000054c        0x4 src/ASF/sam/drivers/usart/usart.o
 .bss.gs_ul_nb_sources
                0x20000550        0x4 src/ASF/sam/drivers/pio/pio_handler.o
 .bss.pio_capture_handler
                0x20000554        0x4 src/ASF/sam/drivers/pio/pio_handler.o
 .bss.gs_interrupt_sources
                0x20000558       0x70 src/ASF/sam/drivers/pio/pio_handler.o
 .bss.xHeap     0x200005c8     0x2000 src/ASF/thirdparty/freertos/freertos-7.3.0/source/portable/memmang/heap_4.o
 .bss.pxEnd     0x200025c8        0x4 src/ASF/thirdparty/freertos/freertos-7.3.0/source/portable/memmang/heap_4.o
 .bss.xStart    0x200025cc        0x8 src/ASF/thirdparty/freertos/freertos-7.3.0/source/portable/memmang/heap_4.o
 .bss.uxMissedTicks
                0x200025d4        0x4 src/ASF/thirdparty/freertos/freertos-7.3.0/source/tasks.o
 .bss.xSuspendedTaskList
                0x200025d8       0x14 src/ASF/thirdparty/freertos/freertos-7.3.0/source/tasks.o
 .bss.pxDelayedTaskList
                0x200025ec        0x4 src/ASF/thirdparty/freertos/freertos-7.3.0/source/tasks.o
 .bss.xSchedulerRunning
                0x200025f0        0x4 src/ASF/thirdparty/freertos/freertos-7.3.0/source/tasks.o
 .bss.uxTasksDeleted
                0x200025f4        0x4 src/ASF/thirdparty/freertos/freertos-7.3.0/source/tasks.o
 .bss.xTasksWaitingTermination
                0x200025f8       0x14 src/ASF/thirdparty/freertos/freertos-7.3.0/source/tasks.o
 .bss.xDelayedTaskList2
                0x2000260c       0x14 src/ASF/thirdparty/freertos/freertos-7.3.0/source/tasks.o
 .bss.pxReadyTasksLists
                0x20002620       0x64 src/ASF/thirdparty/freertos/freertos-7.3.0/source/tasks.o
 .bss.uxSchedulerSuspended
                0x20002684        0x4 src/ASF/thirdparty/freertos/freertos-7.3.0/source/tasks.o
 .bss.xNumOfOverflows
                0x20002688        0x4 src/ASF/thirdparty/freertos/freertos-7.3.0/source/tasks.o
 .bss.pxCurrentTCB
                0x2000268c        0x4 src/ASF/thirdparty/freertos/freertos-7.3.0/source/tasks.o
                0x2000268c                pxCurrentTCB
 .bss.xPendingReadyList
                0x20002690       0x14 src/ASF/thirdparty/freertos/freertos-7.3.0/source/tasks.o
 .bss.xTickCount
                0x200026a4        0x4 src/ASF/thirdparty/freertos/freertos-7.3.0/source/tasks.o
 .bss.pxOverflowDelayedTaskList
                0x200026a8        0x4 src/ASF/thirdparty/freertos/freertos-7.3.0/source/tasks.o
 .bss.uxTopReadyPriority
                0x200026ac        0x4 src/ASF/thirdparty/freertos/freertos-7.3.0/source/tasks.o
 .bss.uxTaskNumber
                0x200026b0        0x4 src/ASF/thirdparty/freertos/freertos-7.3.0/source/tasks.o
 .bss.xDelayedTaskList1
                0x200026b4       0x14 src/ASF/thirdparty/freertos/freertos-7.3.0/source/tasks.o
 .bss.xMissedYield
                0x200026c8        0x4 src/ASF/thirdparty/freertos/freertos-7.3.0/source/tasks.o
 .bss.uxCurrentNumberOfTasks
                0x200026cc        0x4 src/ASF/thirdparty/freertos/freertos-7.3.0/source/tasks.o
 .bss.uxTopUsedPriority
                0x200026d0        0x4 src/ASF/thirdparty/freertos/freertos-7.3.0/source/tasks.o
 .bss.pxCurrentTimerList
                0x200026d4        0x4 src/ASF/thirdparty/freertos/freertos-7.3.0/source/timers.o
 .bss.xActiveTimerList1
                0x200026d8       0x14 src/ASF/thirdparty/freertos/freertos-7.3.0/source/timers.o
 .bss.xActiveTimerList2
                0x200026ec       0x14 src/ASF/thirdparty/freertos/freertos-7.3.0/source/timers.o
 .bss.xLastTime.4590
                0x20002700        0x4 src/ASF/thirdparty/freertos/freertos-7.3.0/source/timers.o
 .bss.xTimerQueue
                0x20002704        0x4 src/ASF/thirdparty/freertos/freertos-7.3.0/source/timers.o
 .bss.pxOverflowTimerList
                0x20002708        0x4 src/ASF/thirdparty/freertos/freertos-7.3.0/source/timers.o
 *(COMMON)
 COMMON         0x2000270c        0x4 src/mbusStack.o
                0x2000270c                writeFunc
 COMMON         0x20002710        0xc src/PvTracker.o
                0x20002710                twiPort
                0x20002714                bkTrkParam1
                0x20002718                bkTrkParam2
 COMMON         0x2000271c        0xc src/rs485pdc.o
                0x2000271c                rs485PdcBase
                0x20002720                rs485PdcPkt
 COMMON         0x20002728        0x4 src/ASF/sam/drivers/pio/pio.o
                0x20002728                pio_capture_enable_flag
                0x2000272c                . = ALIGN (0x4)
                0x2000272c                _ebss = .
                0x2000272c                _ezero = .

.stack          0x2000272c     0x3004 load address 0x0040a464
                0x20002730                . = ALIGN (0x8)
 *fill*         0x2000272c        0x4 
                0x20002730                _sstack = .
                0x20005730                . = (. + __stack_size__)
 *fill*         0x20002730     0x3000 
                0x20005730                . = ALIGN (0x8)
                0x20005730                _estack = .
                0x20005730                . = ALIGN (0x4)
                0x20005730                _end = .
OUTPUT(SAMSEPTRKR.elf elf32-littlearm)

.ARM.attributes
                0x00000000       0x2a
 .ARM.attributes
                0x00000000       0x1e c:/program files (x86)/atmel/studio/7.0/toolchain/arm/arm-gnu-toolchain/bin/../lib/gcc/arm-none-eabi/5.3.1/armv7e-m/crti.o
 .ARM.attributes
                0x0000001e       0x2e c:/program files (x86)/atmel/studio/7.0/toolchain/arm/arm-gnu-toolchain/bin/../lib/gcc/arm-none-eabi/5.3.1/armv7e-m/crtbegin.o
 .ARM.attributes
                0x0000004c       0x33 src/AT24C08.o
 .ARM.attributes
                0x0000007f       0x33 src/DS3231.o
 .ARM.attributes
                0x000000b2       0x33 src/ICM20648.o
 .ARM.attributes
                0x000000e5       0x33 src/mbusStack.o
 .ARM.attributes
                0x00000118       0x33 src/PvTracker.o
 .ARM.attributes
                0x0000014b       0x33 src/rs485pdc.o
 .ARM.attributes
                0x0000017e       0x33 src/ASF/common/services/freertos/sam/freertos_twi_master.o
 .ARM.attributes
                0x000001b1       0x33 src/ASF/common/services/freertos/sam/freertos_usart_serial.o
 .ARM.attributes
                0x000001e4       0x33 src/ASF/sam/drivers/pdc/pdc.o
 .ARM.attributes
                0x00000217       0x33 src/ASF/sam/drivers/twi/twi.o
 .ARM.attributes
                0x0000024a       0x33 src/ASF/sam/drivers/usart/usart.o
 .ARM.attributes
                0x0000027d       0x33 src/ASF/common/boards/user_board/init.o
 .ARM.attributes
                0x000002b0       0x33 src/ASF/common/services/clock/sam4s/sysclk.o
 .ARM.attributes
                0x000002e3       0x33 src/ASF/common/services/delay/sam/cycle_counter.o
 .ARM.attributes
                0x00000316       0x33 src/ASF/sam/drivers/pio/pio.o
 .ARM.attributes
                0x00000349       0x33 src/ASF/sam/drivers/pio/pio_handler.o
 .ARM.attributes
                0x0000037c       0x33 src/ASF/sam/drivers/pmc/pmc.o
 .ARM.attributes
                0x000003af       0x33 src/ASF/sam/utils/cmsis/sam4s/source/templates/gcc/startup_sam4s.o
 .ARM.attributes
                0x000003e2       0x33 src/ASF/sam/utils/cmsis/sam4s/source/templates/system_sam4s.o
 .ARM.attributes
                0x00000415       0x33 src/ASF/thirdparty/freertos/freertos-7.3.0/source/list.o
 .ARM.attributes
                0x00000448       0x33 src/ASF/thirdparty/freertos/freertos-7.3.0/source/portable/gcc/sam/port.o
 .ARM.attributes
                0x0000047b       0x33 src/ASF/thirdparty/freertos/freertos-7.3.0/source/portable/memmang/heap_4.o
 .ARM.attributes
                0x000004ae       0x33 src/ASF/thirdparty/freertos/freertos-7.3.0/source/queue.o
 .ARM.attributes
                0x000004e1       0x33 src/ASF/thirdparty/freertos/freertos-7.3.0/source/tasks.o
 .ARM.attributes
                0x00000514       0x33 src/ASF/thirdparty/freertos/freertos-7.3.0/source/timers.o
 .ARM.attributes
                0x00000547       0x33 src/CommInterface.o
 .ARM.attributes
                0x0000057a       0x33 src/main.o
 .ARM.attributes
                0x000005ad       0x2e c:/program files (x86)/atmel/studio/7.0/toolchain/arm/arm-gnu-toolchain/bin/../lib/gcc/arm-none-eabi/5.3.1/../../../../arm-none-eabi/lib/armv7e-m\libm.a(lib_a-s_cos.o)
 .ARM.attributes
                0x000005db       0x2e c:/program files (x86)/atmel/studio/7.0/toolchain/arm/arm-gnu-toolchain/bin/../lib/gcc/arm-none-eabi/5.3.1/../../../../arm-none-eabi/lib/armv7e-m\libm.a(lib_a-s_sin.o)
 .ARM.attributes
                0x00000609       0x2e c:/program files (x86)/atmel/studio/7.0/toolchain/arm/arm-gnu-toolchain/bin/../lib/gcc/arm-none-eabi/5.3.1/../../../../arm-none-eabi/lib/armv7e-m\libm.a(lib_a-s_tan.o)
 .ARM.attributes
                0x00000637       0x2e c:/program files (x86)/atmel/studio/7.0/toolchain/arm/arm-gnu-toolchain/bin/../lib/gcc/arm-none-eabi/5.3.1/../../../../arm-none-eabi/lib/armv7e-m\libm.a(lib_a-w_acos.o)
 .ARM.attributes
                0x00000665       0x2e c:/program files (x86)/atmel/studio/7.0/toolchain/arm/arm-gnu-toolchain/bin/../lib/gcc/arm-none-eabi/5.3.1/../../../../arm-none-eabi/lib/armv7e-m\libm.a(lib_a-w_asin.o)
 .ARM.attributes
                0x00000693       0x2e c:/program files (x86)/atmel/studio/7.0/toolchain/arm/arm-gnu-toolchain/bin/../lib/gcc/arm-none-eabi/5.3.1/../../../../arm-none-eabi/lib/armv7e-m\libm.a(lib_a-w_atan2.o)
 .ARM.attributes
                0x000006c1       0x2e c:/program files (x86)/atmel/studio/7.0/toolchain/arm/arm-gnu-toolchain/bin/../lib/gcc/arm-none-eabi/5.3.1/../../../../arm-none-eabi/lib/armv7e-m\libm.a(lib_a-w_sqrt.o)
 .ARM.attributes
                0x000006ef       0x2e c:/program files (x86)/atmel/studio/7.0/toolchain/arm/arm-gnu-toolchain/bin/../lib/gcc/arm-none-eabi/5.3.1/../../../../arm-none-eabi/lib/armv7e-m\libm.a(lib_a-e_acos.o)
 .ARM.attributes
                0x0000071d       0x2e c:/program files (x86)/atmel/studio/7.0/toolchain/arm/arm-gnu-toolchain/bin/../lib/gcc/arm-none-eabi/5.3.1/../../../../arm-none-eabi/lib/armv7e-m\libm.a(lib_a-e_asin.o)
 .ARM.attributes
                0x0000074b       0x2e c:/program files (x86)/atmel/studio/7.0/toolchain/arm/arm-gnu-toolchain/bin/../lib/gcc/arm-none-eabi/5.3.1/../../../../arm-none-eabi/lib/armv7e-m\libm.a(lib_a-e_atan2.o)
 .ARM.attributes
                0x00000779       0x2e c:/program files (x86)/atmel/studio/7.0/toolchain/arm/arm-gnu-toolchain/bin/../lib/gcc/arm-none-eabi/5.3.1/../../../../arm-none-eabi/lib/armv7e-m\libm.a(lib_a-e_rem_pio2.o)
 .ARM.attributes
                0x000007a7       0x2e c:/program files (x86)/atmel/studio/7.0/toolchain/arm/arm-gnu-toolchain/bin/../lib/gcc/arm-none-eabi/5.3.1/../../../../arm-none-eabi/lib/armv7e-m\libm.a(lib_a-e_sqrt.o)
 .ARM.attributes
                0x000007d5       0x2e c:/program files (x86)/atmel/studio/7.0/toolchain/arm/arm-gnu-toolchain/bin/../lib/gcc/arm-none-eabi/5.3.1/../../../../arm-none-eabi/lib/armv7e-m\libm.a(lib_a-k_cos.o)
 .ARM.attributes
                0x00000803       0x2e c:/program files (x86)/atmel/studio/7.0/toolchain/arm/arm-gnu-toolchain/bin/../lib/gcc/arm-none-eabi/5.3.1/../../../../arm-none-eabi/lib/armv7e-m\libm.a(lib_a-k_rem_pio2.o)
 .ARM.attributes
                0x00000831       0x2e c:/program files (x86)/atmel/studio/7.0/toolchain/arm/arm-gnu-toolchain/bin/../lib/gcc/arm-none-eabi/5.3.1/../../../../arm-none-eabi/lib/armv7e-m\libm.a(lib_a-k_sin.o)
 .ARM.attributes
                0x0000085f       0x2e c:/program files (x86)/atmel/studio/7.0/toolchain/arm/arm-gnu-toolchain/bin/../lib/gcc/arm-none-eabi/5.3.1/../../../../arm-none-eabi/lib/armv7e-m\libm.a(lib_a-k_tan.o)
 .ARM.attributes
                0x0000088d       0x2e c:/program files (x86)/atmel/studio/7.0/toolchain/arm/arm-gnu-toolchain/bin/../lib/gcc/arm-none-eabi/5.3.1/../../../../arm-none-eabi/lib/armv7e-m\libm.a(lib_a-s_atan.o)
 .ARM.attributes
                0x000008bb       0x2e c:/program files (x86)/atmel/studio/7.0/toolchain/arm/arm-gnu-toolchain/bin/../lib/gcc/arm-none-eabi/5.3.1/../../../../arm-none-eabi/lib/armv7e-m\libm.a(lib_a-s_fabs.o)
 .ARM.attributes
                0x000008e9       0x2e c:/program files (x86)/atmel/studio/7.0/toolchain/arm/arm-gnu-toolchain/bin/../lib/gcc/arm-none-eabi/5.3.1/../../../../arm-none-eabi/lib/armv7e-m\libm.a(lib_a-s_floor.o)
 .ARM.attributes
                0x00000917       0x2e c:/program files (x86)/atmel/studio/7.0/toolchain/arm/arm-gnu-toolchain/bin/../lib/gcc/arm-none-eabi/5.3.1/../../../../arm-none-eabi/lib/armv7e-m\libm.a(lib_a-s_lib_ver.o)
 .ARM.attributes
                0x00000945       0x2e c:/program files (x86)/atmel/studio/7.0/toolchain/arm/arm-gnu-toolchain/bin/../lib/gcc/arm-none-eabi/5.3.1/../../../../arm-none-eabi/lib/armv7e-m\libm.a(lib_a-s_matherr.o)
 .ARM.attributes
                0x00000973       0x2e c:/program files (x86)/atmel/studio/7.0/toolchain/arm/arm-gnu-toolchain/bin/../lib/gcc/arm-none-eabi/5.3.1/../../../../arm-none-eabi/lib/armv7e-m\libm.a(lib_a-s_nan.o)
 .ARM.attributes
                0x000009a1       0x2e c:/program files (x86)/atmel/studio/7.0/toolchain/arm/arm-gnu-toolchain/bin/../lib/gcc/arm-none-eabi/5.3.1/../../../../arm-none-eabi/lib/armv7e-m\libm.a(lib_a-s_scalbn.o)
 .ARM.attributes
                0x000009cf       0x2e c:/program files (x86)/atmel/studio/7.0/toolchain/arm/arm-gnu-toolchain/bin/../lib/gcc/arm-none-eabi/5.3.1/../../../../arm-none-eabi/lib/armv7e-m\libm.a(lib_a-s_copysign.o)
 .ARM.attributes
                0x000009fd       0x1e c:/program files (x86)/atmel/studio/7.0/toolchain/arm/arm-gnu-toolchain/bin/../lib/gcc/arm-none-eabi/5.3.1/armv7e-m\libgcc.a(_arm_addsubdf3.o)
 .ARM.attributes
                0x00000a1b       0x1e c:/program files (x86)/atmel/studio/7.0/toolchain/arm/arm-gnu-toolchain/bin/../lib/gcc/arm-none-eabi/5.3.1/armv7e-m\libgcc.a(_arm_muldivdf3.o)
 .ARM.attributes
                0x00000a39       0x1e c:/program files (x86)/atmel/studio/7.0/toolchain/arm/arm-gnu-toolchain/bin/../lib/gcc/arm-none-eabi/5.3.1/armv7e-m\libgcc.a(_arm_cmpdf2.o)
 .ARM.attributes
                0x00000a57       0x1e c:/program files (x86)/atmel/studio/7.0/toolchain/arm/arm-gnu-toolchain/bin/../lib/gcc/arm-none-eabi/5.3.1/armv7e-m\libgcc.a(_arm_unorddf2.o)
 .ARM.attributes
                0x00000a75       0x1e c:/program files (x86)/atmel/studio/7.0/toolchain/arm/arm-gnu-toolchain/bin/../lib/gcc/arm-none-eabi/5.3.1/armv7e-m\libgcc.a(_arm_fixdfsi.o)
 .ARM.attributes
                0x00000a93       0x1e c:/program files (x86)/atmel/studio/7.0/toolchain/arm/arm-gnu-toolchain/bin/../lib/gcc/arm-none-eabi/5.3.1/armv7e-m\libgcc.a(_arm_truncdfsf2.o)
 .ARM.attributes
                0x00000ab1       0x1e c:/program files (x86)/atmel/studio/7.0/toolchain/arm/arm-gnu-toolchain/bin/../lib/gcc/arm-none-eabi/5.3.1/armv7e-m\libgcc.a(_arm_addsubsf3.o)
 .ARM.attributes
                0x00000acf       0x1e c:/program files (x86)/atmel/studio/7.0/toolchain/arm/arm-gnu-toolchain/bin/../lib/gcc/arm-none-eabi/5.3.1/armv7e-m\libgcc.a(_arm_muldivsf3.o)
 .ARM.attributes
                0x00000aed       0x1e c:/program files (x86)/atmel/studio/7.0/toolchain/arm/arm-gnu-toolchain/bin/../lib/gcc/arm-none-eabi/5.3.1/armv7e-m\libgcc.a(_arm_cmpsf2.o)
 .ARM.attributes
                0x00000b0b       0x1e c:/program files (x86)/atmel/studio/7.0/toolchain/arm/arm-gnu-toolchain/bin/../lib/gcc/arm-none-eabi/5.3.1/armv7e-m\libgcc.a(_arm_fixsfsi.o)
 .ARM.attributes
                0x00000b29       0x2e c:/program files (x86)/atmel/studio/7.0/toolchain/arm/arm-gnu-toolchain/bin/../lib/gcc/arm-none-eabi/5.3.1/../../../../arm-none-eabi/lib/armv7e-m\libc.a(lib_a-errno.o)
 .ARM.attributes
                0x00000b57       0x2e c:/program files (x86)/atmel/studio/7.0/toolchain/arm/arm-gnu-toolchain/bin/../lib/gcc/arm-none-eabi/5.3.1/../../../../arm-none-eabi/lib/armv7e-m\libc.a(lib_a-impure.o)
 .ARM.attributes
                0x00000b85       0x2e c:/program files (x86)/atmel/studio/7.0/toolchain/arm/arm-gnu-toolchain/bin/../lib/gcc/arm-none-eabi/5.3.1/../../../../arm-none-eabi/lib/armv7e-m\libc.a(lib_a-init.o)
 .ARM.attributes
                0x00000bb3       0x2e c:/program files (x86)/atmel/studio/7.0/toolchain/arm/arm-gnu-toolchain/bin/../lib/gcc/arm-none-eabi/5.3.1/../../../../arm-none-eabi/lib/armv7e-m\libc.a(lib_a-memcmp.o)
 .ARM.attributes
                0x00000be1       0x1c c:/program files (x86)/atmel/studio/7.0/toolchain/arm/arm-gnu-toolchain/bin/../lib/gcc/arm-none-eabi/5.3.1/../../../../arm-none-eabi/lib/armv7e-m\libc.a(lib_a-memcpy.o)
 .ARM.attributes
                0x00000bfd       0x2e c:/program files (x86)/atmel/studio/7.0/toolchain/arm/arm-gnu-toolchain/bin/../lib/gcc/arm-none-eabi/5.3.1/../../../../arm-none-eabi/lib/armv7e-m\libc.a(lib_a-memset.o)
 .ARM.attributes
                0x00000c2b       0x2e c:/program files (x86)/atmel/studio/7.0/toolchain/arm/arm-gnu-toolchain/bin/../lib/gcc/arm-none-eabi/5.3.1/../../../../arm-none-eabi/lib/armv7e-m\libc.a(lib_a-strncpy.o)
 .ARM.attributes
                0x00000c59       0x2e c:/program files (x86)/atmel/studio/7.0/toolchain/arm/arm-gnu-toolchain/bin/../lib/gcc/arm-none-eabi/5.3.1/../../../../arm-none-eabi/lib/armv7e-m\libc.a(lib_a-__call_atexit.o)
 .ARM.attributes
                0x00000c87       0x2e c:/program files (x86)/atmel/studio/7.0/toolchain/arm/arm-gnu-toolchain/bin/../lib/gcc/arm-none-eabi/5.3.1/../../../../arm-none-eabi/lib/armv7e-m\libc.a(lib_a-atexit.o)
 .ARM.attributes
                0x00000cb5       0x2e c:/program files (x86)/atmel/studio/7.0/toolchain/arm/arm-gnu-toolchain/bin/../lib/gcc/arm-none-eabi/5.3.1/../../../../arm-none-eabi/lib/armv7e-m\libc.a(lib_a-fini.o)
 .ARM.attributes
                0x00000ce3       0x2e c:/program files (x86)/atmel/studio/7.0/toolchain/arm/arm-gnu-toolchain/bin/../lib/gcc/arm-none-eabi/5.3.1/../../../../arm-none-eabi/lib/armv7e-m\libc.a(lib_a-__atexit.o)
 .ARM.attributes
                0x00000d11       0x1e c:/program files (x86)/atmel/studio/7.0/toolchain/arm/arm-gnu-toolchain/bin/../lib/gcc/arm-none-eabi/5.3.1/armv7e-m/crtn.o

.comment        0x00000000       0x59
 .comment       0x00000000       0x59 src/AT24C08.o
                                 0x5a (size before relaxing)
 .comment       0x00000059       0x5a src/DS3231.o
 .comment       0x00000059       0x5a src/ICM20648.o
 .comment       0x00000059       0x5a src/mbusStack.o
 .comment       0x00000059       0x5a src/PvTracker.o
 .comment       0x00000059       0x5a src/rs485pdc.o
 .comment       0x00000059       0x5a src/ASF/common/services/freertos/sam/freertos_twi_master.o
 .comment       0x00000059       0x5a src/ASF/common/services/freertos/sam/freertos_usart_serial.o
 .comment       0x00000059       0x5a src/ASF/sam/drivers/pdc/pdc.o
 .comment       0x00000059       0x5a src/ASF/sam/drivers/twi/twi.o
 .comment       0x00000059       0x5a src/ASF/sam/drivers/usart/usart.o
 .comment       0x00000059       0x5a src/ASF/common/boards/user_board/init.o
 .comment       0x00000059       0x5a src/ASF/common/services/clock/sam4s/sysclk.o
 .comment       0x00000059       0x5a src/ASF/common/services/delay/sam/cycle_counter.o
 .comment       0x00000059       0x5a src/ASF/sam/drivers/pio/pio.o
 .comment       0x00000059       0x5a src/ASF/sam/drivers/pio/pio_handler.o
 .comment       0x00000059       0x5a src/ASF/sam/drivers/pmc/pmc.o
 .comment       0x00000059       0x5a src/ASF/sam/utils/cmsis/sam4s/source/templates/gcc/startup_sam4s.o
 .comment       0x00000059       0x5a src/ASF/sam/utils/cmsis/sam4s/source/templates/system_sam4s.o
 .comment       0x00000059       0x5a src/ASF/thirdparty/freertos/freertos-7.3.0/source/list.o
 .comment       0x00000059       0x5a src/ASF/thirdparty/freertos/freertos-7.3.0/source/portable/gcc/sam/port.o
 .comment       0x00000059       0x5a src/ASF/thirdparty/freertos/freertos-7.3.0/source/portable/memmang/heap_4.o
 .comment       0x00000059       0x5a src/ASF/thirdparty/freertos/freertos-7.3.0/source/queue.o
 .comment       0x00000059       0x5a src/ASF/thirdparty/freertos/freertos-7.3.0/source/tasks.o
 .comment       0x00000059       0x5a src/ASF/thirdparty/freertos/freertos-7.3.0/source/timers.o
 .comment       0x00000059       0x5a src/CommInterface.o
 .comment       0x00000059       0x5a src/main.o

.debug_frame    0x00000000      0x6ec
 .debug_frame   0x00000000       0x38 c:/program files (x86)/atmel/studio/7.0/toolchain/arm/arm-gnu-toolchain/bin/../lib/gcc/arm-none-eabi/5.3.1/../../../../arm-none-eabi/lib/armv7e-m\libm.a(lib_a-s_cos.o)
 .debug_frame   0x00000038       0x38 c:/program files (x86)/atmel/studio/7.0/toolchain/arm/arm-gnu-toolchain/bin/../lib/gcc/arm-none-eabi/5.3.1/../../../../arm-none-eabi/lib/armv7e-m\libm.a(lib_a-s_sin.o)
 .debug_frame   0x00000070       0x3c c:/program files (x86)/atmel/studio/7.0/toolchain/arm/arm-gnu-toolchain/bin/../lib/gcc/arm-none-eabi/5.3.1/../../../../arm-none-eabi/lib/armv7e-m\libm.a(lib_a-s_tan.o)
 .debug_frame   0x000000ac       0x40 c:/program files (x86)/atmel/studio/7.0/toolchain/arm/arm-gnu-toolchain/bin/../lib/gcc/arm-none-eabi/5.3.1/../../../../arm-none-eabi/lib/armv7e-m\libm.a(lib_a-w_acos.o)
 .debug_frame   0x000000ec       0x40 c:/program files (x86)/atmel/studio/7.0/toolchain/arm/arm-gnu-toolchain/bin/../lib/gcc/arm-none-eabi/5.3.1/../../../../arm-none-eabi/lib/armv7e-m\libm.a(lib_a-w_asin.o)
 .debug_frame   0x0000012c       0x20 c:/program files (x86)/atmel/studio/7.0/toolchain/arm/arm-gnu-toolchain/bin/../lib/gcc/arm-none-eabi/5.3.1/../../../../arm-none-eabi/lib/armv7e-m\libm.a(lib_a-w_atan2.o)
 .debug_frame   0x0000014c       0x44 c:/program files (x86)/atmel/studio/7.0/toolchain/arm/arm-gnu-toolchain/bin/../lib/gcc/arm-none-eabi/5.3.1/../../../../arm-none-eabi/lib/armv7e-m\libm.a(lib_a-w_sqrt.o)
 .debug_frame   0x00000190       0x38 c:/program files (x86)/atmel/studio/7.0/toolchain/arm/arm-gnu-toolchain/bin/../lib/gcc/arm-none-eabi/5.3.1/../../../../arm-none-eabi/lib/armv7e-m\libm.a(lib_a-e_acos.o)
 .debug_frame   0x000001c8       0x50 c:/program files (x86)/atmel/studio/7.0/toolchain/arm/arm-gnu-toolchain/bin/../lib/gcc/arm-none-eabi/5.3.1/../../../../arm-none-eabi/lib/armv7e-m\libm.a(lib_a-e_asin.o)
 .debug_frame   0x00000218       0x48 c:/program files (x86)/atmel/studio/7.0/toolchain/arm/arm-gnu-toolchain/bin/../lib/gcc/arm-none-eabi/5.3.1/../../../../arm-none-eabi/lib/armv7e-m\libm.a(lib_a-e_atan2.o)
 .debug_frame   0x00000260       0x48 c:/program files (x86)/atmel/studio/7.0/toolchain/arm/arm-gnu-toolchain/bin/../lib/gcc/arm-none-eabi/5.3.1/../../../../arm-none-eabi/lib/armv7e-m\libm.a(lib_a-e_rem_pio2.o)
 .debug_frame   0x000002a8       0x34 c:/program files (x86)/atmel/studio/7.0/toolchain/arm/arm-gnu-toolchain/bin/../lib/gcc/arm-none-eabi/5.3.1/../../../../arm-none-eabi/lib/armv7e-m\libm.a(lib_a-e_sqrt.o)
 .debug_frame   0x000002dc       0x4c c:/program files (x86)/atmel/studio/7.0/toolchain/arm/arm-gnu-toolchain/bin/../lib/gcc/arm-none-eabi/5.3.1/../../../../arm-none-eabi/lib/armv7e-m\libm.a(lib_a-k_cos.o)
 .debug_frame   0x00000328       0x50 c:/program files (x86)/atmel/studio/7.0/toolchain/arm/arm-gnu-toolchain/bin/../lib/gcc/arm-none-eabi/5.3.1/../../../../arm-none-eabi/lib/armv7e-m\libm.a(lib_a-k_rem_pio2.o)
 .debug_frame   0x00000378       0x48 c:/program files (x86)/atmel/studio/7.0/toolchain/arm/arm-gnu-toolchain/bin/../lib/gcc/arm-none-eabi/5.3.1/../../../../arm-none-eabi/lib/armv7e-m\libm.a(lib_a-k_sin.o)
 .debug_frame   0x000003c0       0x4c c:/program files (x86)/atmel/studio/7.0/toolchain/arm/arm-gnu-toolchain/bin/../lib/gcc/arm-none-eabi/5.3.1/../../../../arm-none-eabi/lib/armv7e-m\libm.a(lib_a-k_tan.o)
 .debug_frame   0x0000040c       0x38 c:/program files (x86)/atmel/studio/7.0/toolchain/arm/arm-gnu-toolchain/bin/../lib/gcc/arm-none-eabi/5.3.1/../../../../arm-none-eabi/lib/armv7e-m\libm.a(lib_a-s_atan.o)
 .debug_frame   0x00000444       0x20 c:/program files (x86)/atmel/studio/7.0/toolchain/arm/arm-gnu-toolchain/bin/../lib/gcc/arm-none-eabi/5.3.1/../../../../arm-none-eabi/lib/armv7e-m\libm.a(lib_a-s_fabs.o)
 .debug_frame   0x00000464       0x34 c:/program files (x86)/atmel/studio/7.0/toolchain/arm/arm-gnu-toolchain/bin/../lib/gcc/arm-none-eabi/5.3.1/../../../../arm-none-eabi/lib/armv7e-m\libm.a(lib_a-s_floor.o)
 .debug_frame   0x00000498       0x20 c:/program files (x86)/atmel/studio/7.0/toolchain/arm/arm-gnu-toolchain/bin/../lib/gcc/arm-none-eabi/5.3.1/../../../../arm-none-eabi/lib/armv7e-m\libm.a(lib_a-s_matherr.o)
 .debug_frame   0x000004b8       0x20 c:/program files (x86)/atmel/studio/7.0/toolchain/arm/arm-gnu-toolchain/bin/../lib/gcc/arm-none-eabi/5.3.1/../../../../arm-none-eabi/lib/armv7e-m\libm.a(lib_a-s_nan.o)
 .debug_frame   0x000004d8       0x30 c:/program files (x86)/atmel/studio/7.0/toolchain/arm/arm-gnu-toolchain/bin/../lib/gcc/arm-none-eabi/5.3.1/../../../../arm-none-eabi/lib/armv7e-m\libm.a(lib_a-s_scalbn.o)
 .debug_frame   0x00000508       0x20 c:/program files (x86)/atmel/studio/7.0/toolchain/arm/arm-gnu-toolchain/bin/../lib/gcc/arm-none-eabi/5.3.1/../../../../arm-none-eabi/lib/armv7e-m\libm.a(lib_a-s_copysign.o)
 .debug_frame   0x00000528       0x20 c:/program files (x86)/atmel/studio/7.0/toolchain/arm/arm-gnu-toolchain/bin/../lib/gcc/arm-none-eabi/5.3.1/../../../../arm-none-eabi/lib/armv7e-m\libc.a(lib_a-errno.o)
 .debug_frame   0x00000548       0x2c c:/program files (x86)/atmel/studio/7.0/toolchain/arm/arm-gnu-toolchain/bin/../lib/gcc/arm-none-eabi/5.3.1/../../../../arm-none-eabi/lib/armv7e-m\libc.a(lib_a-init.o)
 .debug_frame   0x00000574       0x38 c:/program files (x86)/atmel/studio/7.0/toolchain/arm/arm-gnu-toolchain/bin/../lib/gcc/arm-none-eabi/5.3.1/../../../../arm-none-eabi/lib/armv7e-m\libc.a(lib_a-memcmp.o)
 .debug_frame   0x000005ac       0x34 c:/program files (x86)/atmel/studio/7.0/toolchain/arm/arm-gnu-toolchain/bin/../lib/gcc/arm-none-eabi/5.3.1/../../../../arm-none-eabi/lib/armv7e-m\libc.a(lib_a-memset.o)
 .debug_frame   0x000005e0       0x34 c:/program files (x86)/atmel/studio/7.0/toolchain/arm/arm-gnu-toolchain/bin/../lib/gcc/arm-none-eabi/5.3.1/../../../../arm-none-eabi/lib/armv7e-m\libc.a(lib_a-strncpy.o)
 .debug_frame   0x00000614       0x50 c:/program files (x86)/atmel/studio/7.0/toolchain/arm/arm-gnu-toolchain/bin/../lib/gcc/arm-none-eabi/5.3.1/../../../../arm-none-eabi/lib/armv7e-m\libc.a(lib_a-__call_atexit.o)
 .debug_frame   0x00000664       0x20 c:/program files (x86)/atmel/studio/7.0/toolchain/arm/arm-gnu-toolchain/bin/../lib/gcc/arm-none-eabi/5.3.1/../../../../arm-none-eabi/lib/armv7e-m\libc.a(lib_a-atexit.o)
 .debug_frame   0x00000684       0x34 c:/program files (x86)/atmel/studio/7.0/toolchain/arm/arm-gnu-toolchain/bin/../lib/gcc/arm-none-eabi/5.3.1/../../../../arm-none-eabi/lib/armv7e-m\libc.a(lib_a-fini.o)
 .debug_frame   0x000006b8       0x34 c:/program files (x86)/atmel/studio/7.0/toolchain/arm/arm-gnu-toolchain/bin/../lib/gcc/arm-none-eabi/5.3.1/../../../../arm-none-eabi/lib/armv7e-m\libc.a(lib_a-__atexit.o)

Cross Reference Table

Symbol                                            File
ACC_Handler                                       src/ASF/sam/utils/cmsis/sam4s/source/templates/gcc/startup_sam4s.o
ADC_Handler                                       src/ASF/sam/utils/cmsis/sam4s/source/templates/gcc/startup_sam4s.o
BusFault_Handler                                  src/ASF/sam/utils/cmsis/sam4s/source/templates/gcc/startup_sam4s.o
CRCCU_Handler                                     src/ASF/sam/utils/cmsis/sam4s/source/templates/gcc/startup_sam4s.o
ConsoleInit                                       src/consoleuart.o
ConsoleWrite                                      src/consoleuart.o
DACC_Handler                                      src/ASF/sam/utils/cmsis/sam4s/source/templates/gcc/startup_sam4s.o
DSEnAL1                                           src/DS3231.o
DSEnAL2                                           src/DS3231.o
                                                  src/PvTracker.o
DSGetCtrlReg                                      src/DS3231.o
DSGetDate                                         src/DS3231.o
DSGetDay                                          src/DS3231.o
DSGetFullDate                                     src/DS3231.o
                                                  src/PvTracker.o
DSGetHrs                                          src/DS3231.o
DSGetMins                                         src/DS3231.o
DSGetMonth                                        src/DS3231.o
DSGetSecs                                         src/DS3231.o
DSGetStatReg                                      src/DS3231.o
DSGetTempReg                                      src/DS3231.o
DSGetTime                                         src/DS3231.o
                                                  src/PvTracker.o
DSGetYear                                         src/DS3231.o
DSReadByte                                        src/DS3231.o
                                                  src/PvTracker.o
DSSetCtrlReg                                      src/DS3231.o
DSSetDate                                         src/DS3231.o
                                                  src/CommInterface.o
DSSetDay                                          src/DS3231.o
                                                  src/CommInterface.o
DSSetFullDate                                     src/DS3231.o
DSSetHrs                                          src/DS3231.o
                                                  src/CommInterface.o
DSSetMins                                         src/DS3231.o
                                                  src/CommInterface.o
DSSetMonth                                        src/DS3231.o
                                                  src/CommInterface.o
DSSetSecs                                         src/DS3231.o
                                                  src/CommInterface.o
DSSetTime                                         src/DS3231.o
DSSetYear                                         src/DS3231.o
                                                  src/CommInterface.o
DSWriteByte                                       src/DS3231.o
                                                  src/PvTracker.o
DebugMon_Handler                                  src/ASF/sam/utils/cmsis/sam4s/source/templates/gcc/startup_sam4s.o
Deg                                               src/PvTracker.o
Dummy_Handler                                     src/ASF/sam/utils/cmsis/sam4s/source/templates/gcc/startup_sam4s.o
EFC0_Handler                                      src/ASF/sam/utils/cmsis/sam4s/source/templates/gcc/startup_sam4s.o
FreeRTOS_CLIGetOutputBuffer                       src/ASF/thirdparty/freertos/freertos-7.3.0/source/FreeRTOS_CLI.o
FreeRTOS_CLIGetParameter                          src/ASF/thirdparty/freertos/freertos-7.3.0/source/FreeRTOS_CLI.o
FreeRTOS_CLIProcessCommand                        src/ASF/thirdparty/freertos/freertos-7.3.0/source/FreeRTOS_CLI.o
FreeRTOS_CLIRegisterCommand                       src/ASF/thirdparty/freertos/freertos-7.3.0/source/FreeRTOS_CLI.o
GetOrientation                                    src/PvTracker.o
GetPvAngle                                        src/PvTracker.o
GetPvBackTrackAngle                               src/PvTracker.o
GotoAngle                                         src/PvTracker.o
HSMCI_Handler                                     src/ASF/sam/utils/cmsis/sam4s/source/templates/gcc/startup_sam4s.o
HardFault_Handler                                 src/ASF/sam/utils/cmsis/sam4s/source/templates/gcc/startup_sam4s.o
ICMInitialize                                     src/ICM20648.o
                                                  src/PvTracker.o
ICMReadAccDataAll                                 src/ICM20648.o
                                                  src/PvTracker.o
ICMReadAccDataX                                   src/ICM20648.o
ICMReadAccDataY                                   src/ICM20648.o
ICMReadAccDataZ                                   src/ICM20648.o
ICMReadByte                                       src/ICM20648.o
ICMWriteByte                                      src/ICM20648.o
InitRs485Pdc                                      src/rs485pdc.o
                                                  src/CommInterface.o
InitVars                                          src/PvTracker.o
MemManage_Handler                                 src/ASF/sam/utils/cmsis/sam4s/source/templates/gcc/startup_sam4s.o
NMI_Handler                                       src/ASF/sam/utils/cmsis/sam4s/source/templates/gcc/startup_sam4s.o
PIOA_Handler                                      src/ASF/sam/drivers/pio/pio_handler.o
PIOB_Handler                                      src/ASF/sam/drivers/pio/pio_handler.o
PMC_Handler                                       src/ASF/sam/utils/cmsis/sam4s/source/templates/gcc/startup_sam4s.o
PVTrack                                           src/PvTracker.o
PWM_Handler                                       src/ASF/sam/utils/cmsis/sam4s/source/templates/gcc/startup_sam4s.o
ParseMbusPkt                                      src/mbusStack.o
                                                  src/CommInterface.o
PendSV_Handler                                    src/ASF/thirdparty/freertos/freertos-7.3.0/source/portable/gcc/sam/port.o
                                                  src/ASF/sam/utils/cmsis/sam4s/source/templates/gcc/startup_sam4s.o
RSTC_Handler                                      src/ASF/sam/utils/cmsis/sam4s/source/templates/gcc/startup_sam4s.o
RTCIntHandler                                     src/PvTracker.o
                                                  src/ASF/common/boards/user_board/init.o
RTC_Handler                                       src/ASF/sam/utils/cmsis/sam4s/source/templates/gcc/startup_sam4s.o
RTT_Handler                                       src/ASF/sam/utils/cmsis/sam4s/source/templates/gcc/startup_sam4s.o
Rad                                               src/PvTracker.o
ReadEEPROM                                        src/AT24C08.o
                                                  src/PvTracker.o
Reset_Handler                                     src/ASF/sam/utils/cmsis/sam4s/source/templates/gcc/startup_sam4s.o
Rs485PdcGetRxBytes                                src/rs485pdc.o
                                                  src/CommInterface.o
Rs485PdcGetRxStatus                               src/rs485pdc.o
Rs485PdcGetTxStatus                               src/rs485pdc.o
                                                  src/CommInterface.o
Rs485PdcStartRx                                   src/rs485pdc.o
                                                  src/CommInterface.o
Rs485PdcStartTx                                   src/rs485pdc.o
                                                  src/CommInterface.o
SPI_Handler                                       src/ASF/sam/utils/cmsis/sam4s/source/templates/gcc/startup_sam4s.o
SSC_Handler                                       src/ASF/sam/utils/cmsis/sam4s/source/templates/gcc/startup_sam4s.o
SUPC_Handler                                      src/ASF/sam/utils/cmsis/sam4s/source/templates/gcc/startup_sam4s.o
SVC_Handler                                       src/ASF/thirdparty/freertos/freertos-7.3.0/source/portable/gcc/sam/port.o
                                                  src/ASF/sam/utils/cmsis/sam4s/source/templates/gcc/startup_sam4s.o
SendRespPkt                                       src/CommInterface.o
SysTick_Handler                                   src/ASF/thirdparty/freertos/freertos-7.3.0/source/portable/gcc/sam/port.o
                                                  src/ASF/sam/utils/cmsis/sam4s/source/templates/gcc/startup_sam4s.o
SystemCoreClock                                   src/ASF/sam/utils/cmsis/sam4s/source/templates/system_sam4s.o
SystemCoreClockUpdate                             src/ASF/sam/utils/cmsis/sam4s/source/templates/system_sam4s.o
                                                  src/ASF/common/services/clock/sam4s/sysclk.o
SystemInit                                        src/ASF/sam/utils/cmsis/sam4s/source/templates/system_sam4s.o
TC0_Handler                                       src/ASF/sam/utils/cmsis/sam4s/source/templates/gcc/startup_sam4s.o
TC1_Handler                                       src/ASF/sam/utils/cmsis/sam4s/source/templates/gcc/startup_sam4s.o
TC2_Handler                                       src/ASF/sam/utils/cmsis/sam4s/source/templates/gcc/startup_sam4s.o