Archive member included to satisfy reference by file (symbol)

c:/program files (x86)/atmel/studio/7.0/toolchain/arm/arm-gnu-toolchain/bin/../lib/gcc/arm-none-eabi/5.3.1/../../../../arm-none-eabi/lib/armv7e-m\libm.a(lib_a-s_cos.o)
                              src/PvTracker.o (cos)
c:/program files (x86)/atmel/studio/7.0/toolchain/arm/arm-gnu-toolchain/bin/../lib/gcc/arm-none-eabi/5.3.1/../../../../arm-none-eabi/lib/armv7e-m\libm.a(lib_a-s_sin.o)
                              src/PvTracker.o (sin)
c:/program files (x86)/atmel/studio/7.0/toolchain/arm/arm-gnu-toolchain/bin/../lib/gcc/arm-none-eabi/5.3.1/../../../../arm-none-eabi/lib/armv7e-m\libm.a(lib_a-s_tan.o)
                              src/PvTracker.o (tan)
c:/program files (x86)/atmel/studio/7.0/toolchain/arm/arm-gnu-toolchain/bin/../lib/gcc/arm-none-eabi/5.3.1/../../../../arm-none-eabi/lib/armv7e-m\libm.a(lib_a-w_acos.o)
                              src/PvTracker.o (acos)
c:/program files (x86)/atmel/studio/7.0/toolchain/arm/arm-gnu-toolchain/bin/../lib/gcc/arm-none-eabi/5.3.1/../../../../arm-none-eabi/lib/armv7e-m\libm.a(lib_a-w_asin.o)
                              src/PvTracker.o (asin)
c:/program files (x86)/atmel/studio/7.0/toolchain/arm/arm-gnu-toolchain/bin/../lib/gcc/arm-none-eabi/5.3.1/../../../../arm-none-eabi/lib/armv7e-m\libm.a(lib_a-w_atan2.o)
                              src/PvTracker.o (atan2)
c:/program files (x86)/atmel/studio/7.0/toolchain/arm/arm-gnu-toolchain/bin/../lib/gcc/arm-none-eabi/5.3.1/../../../../arm-none-eabi/lib/armv7e-m\libm.a(lib_a-w_sqrt.o)
                              src/PvTracker.o (sqrt)
c:/program files (x86)/atmel/studio/7.0/toolchain/arm/arm-gnu-toolchain/bin/../lib/gcc/arm-none-eabi/5.3.1/../../../../arm-none-eabi/lib/armv7e-m\libm.a(lib_a-e_acos.o)
                              c:/program files (x86)/atmel/studio/7.0/toolchain/arm/arm-gnu-toolchain/bin/../lib/gcc/arm-none-eabi/5.3.1/../../../../arm-none-eabi/lib/armv7e-m\libm.a(lib_a-w_acos.o) (__ieee754_acos)
c:/program files (x86)/atmel/studio/7.0/toolchain/arm/arm-gnu-toolchain/bin/../lib/gcc/arm-none-eabi/5.3.1/../../../../arm-none-eabi/lib/armv7e-m\libm.a(lib_a-e_asin.o)
                              c:/program files (x86)/atmel/studio/7.0/toolchain/arm/arm-gnu-toolchain/bin/../lib/gcc/arm-none-eabi/5.3.1/../../../../arm-none-eabi/lib/armv7e-m\libm.a(lib_a-w_asin.o) (__ieee754_asin)
c:/program files (x86)/atmel/studio/7.0/toolchain/arm/arm-gnu-toolchain/bin/../lib/gcc/arm-none-eabi/5.3.1/../../../../arm-none-eabi/lib/armv7e-m\libm.a(lib_a-e_atan2.o)
                              c:/program files (x86)/atmel/studio/7.0/toolchain/arm/arm-gnu-toolchain/bin/../lib/gcc/arm-none-eabi/5.3.1/../../../../arm-none-eabi/lib/armv7e-m\libm.a(lib_a-w_atan2.o) (__ieee754_atan2)
c:/program files (x86)/atmel/studio/7.0/toolchain/arm/arm-gnu-toolchain/bin/../lib/gcc/arm-none-eabi/5.3.1/../../../../arm-none-eabi/lib/armv7e-m\libm.a(lib_a-e_rem_pio2.o)
                              c:/program files (x86)/atmel/studio/7.0/toolchain/arm/arm-gnu-toolchain/bin/../lib/gcc/arm-none-eabi/5.3.1/../../../../arm-none-eabi/lib/armv7e-m\libm.a(lib_a-s_cos.o) (__ieee754_rem_pio2)
c:/program files (x86)/atmel/studio/7.0/toolchain/arm/arm-gnu-toolchain/bin/../lib/gcc/arm-none-eabi/5.3.1/../../../../arm-none-eabi/lib/armv7e-m\libm.a(lib_a-e_sqrt.o)
                              c:/program files (x86)/atmel/studio/7.0/toolchain/arm/arm-gnu-toolchain/bin/../lib/gcc/arm-none-eabi/5.3.1/../../../../arm-none-eabi/lib/armv7e-m\libm.a(lib_a-w_sqrt.o) (__ieee754_sqrt)
c:/program files (x86)/atmel/studio/7.0/toolchain/arm/arm-gnu-toolchain/bin/../lib/gcc/arm-none-eabi/5.3.1/../../../../arm-none-eabi/lib/armv7e-m\libm.a(lib_a-k_cos.o)
                              c:/program files (x86)/atmel/studio/7.0/toolchain/arm/arm-gnu-toolchain/bin/../lib/gcc/arm-none-eabi/5.3.1/../../../../arm-none-eabi/lib/armv7e-m\libm.a(lib_a-s_cos.o) (__kernel_cos)
c:/program files (x86)/atmel/studio/7.0/toolchain/arm/arm-gnu-toolchain/bin/../lib/gcc/arm-none-eabi/5.3.1/../../../../arm-none-eabi/lib/armv7e-m\libm.a(lib_a-k_rem_pio2.o)
                              c:/program files (x86)/atmel/studio/7.0/toolchain/arm/arm-gnu-toolchain/bin/../lib/gcc/arm-none-eabi/5.3.1/../../../../arm-none-eabi/lib/armv7e-m\libm.a(lib_a-e_rem_pio2.o) (__kernel_rem_pio2)
c:/program files (x86)/atmel/studio/7.0/toolchain/arm/arm-gnu-toolchain/bin/../lib/gcc/arm-none-eabi/5.3.1/../../../../arm-none-eabi/lib/armv7e-m\libm.a(lib_a-k_sin.o)
                              c:/program files (x86)/atmel/studio/7.0/toolchain/arm/arm-gnu-toolchain/bin/../lib/gcc/arm-none-eabi/5.3.1/../../../../arm-none-eabi/lib/armv7e-m\libm.a(lib_a-s_cos.o) (__kernel_sin)
c:/program files (x86)/atmel/studio/7.0/toolchain/arm/arm-gnu-toolchain/bin/../lib/gcc/arm-none-eabi/5.3.1/../../../../arm-none-eabi/lib/armv7e-m\libm.a(lib_a-k_tan.o)
[...]
Memory Configuration

Name             Origin             Length             Attributes
rom              0x00400000         0x0003fc00         xr
ram              0x20000000         0x00010000         xrw
*default*        0x00000000         0xffffffff

Linker script and memory map

LOAD c:/program files (x86)/atmel/studio/7.0/toolchain/arm/arm-gnu-toolchain/bin/../lib/gcc/arm-none-eabi/5.3.1/armv7e-m/crti.o
LOAD c:/program files (x86)/atmel/studio/7.0/toolchain/arm/arm-gnu-toolchain/bin/../lib/gcc/arm-none-eabi/5.3.1/armv7e-m/crtbegin.o
LOAD c:/program files (x86)/atmel/studio/7.0/toolchain/arm/arm-gnu-toolchain/bin/../lib/gcc/arm-none-eabi/5.3.1/../../../../arm-none-eabi/lib/armv7e-m/crt0.o
LOAD src/ASF/common/drivers/nvm/sam/sam_nvm.o
LOAD src/ASF/common/services/freertos/sam/freertos_peripheral_control.o
LOAD src/ASF/sam/drivers/efc/efc.o
LOAD src/ASF/sam/services/flash_efc/flash_efc.o
LOAD src/AT24C08.o
LOAD src/AT24C08RTOS.o
LOAD src/DS3231.o
LOAD src/DS3231RTOS.o
LOAD src/ICM20648.o
LOAD src/ICM20648RTOS.o
LOAD src/mbusStack.o
LOAD src/PvTracker.o
LOAD src/rs485pdc.o
LOAD src/ASF/common/services/freertos/sam/freertos_twi_master.o
LOAD src/ASF/common/services/freertos/sam/freertos_usart_serial.o
LOAD src/ASF/common/services/serial/usart_serial.o
LOAD src/ASF/sam/drivers/pdc/pdc.o
LOAD src/ASF/sam/drivers/twi/twi.o
LOAD src/ASF/sam/drivers/uart/uart.o
LOAD src/ASF/sam/drivers/usart/usart.o
LOAD src/ASF/common/boards/user_board/init.o
LOAD src/ASF/common/services/clock/sam4s/sysclk.o
LOAD src/ASF/common/services/delay/sam/cycle_counter.o
LOAD src/ASF/common/utils/interrupt/interrupt_sam_nvic.o
LOAD src/ASF/sam/drivers/pio/pio.o
LOAD src/ASF/sam/drivers/pio/pio_handler.o
LOAD src/ASF/sam/drivers/pmc/pmc.o
LOAD src/ASF/sam/drivers/pmc/sleep.o
LOAD src/ASF/sam/utils/cmsis/sam4s/source/templates/gcc/startup_sam4s.o
LOAD src/ASF/sam/utils/cmsis/sam4s/source/templates/system_sam4s.o
LOAD src/ASF/sam/utils/syscalls/gcc/syscalls.o
LOAD src/ASF/thirdparty/freertos/freertos-7.3.0/source/FreeRTOS_CLI.o
LOAD src/ASF/thirdparty/freertos/freertos-7.3.0/source/list.o
LOAD src/ASF/thirdparty/freertos/freertos-7.3.0/source/portable/gcc/sam/port.o
LOAD src/ASF/thirdparty/freertos/freertos-7.3.0/source/portable/memmang/heap_4.o
LOAD src/ASF/thirdparty/freertos/freertos-7.3.0/source/queue.o
LOAD src/ASF/thirdparty/freertos/freertos-7.3.0/source/tasks.o
LOAD src/ASF/thirdparty/freertos/freertos-7.3.0/source/timers.o
LOAD src/CommInterface.o
LOAD src/main.o
START GROUP
LOAD ../src/ASF/thirdparty/CMSIS/Lib/GCC\libarm_cortexM4l_math.a
LOAD c:/program files (x86)/atmel/studio/7.0/toolchain/arm/arm-gnu-toolchain/bin/../lib/gcc/arm-none-eabi/5.3.1/../../../../arm-none-eabi/lib/armv7e-m\libm.a
END GROUP
START GROUP
LOAD c:/program files (x86)/atmel/studio/7.0/toolchain/arm/arm-gnu-toolchain/bin/../lib/gcc/arm-none-eabi/5.3.1/armv7e-m\libgcc.a
LOAD c:/program files (x86)/atmel/studio/7.0/toolchain/arm/arm-gnu-toolchain/bin/../lib/gcc/arm-none-eabi/5.3.1/../../../../arm-none-eabi/lib/armv7e-m\libc.a
END GROUP
LOAD c:/program files (x86)/atmel/studio/7.0/toolchain/arm/arm-gnu-toolchain/bin/../lib/gcc/arm-none-eabi/5.3.1/armv7e-m/crtend.o
LOAD c:/program files (x86)/atmel/studio/7.0/toolchain/arm/arm-gnu-toolchain/bin/../lib/gcc/arm-none-eabi/5.3.1/armv7e-m/crtn.o
                0x00003000                __stack_size__ = DEFINED (__stack_size__)?__stack_size__:0x3000
                0x2000fffc                __ram_end__ = ((ORIGIN (ram) + LENGTH (ram)) - 0x4)

.text           0x00400000     0xb39c
                0x00400000                . = ALIGN (0x4)
                0x00400000                _sfixed = .
 *(.vectors .vectors.*)
 .vectors       0x00400000       0xcc src/ASF/sam/utils/cmsis/sam4s/source/templates/gcc/startup_sam4s.o
                0x00400000                exception_table
 *(.text .text.* .gnu.linkonce.t.*)
 .text          0x004000cc       0x5c c:/program files (x86)/atmel/studio/7.0/toolchain/arm/arm-gnu-toolchain/bin/../lib/gcc/arm-none-eabi/5.3.1/armv7e-m/crtbegin.o
 .text.nvm_write
                0x00400128       0x68 src/ASF/common/drivers/nvm/sam/sam_nvm.o
                0x00400128                nvm_write
 .text.cpu_irq_save
                0x00400190       0x38 src/ASF/sam/drivers/efc/efc.o
 .text.cpu_irq_is_enabled_flags
                0x004001c8       0x20 src/ASF/sam/drivers/efc/efc.o
 .text.cpu_irq_restore
                0x004001e8       0x30 src/ASF/sam/drivers/efc/efc.o
 .text.efc_perform_command
                0x00400218       0x60 src/ASF/sam/drivers/efc/efc.o
                0x00400218                efc_perform_command
 .text.translate_address
                0x00400278       0x58 src/ASF/sam/services/flash_efc/flash_efc.o
 .text.compute_address
                0x004002d0       0x38 src/ASF/sam/services/flash_efc/flash_efc.o
 .text.flash_write
                0x00400308      0x130 src/ASF/sam/services/flash_efc/flash_efc.o
                0x00400308                flash_write
 .text.flash_write_user_signature
                0x00400438       0x78 src/ASF/sam/services/flash_efc/flash_efc.o
                0x00400438                flash_write_user_signature
 .text.DSGetTime
                0x004004b0       0x54 src/DS3231.o
                0x004004b0                DSGetTime
 .text.DSSetSecs
                0x00400504       0x24 src/DS3231.o
                0x00400504                DSSetSecs
 .text.DSSetMins
                0x00400528       0x24 src/DS3231.o
                0x00400528                DSSetMins
 .text.DSSetHrs
                0x0040054c       0x24 src/DS3231.o
                0x0040054c                DSSetHrs
 .text.DSGetFullDate
                0x00400570       0x60 src/DS3231.o
                0x00400570                DSGetFullDate
 .text.DSSetDay
                0x004005d0       0x24 src/DS3231.o
                0x004005d0                DSSetDay
 .text.DSSetDate
                0x004005f4       0x24 src/DS3231.o
                0x004005f4                DSSetDate
 .text.DSSetMonth
                0x00400618       0x24 src/DS3231.o
                0x00400618                DSSetMonth
 .text.DSSetYear
                0x0040063c       0x24 src/DS3231.o
                0x0040063c                DSSetYear
 .text.DSEnAL2  0x00400660       0x70 src/DS3231.o
                0x00400660                DSEnAL2
 .text.DSWriteByte
                0x004006d0       0x3c src/DS3231.o
                0x004006d0                DSWriteByte
 .text.DSReadByte
                0x0040070c       0x3c src/DS3231.o
                0x0040070c                DSReadByte
 .text.ICMInitialize
                0x00400748       0x60 src/ICM20648.o
                0x00400748                ICMInitialize
 .text.ICMReadAccDataAll
                0x004007a8       0x7c src/ICM20648.o
                0x004007a8                ICMReadAccDataAll
 .text.ICMWriteByte
                0x00400824       0x48 src/ICM20648.o
                0x00400824                ICMWriteByte
 .text.ICMReadByte
                0x0040086c       0x40 src/ICM20648.o
                0x0040086c                ICMReadByte
 .text.ParseMbusPkt
                0x004008ac      0x4b8 src/mbusStack.o
                0x004008ac                ParseMbusPkt
 .text.calcCRC  0x00400d64       0x84 src/mbusStack.o
                0x00400d64                calcCRC
 .text.osc_get_rate
                0x00400de8       0x74 src/PvTracker.o
 .text.sysclk_get_main_hz
                0x00400e5c       0x1c src/PvTracker.o
 .text.sysclk_get_cpu_hz
                0x00400e78       0x14 src/PvTracker.o
 .text.sysclk_get_peripheral_hz
                0x00400e8c       0x14 src/PvTracker.o
 .text.sysclk_enable_peripheral_clock
                0x00400ea0       0x1c src/PvTracker.o
 .text.RTCIntHandler
                0x00400ebc       0x48 src/PvTracker.o
                0x00400ebc                RTCIntHandler
 .text.vPvTrackerTask
                0x00400f04       0x90 src/PvTracker.o
                0x00400f04                vPvTrackerTask
 .text.vPvTrackerInit
                0x00400f94       0x10 src/PvTracker.o
                0x00400f94                vPvTrackerInit
 .text.InitTWI  0x00400fa4       0x50 src/PvTracker.o
 .text.PVTrack  0x00400ff4      0x154 src/PvTracker.o
                0x00400ff4                PVTrack
 .text.GotoAngle
                0x00401148      0x264 src/PvTracker.o
                0x00401148                GotoAngle
 .text.TestCode
                0x004013ac       0xcc src/PvTracker.o
                0x004013ac                TestCode
 .text.GetOrientation
                0x00401478      0x190 src/PvTracker.o
                0x00401478                GetOrientation
 .text.GetPvAngle
                0x00401608      0xd24 src/PvTracker.o
                0x00401608                GetPvAngle
 .text.GetPvBackTrackAngle
                0x0040232c      0x16c src/PvTracker.o
                0x0040232c                GetPvBackTrackAngle
 .text.Rad      0x00402498       0x38 src/PvTracker.o
                0x00402498                Rad
 .text.Deg      0x004024d0       0x38 src/PvTracker.o
                0x004024d0                Deg
 .text.osc_get_rate
                0x00402508       0x74 src/rs485pdc.o
 .text.sysclk_get_main_hz
                0x0040257c       0x1c src/rs485pdc.o
 .text.sysclk_get_peripheral_hz
                0x00402598       0x14 src/rs485pdc.o
 .text.sysclk_enable_peripheral_clock
                0x004025ac       0x1c src/rs485pdc.o
 .text.InitRs485Pdc
                0x004025c8       0x84 src/rs485pdc.o
                0x004025c8                InitRs485Pdc
 .text.Rs485PdcStartTx
                0x0040264c       0x3c src/rs485pdc.o
                0x0040264c                Rs485PdcStartTx
 .text.Rs485PdcStartRx
                0x00402688       0x3c src/rs485pdc.o
                0x00402688                Rs485PdcStartRx
 .text.Rs485PdcGetRxBytes
                0x004026c4       0x38 src/rs485pdc.o
                0x004026c4                Rs485PdcGetRxBytes
 .text.Rs485PdcGetTxStatus
                0x004026fc       0x1c src/rs485pdc.o
                0x004026fc                Rs485PdcGetTxStatus
 .text.local_twi_handler
                0x00402718      0x31c src/ASF/common/services/freertos/sam/freertos_twi_master.o
 .text.TWI0_Handler
                0x00402a34       0x14 src/ASF/common/services/freertos/sam/freertos_twi_master.o
                0x00402a34                TWI0_Handler
 .text.TWI1_Handler
                0x00402a48       0x14 src/ASF/common/services/freertos/sam/freertos_twi_master.o
                0x00402a48                TWI1_Handler
 .text.configure_rx_dma
                0x00402a5c      0x114 src/ASF/common/services/freertos/sam/freertos_usart_serial.o
 .text.local_usart_handler
                0x00402b70      0x1c8 src/ASF/common/services/freertos/sam/freertos_usart_serial.o
 .text.USART0_Handler
                0x00402d38       0x14 src/ASF/common/services/freertos/sam/freertos_usart_serial.o
                0x00402d38                USART0_Handler
 .text.USART1_Handler
                0x00402d4c       0x14 src/ASF/common/services/freertos/sam/freertos_usart_serial.o
                0x00402d4c                USART1_Handler
 .text.pdc_tx_init
                0x00402d60       0x44 src/ASF/sam/drivers/pdc/pdc.o
                0x00402d60                pdc_tx_init
 .text.pdc_rx_init
                0x00402da4       0x44 src/ASF/sam/drivers/pdc/pdc.o
                0x00402da4                pdc_rx_init
 .text.pdc_enable_transfer
                0x00402de8       0x20 src/ASF/sam/drivers/pdc/pdc.o
                0x00402de8                pdc_enable_transfer
 .text.pdc_disable_transfer
                0x00402e08       0x20 src/ASF/sam/drivers/pdc/pdc.o
                0x00402e08                pdc_disable_transfer
 .text.pdc_read_rx_counter
                0x00402e28       0x18 src/ASF/sam/drivers/pdc/pdc.o
                0x00402e28                pdc_read_rx_counter
 .text.twi_enable_master_mode
                0x00402e40       0x24 src/ASF/sam/drivers/twi/twi.o
                0x00402e40                twi_enable_master_mode
 .text.twi_master_init
                0x00402e64       0x64 src/ASF/sam/drivers/twi/twi.o
                0x00402e64                twi_master_init
 .text.twi_set_speed
                0x00402ec8       0xf4 src/ASF/sam/drivers/twi/twi.o
                0x00402ec8                twi_set_speed
 .text.twi_mk_addr
                0x00402fbc       0x5c src/ASF/sam/drivers/twi/twi.o
                0x00402fbc                twi_mk_addr
 .text.twi_master_read
                0x00403018      0x10c src/ASF/sam/drivers/twi/twi.o
                0x00403018                twi_master_read
 .text.twi_master_write
                0x00403124       0xdc src/ASF/sam/drivers/twi/twi.o
                0x00403124                twi_master_write
 .text.twi_disable_interrupt
                0x00403200       0x20 src/ASF/sam/drivers/twi/twi.o
                0x00403200                twi_disable_interrupt
 .text.twi_get_interrupt_status
                0x00403220       0x18 src/ASF/sam/drivers/twi/twi.o
                0x00403220                twi_get_interrupt_status
 .text.twi_get_interrupt_mask
                0x00403238       0x18 src/ASF/sam/drivers/twi/twi.o
                0x00403238                twi_get_interrupt_mask
 .text.twi_reset
                0x00403250       0x1c src/ASF/sam/drivers/twi/twi.o
                0x00403250                twi_reset
 .text.usart_set_async_baudrate
                0x0040326c       0x88 src/ASF/sam/drivers/usart/usart.o
                0x0040326c                usart_set_async_baudrate
 .text.usart_reset
                0x004032f4       0x60 src/ASF/sam/drivers/usart/usart.o
                0x004032f4                usart_reset
 .text.usart_init_rs232
                0x00403354       0x84 src/ASF/sam/drivers/usart/usart.o
                0x00403354                usart_init_rs232
 .text.usart_init_rs485
                0x004033d8       0x40 src/ASF/sam/drivers/usart/usart.o
                0x004033d8                usart_init_rs485
 .text.usart_enable_tx
                0x00403418       0x18 src/ASF/sam/drivers/usart/usart.o
                0x00403418                usart_enable_tx
 .text.usart_disable_tx
                0x00403430       0x18 src/ASF/sam/drivers/usart/usart.o
                0x00403430                usart_disable_tx
 .text.usart_reset_tx
                0x00403448       0x18 src/ASF/sam/drivers/usart/usart.o
                0x00403448                usart_reset_tx
 .text.usart_enable_rx
                0x00403460       0x18 src/ASF/sam/drivers/usart/usart.o
                0x00403460                usart_enable_rx
 .text.usart_disable_rx
                0x00403478       0x18 src/ASF/sam/drivers/usart/usart.o
                0x00403478                usart_disable_rx
 .text.usart_reset_rx
                0x00403490       0x18 src/ASF/sam/drivers/usart/usart.o
                0x00403490                usart_reset_rx
 .text.usart_enable_interrupt
                0x004034a8       0x1c src/ASF/sam/drivers/usart/usart.o
                0x004034a8                usart_enable_interrupt
 .text.usart_disable_interrupt
                0x004034c4       0x1c src/ASF/sam/drivers/usart/usart.o
                0x004034c4                usart_disable_interrupt
 .text.usart_get_interrupt_mask
                0x004034e0       0x18 src/ASF/sam/drivers/usart/usart.o
                0x004034e0                usart_get_interrupt_mask
 .text.usart_get_status
                0x004034f8       0x18 src/ASF/sam/drivers/usart/usart.o
                0x004034f8                usart_get_status
 .text.usart_reset_status
                0x00403510       0x1c src/ASF/sam/drivers/usart/usart.o
                0x00403510                usart_reset_status
 .text.usart_start_rx_timeout
                0x0040352c       0x1c src/ASF/sam/drivers/usart/usart.o
                0x0040352c                usart_start_rx_timeout
 .text.usart_drive_DTR_pin_high
                0x00403548       0x1c src/ASF/sam/drivers/usart/usart.o
                0x00403548                usart_drive_DTR_pin_high
 .text.usart_drive_RTS_pin_high
                0x00403564       0x1c src/ASF/sam/drivers/usart/usart.o
                0x00403564                usart_drive_RTS_pin_high
 .text.usart_get_pdc_base
                0x00403580       0x48 src/ASF/sam/drivers/usart/usart.o
                0x00403580                usart_get_pdc_base
 .text.usart_disable_writeprotect
                0x004035c8       0x20 src/ASF/sam/drivers/usart/usart.o
                0x004035c8                usart_disable_writeprotect
 .text.NVIC_EnableIRQ
                0x004035e8       0x30 src/ASF/common/boards/user_board/init.o
 .text.sysclk_enable_peripheral_clock
                0x00403618       0x1c src/ASF/common/boards/user_board/init.o
 .text.ioport_init
                0x00403634       0x18 src/ASF/common/boards/user_board/init.o
 .text.board_init
                0x0040364c       0xd8 src/ASF/common/boards/user_board/init.o
                0x0040364c                board_init
 .text.osc_enable
                0x00403724       0x88 src/ASF/common/services/clock/sam4s/sysclk.o
 .text.osc_is_ready
                0x004037ac       0x70 src/ASF/common/services/clock/sam4s/sysclk.o
 .text.osc_get_rate
                0x0040381c       0x74 src/ASF/common/services/clock/sam4s/sysclk.o
 .text.osc_wait_ready
                0x00403890       0x2c src/ASF/common/services/clock/sam4s/sysclk.o
 .text.pll_config_init
                0x004038bc       0x54 src/ASF/common/services/clock/sam4s/sysclk.o
 .text.pll_enable
                0x00403910       0x44 src/ASF/common/services/clock/sam4s/sysclk.o
 .text.pll_is_locked
                0x00403954       0x2c src/ASF/common/services/clock/sam4s/sysclk.o
 .text.pll_enable_source
                0x00403980       0x38 src/ASF/common/services/clock/sam4s/sysclk.o
 .text.pll_wait_for_lock
                0x004039b8       0x24 src/ASF/common/services/clock/sam4s/sysclk.o
 .text.sysclk_get_main_hz
                0x004039dc       0x1c src/ASF/common/services/clock/sam4s/sysclk.o
 .text.sysclk_get_cpu_hz
                0x004039f8       0x14 src/ASF/common/services/clock/sam4s/sysclk.o
 .text.sysclk_init
                0x00403a0c       0x70 src/ASF/common/services/clock/sam4s/sysclk.o
                0x00403a0c                sysclk_init
 .text.pio_pull_up
                0x00403a7c       0x2c src/ASF/sam/drivers/pio/pio.o
                0x00403a7c                pio_pull_up
 .text.pio_set_peripheral
                0x00403aa8      0x110 src/ASF/sam/drivers/pio/pio.o
                0x00403aa8                pio_set_peripheral
 .text.pio_set_input
                0x00403bb8       0x80 src/ASF/sam/drivers/pio/pio.o
                0x00403bb8                pio_set_input
 .text.pio_set_output
                0x00403c38       0x64 src/ASF/sam/drivers/pio/pio.o
                0x00403c38                pio_set_output
 .text.pio_configure_interrupt
                0x00403c9c       0x6c src/ASF/sam/drivers/pio/pio.o
                0x00403c9c                pio_configure_interrupt
 .text.pio_enable_interrupt
                0x00403d08       0x1c src/ASF/sam/drivers/pio/pio.o
                0x00403d08                pio_enable_interrupt
 .text.pio_disable_interrupt
                0x00403d24       0x1c src/ASF/sam/drivers/pio/pio.o
                0x00403d24                pio_disable_interrupt
 .text.pio_get_interrupt_status
                0x00403d40       0x18 src/ASF/sam/drivers/pio/pio.o
                0x00403d40                pio_get_interrupt_status
 .text.pio_get_interrupt_mask
                0x00403d58       0x18 src/ASF/sam/drivers/pio/pio.o
                0x00403d58                pio_get_interrupt_mask
 .text.pio_set_pin_high
                0x00403d70       0x30 src/ASF/sam/drivers/pio/pio.o
                0x00403d70                pio_set_pin_high
 .text.pio_set_pin_low
                0x00403da0       0x30 src/ASF/sam/drivers/pio/pio.o
                0x00403da0                pio_set_pin_low
 .text.pio_configure_pin
                0x00403dd0      0x1b0 src/ASF/sam/drivers/pio/pio.o
                0x00403dd0                pio_configure_pin
 .text.pio_configure_pin_group
                0x00403f80      0x12c src/ASF/sam/drivers/pio/pio.o
                0x00403f80                pio_configure_pin_group
 .text.pio_get_pin_group
                0x004040ac       0x24 src/ASF/sam/drivers/pio/pio.o
                0x004040ac                pio_get_pin_group
 .text.NVIC_EnableIRQ
                0x004040d0       0x30 src/ASF/sam/drivers/pio/pio_handler.o
 .text.NVIC_DisableIRQ
                0x00404100       0x34 src/ASF/sam/drivers/pio/pio_handler.o
 .text.NVIC_ClearPendingIRQ
                0x00404134       0x34 src/ASF/sam/drivers/pio/pio_handler.o
 .text.NVIC_SetPriority
                0x00404168       0x54 src/ASF/sam/drivers/pio/pio_handler.o
 .text.pio_handler_process
                0x004041bc       0xd4 src/ASF/sam/drivers/pio/pio_handler.o
                0x004041bc                pio_handler_process
 .text.pio_handler_set
                0x00404290       0xa0 src/ASF/sam/drivers/pio/pio_handler.o
                0x00404290                pio_handler_set
 .text.PIOA_Handler
                0x00404330       0x18 src/ASF/sam/drivers/pio/pio_handler.o
                0x00404330                PIOA_Handler
 .text.PIOB_Handler
                0x00404348       0x18 src/ASF/sam/drivers/pio/pio_handler.o
                0x00404348                PIOB_Handler
 .text.pio_handler_set_priority
                0x00404360       0x84 src/ASF/sam/drivers/pio/pio_handler.o
                0x00404360                pio_handler_set_priority
 .text.pmc_switch_mck_to_pllack
                0x004043e4       0x80 src/ASF/sam/drivers/pmc/pmc.o
                0x004043e4                pmc_switch_mck_to_pllack
 .text.pmc_switch_sclk_to_32kxtal
                0x00404464       0x38 src/ASF/sam/drivers/pmc/pmc.o
                0x00404464                pmc_switch_sclk_to_32kxtal
 .text.pmc_osc_is_ready_32kxtal
                0x0040449c       0x34 src/ASF/sam/drivers/pmc/pmc.o
                0x0040449c                pmc_osc_is_ready_32kxtal
 .text.pmc_switch_mainck_to_fastrc
                0x004044d0       0x70 src/ASF/sam/drivers/pmc/pmc.o
                0x004044d0                pmc_switch_mainck_to_fastrc
 .text.pmc_switch_mainck_to_xtal
                0x00404540       0x78 src/ASF/sam/drivers/pmc/pmc.o
                0x00404540                pmc_switch_mainck_to_xtal
 .text.pmc_osc_is_ready_mainck
                0x004045b8       0x18 src/ASF/sam/drivers/pmc/pmc.o
                0x004045b8                pmc_osc_is_ready_mainck
 .text.pmc_disable_pllack
                0x004045d0       0x18 src/ASF/sam/drivers/pmc/pmc.o
                0x004045d0                pmc_disable_pllack
 .text.pmc_is_locked_pllack
                0x004045e8       0x18 src/ASF/sam/drivers/pmc/pmc.o
                0x004045e8                pmc_is_locked_pllack
 .text.pmc_disable_pllbck
                0x00404600       0x18 src/ASF/sam/drivers/pmc/pmc.o
                0x00404600                pmc_disable_pllbck
 .text.pmc_is_locked_pllbck
                0x00404618       0x18 src/ASF/sam/drivers/pmc/pmc.o
                0x00404618                pmc_is_locked_pllbck
 .text.pmc_enable_periph_clk
                0x00404630       0x80 src/ASF/sam/drivers/pmc/pmc.o
                0x00404630                pmc_enable_periph_clk
 .text.Reset_Handler
                0x004046b0       0xc8 src/ASF/sam/utils/cmsis/sam4s/source/templates/gcc/startup_sam4s.o
                0x004046b0                Reset_Handler
 .text.Dummy_Handler
                0x00404778        0x8 src/ASF/sam/utils/cmsis/sam4s/source/templates/gcc/startup_sam4s.o
                0x00404778                DACC_Handler
                0x00404778                DebugMon_Handler
                0x00404778                HardFault_Handler
                0x00404778                TC2_Handler
                0x00404778                SPI_Handler
                0x00404778                NMI_Handler
                0x00404778                ADC_Handler
                0x00404778                CRCCU_Handler
                0x00404778                RTT_Handler
                0x00404778                RTC_Handler
                0x00404778                UsageFault_Handler
                0x00404778                WDT_Handler
                0x00404778                TC1_Handler
                0x00404778                HSMCI_Handler
                0x00404778                UART1_Handler
                0x00404778                Dummy_Handler
                0x00404778                SSC_Handler
                0x00404778                EFC0_Handler
                0x00404778                ACC_Handler
                0x00404778                PMC_Handler
                0x00404778                PWM_Handler
                0x00404778                MemManage_Handler
                0x00404778                SUPC_Handler
                0x00404778                UART0_Handler
                0x00404778                UDP_Handler
                0x00404778                BusFault_Handler
                0x00404778                RSTC_Handler
                0x00404778                TC0_Handler
 .text.SystemCoreClockUpdate
                0x00404780      0x19c src/ASF/sam/utils/cmsis/sam4s/source/templates/system_sam4s.o
                0x00404780                SystemCoreClockUpdate
 .text.system_init_flash
                0x0040491c       0x94 src/ASF/sam/utils/cmsis/sam4s/source/templates/system_sam4s.o
                0x0040491c                system_init_flash
 .text.vListInitialise
                0x004049b0       0x40 src/ASF/thirdparty/freertos/freertos-7.3.0/source/list.o
                0x004049b0                vListInitialise
 .text.vListInitialiseItem
                0x004049f0       0x18 src/ASF/thirdparty/freertos/freertos-7.3.0/source/list.o
                0x004049f0                vListInitialiseItem
 .text.vListInsertEnd
                0x00404a08       0x50 src/ASF/thirdparty/freertos/freertos-7.3.0/source/list.o
                0x00404a08                vListInsertEnd
 .text.vListInsert
                0x00404a58       0x70 src/ASF/thirdparty/freertos/freertos-7.3.0/source/list.o
                0x00404a58                vListInsert
 .text.uxListRemove
                0x00404ac8       0x54 src/ASF/thirdparty/freertos/freertos-7.3.0/source/list.o
                0x00404ac8                uxListRemove
 .text.osc_get_rate
                0x00404b1c       0x74 src/ASF/thirdparty/freertos/freertos-7.3.0/source/portable/gcc/sam/port.o
 .text.sysclk_get_main_hz
                0x00404b90       0x1c src/ASF/thirdparty/freertos/freertos-7.3.0/source/portable/gcc/sam/port.o
 .text.sysclk_get_cpu_hz
                0x00404bac       0x14 src/ASF/thirdparty/freertos/freertos-7.3.0/source/portable/gcc/sam/port.o
 .text.pxPortInitialiseStack
                0x00404bc0       0x50 src/ASF/thirdparty/freertos/freertos-7.3.0/source/portable/gcc/sam/port.o
                0x00404bc0                pxPortInitialiseStack
 .text.SVC_Handler
                0x00404c10       0x24 src/ASF/thirdparty/freertos/freertos-7.3.0/source/portable/gcc/sam/port.o
                0x00404c10                SVC_Handler
 .text.prvPortStartFirstTask
                0x00404c34       0x18 src/ASF/thirdparty/freertos/freertos-7.3.0/source/portable/gcc/sam/port.o
 .text.xPortStartScheduler
                0x00404c4c       0x40 src/ASF/thirdparty/freertos/freertos-7.3.0/source/portable/gcc/sam/port.o
                0x00404c4c                xPortStartScheduler
 .text.vPortYieldFromISR
                0x00404c8c       0x18 src/ASF/thirdparty/freertos/freertos-7.3.0/source/portable/gcc/sam/port.o
                0x00404c8c                vPortYieldFromISR
 .text.vPortEnterCritical
                0x00404ca4       0x20 src/ASF/thirdparty/freertos/freertos-7.3.0/source/portable/gcc/sam/port.o
                0x00404ca4                vPortEnterCritical
 .text.vPortExitCritical
                0x00404cc4       0x28 src/ASF/thirdparty/freertos/freertos-7.3.0/source/portable/gcc/sam/port.o
                0x00404cc4                vPortExitCritical
 .text.ulPortSetInterruptMask
                0x00404cec       0x14 src/ASF/thirdparty/freertos/freertos-7.3.0/source/portable/gcc/sam/port.o
                0x00404cec                ulPortSetInterruptMask
 .text.vPortClearInterruptMask
                0x00404d00        0x8 src/ASF/thirdparty/freertos/freertos-7.3.0/source/portable/gcc/sam/port.o
                0x00404d00                vPortClearInterruptMask
 .text.PendSV_Handler
                0x00404d08       0x40 src/ASF/thirdparty/freertos/freertos-7.3.0/source/portable/gcc/sam/port.o
                0x00404d08                PendSV_Handler
 .text.SysTick_Handler
                0x00404d48       0x30 src/ASF/thirdparty/freertos/freertos-7.3.0/source/portable/gcc/sam/port.o
                0x00404d48                SysTick_Handler
 .text.vPortSetupTimerInterrupt
                0x00404d78       0x34 src/ASF/thirdparty/freertos/freertos-7.3.0/source/portable/gcc/sam/port.o
                0x00404d78                vPortSetupTimerInterrupt
 .text.pvPortMalloc
                0x00404dac      0x10c src/ASF/thirdparty/freertos/freertos-7.3.0/source/portable/memmang/heap_4.o
                0x00404dac                pvPortMalloc
 .text.vPortFree
                0x00404eb8       0x54 src/ASF/thirdparty/freertos/freertos-7.3.0/source/portable/memmang/heap_4.o
                0x00404eb8                vPortFree
 .text.prvHeapInit
                0x00404f0c       0x90 src/ASF/thirdparty/freertos/freertos-7.3.0/source/portable/memmang/heap_4.o
 .text.prvInsertBlockIntoFreeList
                0x00404f9c       0xb0 src/ASF/thirdparty/freertos/freertos-7.3.0/source/portable/memmang/heap_4.o
 .text.xQueueGenericReset
                0x0040504c       0xc8 src/ASF/thirdparty/freertos/freertos-7.3.0/source/queue.o
                0x0040504c                xQueueGenericReset
 .text.xQueueGenericCreate
                0x00405114       0x90 src/ASF/thirdparty/freertos/freertos-7.3.0/source/queue.o
                0x00405114                xQueueGenericCreate
 .text.xQueueGenericSend
                0x004051a4      0x168 src/ASF/thirdparty/freertos/freertos-7.3.0/source/queue.o
                0x004051a4                xQueueGenericSend
 .text.xQueueGenericSendFromISR
                0x0040530c       0xbc src/ASF/thirdparty/freertos/freertos-7.3.0/source/queue.o
                0x0040530c                xQueueGenericSendFromISR
 .text.xQueueGenericReceive
                0x004053c8      0x1d4 src/ASF/thirdparty/freertos/freertos-7.3.0/source/queue.o
                0x004053c8                xQueueGenericReceive
 .text.prvCopyDataToQueue
                0x0040559c       0xc0 src/ASF/thirdparty/freertos/freertos-7.3.0/source/queue.o
 .text.prvCopyDataFromQueue
                0x0040565c       0x50 src/ASF/thirdparty/freertos/freertos-7.3.0/source/queue.o
 .text.prvUnlockQueue
                0x004056ac       0xa8 src/ASF/thirdparty/freertos/freertos-7.3.0/source/queue.o
 .text.prvIsQueueEmpty
                0x00405754       0x34 src/ASF/thirdparty/freertos/freertos-7.3.0/source/queue.o
 .text.prvIsQueueFull
                0x00405788       0x38 src/ASF/thirdparty/freertos/freertos-7.3.0/source/queue.o
 .text.vQueueWaitForMessageRestricted
                0x004057c0       0x64 src/ASF/thirdparty/freertos/freertos-7.3.0/source/queue.o
                0x004057c0                vQueueWaitForMessageRestricted
 .text.xTaskGenericCreate
                0x00405824      0x1b8 src/ASF/thirdparty/freertos/freertos-7.3.0/source/tasks.o
                0x00405824                xTaskGenericCreate
 .text.vTaskDelay
                0x004059dc       0x68 src/ASF/thirdparty/freertos/freertos-7.3.0/source/tasks.o
                0x004059dc                vTaskDelay
 .text.vTaskStartScheduler
                0x00405a44       0x80 src/ASF/thirdparty/freertos/freertos-7.3.0/source/tasks.o
                0x00405a44                vTaskStartScheduler
 .text.vTaskSuspendAll
                0x00405ac4       0x1c src/ASF/thirdparty/freertos/freertos-7.3.0/source/tasks.o
                0x00405ac4                vTaskSuspendAll
 .text.xTaskResumeAll
                0x00405ae0      0x120 src/ASF/thirdparty/freertos/freertos-7.3.0/source/tasks.o
                0x00405ae0                xTaskResumeAll
 .text.xTaskGetTickCount
                0x00405c00       0x2c src/ASF/thirdparty/freertos/freertos-7.3.0/source/tasks.o
                0x00405c00                xTaskGetTickCount
 .text.vTaskIncrementTick
                0x00405c2c      0x14c src/ASF/thirdparty/freertos/freertos-7.3.0/source/tasks.o
                0x00405c2c                vTaskIncrementTick
 .text.vTaskSwitchContext
                0x00405d78       0xa4 src/ASF/thirdparty/freertos/freertos-7.3.0/source/tasks.o
                0x00405d78                vTaskSwitchContext
 .text.vTaskPlaceOnEventList
                0x00405e1c       0x84 src/ASF/thirdparty/freertos/freertos-7.3.0/source/tasks.o
                0x00405e1c                vTaskPlaceOnEventList
 .text.vTaskPlaceOnEventListRestricted
                0x00405ea0       0x64 src/ASF/thirdparty/freertos/freertos-7.3.0/source/tasks.o
                0x00405ea0                vTaskPlaceOnEventListRestricted
 .text.xTaskRemoveFromEventList
                0x00405f04       0xbc src/ASF/thirdparty/freertos/freertos-7.3.0/source/tasks.o
                0x00405f04                xTaskRemoveFromEventList
 .text.vTaskSetTimeOutState
                0x00405fc0       0x3c src/ASF/thirdparty/freertos/freertos-7.3.0/source/tasks.o
                0x00405fc0                vTaskSetTimeOutState
 .text.xTaskCheckForTimeOut
                0x00405ffc       0xb4 src/ASF/thirdparty/freertos/freertos-7.3.0/source/tasks.o
                0x00405ffc                xTaskCheckForTimeOut
 .text.vTaskMissedYield
                0x004060b0       0x18 src/ASF/thirdparty/freertos/freertos-7.3.0/source/tasks.o
                0x004060b0                vTaskMissedYield
 .text.prvIdleTask
                0x004060c8       0x14 src/ASF/thirdparty/freertos/freertos-7.3.0/source/tasks.o
 .text.prvInitialiseTCBVariables
                0x004060dc       0x74 src/ASF/thirdparty/freertos/freertos-7.3.0/source/tasks.o
 .text.prvInitialiseTaskLists
                0x00406150       0x84 src/ASF/thirdparty/freertos/freertos-7.3.0/source/tasks.o
 .text.prvCheckTasksWaitingTermination
                0x004061d4       0x90 src/ASF/thirdparty/freertos/freertos-7.3.0/source/tasks.o
 .text.prvAddCurrentTaskToDelayedList
                0x00406264       0x70 src/ASF/thirdparty/freertos/freertos-7.3.0/source/tasks.o
 .text.prvAllocateTCBAndStack
                0x004062d4       0x70 src/ASF/thirdparty/freertos/freertos-7.3.0/source/tasks.o
 .text.prvDeleteTCB
                0x00406344       0x24 src/ASF/thirdparty/freertos/freertos-7.3.0/source/tasks.o
 .text.xTaskGetCurrentTaskHandle
                0x00406368       0x1c src/ASF/thirdparty/freertos/freertos-7.3.0/source/tasks.o
                0x00406368                xTaskGetCurrentTaskHandle
 .text.xTaskGetSchedulerState
                0x00406384       0x3c src/ASF/thirdparty/freertos/freertos-7.3.0/source/tasks.o
                0x00406384                xTaskGetSchedulerState
 .text.vTaskPriorityInherit
                0x004063c0       0xb4 src/ASF/thirdparty/freertos/freertos-7.3.0/source/tasks.o
                0x004063c0                vTaskPriorityInherit
 .text.vTaskPriorityDisinherit
                0x00406474       0x84 src/ASF/thirdparty/freertos/freertos-7.3.0/source/tasks.o
                0x00406474                vTaskPriorityDisinherit
 .text.xTimerCreateTimerTask
                0x004064f8       0x64 src/ASF/thirdparty/freertos/freertos-7.3.0/source/timers.o
                0x004064f8                xTimerCreateTimerTask
 .text.xTimerGenericCommand
                0x0040655c       0x8c src/ASF/thirdparty/freertos/freertos-7.3.0/source/timers.o
                0x0040655c                xTimerGenericCommand
 .text.prvProcessExpiredTimer
                0x004065e8       0x84 src/ASF/thirdparty/freertos/freertos-7.3.0/source/timers.o
 .text.prvTimerTask
                0x0040666c       0x30 src/ASF/thirdparty/freertos/freertos-7.3.0/source/timers.o
 .text.prvProcessTimerOrBlockTask
                0x0040669c       0x84 src/ASF/thirdparty/freertos/freertos-7.3.0/source/timers.o
 .text.prvGetNextExpireTime
                0x00406720       0x48 src/ASF/thirdparty/freertos/freertos-7.3.0/source/timers.o
 .text.prvSampleTimeNow
                0x00406768       0x4c src/ASF/thirdparty/freertos/freertos-7.3.0/source/timers.o
 .text.prvInsertTimerInActiveList
                0x004067b4       0x88 src/ASF/thirdparty/freertos/freertos-7.3.0/source/timers.o
 .text.prvProcessReceivedCommands
                0x0040683c      0x10c src/ASF/thirdparty/freertos/freertos-7.3.0/source/timers.o
 .text.prvSwitchTimerLists
                0x00406948       0xc8 src/ASF/thirdparty/freertos/freertos-7.3.0/source/timers.o
 .text.prvCheckForValidListAndQueue
                0x00406a10       0x64 src/ASF/thirdparty/freertos/freertos-7.3.0/source/timers.o
 .text.vCommTask
                0x00406a74      0x160 src/CommInterface.o
                0x00406a74                vCommTask
 .text.vCommInit
                0x00406bd4       0x10 src/CommInterface.o
                0x00406bd4                vCommInit
 .text.WriteMbusRegs
                0x00406be4      0x2dc src/CommInterface.o
                0x00406be4                WriteMbusRegs
 .text.SendRespPkt
                0x00406ec0       0x58 src/CommInterface.o
                0x00406ec0                SendRespPkt
 .text.osc_get_rate
                0x00406f18       0x74 src/main.o
 .text.sysclk_get_main_hz
                0x00406f8c       0x1c src/main.o
 .text.sysclk_get_cpu_hz
                0x00406fa8       0x14 src/main.o
 .text.main     0x00406fbc       0x9c src/main.o
                0x00406fbc                main
 .text.vApplicationMallocFailedHook
                0x00407058       0x10 src/main.o
                0x00407058                vApplicationMallocFailedHook
 .text.vInitPeripherals
                0x00407068      0x13c src/main.o
                0x00407068                vInitPeripherals
 .text.vBlinkTask
                0x004071a4       0x20 src/main.o
                0x004071a4                vBlinkTask
 .text.cos      0x004071c4       0x94 c:/program files (x86)/atmel/studio/7.0/toolchain/arm/arm-gnu-toolchain/bin/../lib/gcc/arm-none-eabi/5.3.1/../../../../arm-none-eabi/lib/armv7e-m\libm.a(lib_a-s_cos.o)
                0x004071c4                cos
 .text.sin      0x00407258       0x88 c:/program files (x86)/atmel/studio/7.0/toolchain/arm/arm-gnu-toolchain/bin/../lib/gcc/arm-none-eabi/5.3.1/../../../../arm-none-eabi/lib/armv7e-m\libm.a(lib_a-s_sin.o)
                0x00407258                sin
 .text.tan      0x004072e0       0x5c c:/program files (x86)/atmel/studio/7.0/toolchain/arm/arm-gnu-toolchain/bin/../lib/gcc/arm-none-eabi/5.3.1/../../../../arm-none-eabi/lib/armv7e-m\libm.a(lib_a-s_tan.o)
                0x004072e0                tan
 .text.acos     0x0040733c       0xb0 c:/program files (x86)/atmel/studio/7.0/toolchain/arm/arm-gnu-toolchain/bin/../lib/gcc/arm-none-eabi/5.3.1/../../../../arm-none-eabi/lib/armv7e-m\libm.a(lib_a-w_acos.o)
                0x0040733c                acos
 .text.asin     0x004073ec       0xb0 c:/program files (x86)/atmel/studio/7.0/toolchain/arm/arm-gnu-toolchain/bin/../lib/gcc/arm-none-eabi/5.3.1/../../../../arm-none-eabi/lib/armv7e-m\libm.a(lib_a-w_asin.o)
                0x004073ec                asin
 .text.atan2    0x0040749c        0x4 c:/program files (x86)/atmel/studio/7.0/toolchain/arm/arm-gnu-toolchain/bin/../lib/gcc/arm-none-eabi/5.3.1/../../../../arm-none-eabi/lib/armv7e-m\libm.a(lib_a-w_atan2.o)
                0x0040749c                atan2
 .text.sqrt     0x004074a0       0xb8 c:/program files (x86)/atmel/studio/7.0/toolchain/arm/arm-gnu-toolchain/bin/../lib/gcc/arm-none-eabi/5.3.1/../../../../arm-none-eabi/lib/armv7e-m\libm.a(lib_a-w_sqrt.o)
                0x004074a0                sqrt
 .text.__ieee754_acos
                0x00407558      0x4a8 c:/program files (x86)/atmel/studio/7.0/toolchain/arm/arm-gnu-toolchain/bin/../lib/gcc/arm-none-eabi/5.3.1/../../../../arm-none-eabi/lib/armv7e-m\libm.a(lib_a-e_acos.o)
                0x00407558                __ieee754_acos
 .text.__ieee754_asin
                0x00407a00      0x45c c:/program files (x86)/atmel/studio/7.0/toolchain/arm/arm-gnu-toolchain/bin/../lib/gcc/arm-none-eabi/5.3.1/../../../../arm-none-eabi/lib/armv7e-m\libm.a(lib_a-e_asin.o)
                0x00407a00                __ieee754_asin
 *fill*         0x00407e5c        0x4 
 .text.__ieee754_atan2
                0x00407e60      0x194 c:/program files (x86)/atmel/studio/7.0/toolchain/arm/arm-gnu-toolchain/bin/../lib/gcc/arm-none-eabi/5.3.1/../../../../arm-none-eabi/lib/armv7e-m\libm.a(lib_a-e_atan2.o)
                0x00407e60                __ieee754_atan2
 *fill*         0x00407ff4        0x4 
 .text.__ieee754_rem_pio2
                0x00407ff8      0x444 c:/program files (x86)/atmel/studio/7.0/toolchain/arm/arm-gnu-toolchain/bin/../lib/gcc/arm-none-eabi/5.3.1/../../../../arm-none-eabi/lib/armv7e-m\libm.a(lib_a-e_rem_pio2.o)
                0x00407ff8                __ieee754_rem_pio2
 .text.__ieee754_sqrt
                0x0040843c      0x180 c:/program files (x86)/atmel/studio/7.0/toolchain/arm/arm-gnu-toolchain/bin/../lib/gcc/arm-none-eabi/5.3.1/../../../../arm-none-eabi/lib/armv7e-m\libm.a(lib_a-e_sqrt.o)
                0x0040843c                __ieee754_sqrt
 *fill*         0x004085bc        0x4 
 .text.__kernel_cos
                0x004085c0      0x248 c:/program files (x86)/atmel/studio/7.0/toolchain/arm/arm-gnu-toolchain/bin/../lib/gcc/arm-none-eabi/5.3.1/../../../../arm-none-eabi/lib/armv7e-m\libm.a(lib_a-k_cos.o)
                0x004085c0                __kernel_cos
 .text.__kernel_rem_pio2
                0x00408808      0x7f8 c:/program files (x86)/atmel/studio/7.0/toolchain/arm/arm-gnu-toolchain/bin/../lib/gcc/arm-none-eabi/5.3.1/../../../../arm-none-eabi/lib/armv7e-m\libm.a(lib_a-k_rem_pio2.o)
                0x00408808                __kernel_rem_pio2
 .text.__kernel_sin
                0x00409000      0x16c c:/program files (x86)/atmel/studio/7.0/toolchain/arm/arm-gnu-toolchain/bin/../lib/gcc/arm-none-eabi/5.3.1/../../../../arm-none-eabi/lib/armv7e-m\libm.a(lib_a-k_sin.o)
                0x00409000                __kernel_sin
 *fill*         0x0040916c        0x4 
 .text.__kernel_tan
                0x00409170      0x38c c:/program files (x86)/atmel/studio/7.0/toolchain/arm/arm-gnu-toolchain/bin/../lib/gcc/arm-none-eabi/5.3.1/../../../../arm-none-eabi/lib/armv7e-m\libm.a(lib_a-k_tan.o)
                0x00409170                __kernel_tan
 *fill*         0x004094fc        0x4 
 .text.atan     0x00409500      0x33c c:/program files (x86)/atmel/studio/7.0/toolchain/arm/arm-gnu-toolchain/bin/../lib/gcc/arm-none-eabi/5.3.1/../../../../arm-none-eabi/lib/armv7e-m\libm.a(lib_a-s_atan.o)
                0x00409500                atan
 .text.fabs     0x0040983c        0x8 c:/program files (x86)/atmel/studio/7.0/toolchain/arm/arm-gnu-toolchain/bin/../lib/gcc/arm-none-eabi/5.3.1/../../../../arm-none-eabi/lib/armv7e-m\libm.a(lib_a-s_fabs.o)
                0x0040983c                fabs
 *fill*         0x00409844        0x4 
 .text.floor    0x00409848      0x110 c:/program files (x86)/atmel/studio/7.0/toolchain/arm/arm-gnu-toolchain/bin/../lib/gcc/arm-none-eabi/5.3.1/../../../../arm-none-eabi/lib/armv7e-m\libm.a(lib_a-s_floor.o)
                0x00409848                floor
 .text.matherr  0x00409958        0x4 c:/program files (x86)/atmel/studio/7.0/toolchain/arm/arm-gnu-toolchain/bin/../lib/gcc/arm-none-eabi/5.3.1/../../../../arm-none-eabi/lib/armv7e-m\libm.a(lib_a-s_matherr.o)
                0x00409958                matherr
 .text.nan      0x0040995c        0xc c:/program files (x86)/atmel/studio/7.0/toolchain/arm/arm-gnu-toolchain/bin/../lib/gcc/arm-none-eabi/5.3.1/../../../../arm-none-eabi/lib/armv7e-m\libm.a(lib_a-s_nan.o)
                0x0040995c                nan
 .text.scalbn   0x00409968       0xfc c:/program files (x86)/atmel/studio/7.0/toolchain/arm/arm-gnu-toolchain/bin/../lib/gcc/arm-none-eabi/5.3.1/../../../../arm-none-eabi/lib/armv7e-m\libm.a(lib_a-s_scalbn.o)
                0x00409968                scalbn
 .text.copysign
                0x00409a64       0x10 c:/program files (x86)/atmel/studio/7.0/toolchain/arm/arm-gnu-toolchain/bin/../lib/gcc/arm-none-eabi/5.3.1/../../../../arm-none-eabi/lib/armv7e-m\libm.a(lib_a-s_copysign.o)
                0x00409a64                copysign
 .text          0x00409a74      0x370 c:/program files (x86)/atmel/studio/7.0/toolchain/arm/arm-gnu-toolchain/bin/../lib/gcc/arm-none-eabi/5.3.1/armv7e-m\libgcc.a(_arm_addsubdf3.o)
                0x00409a74                __aeabi_drsub
                0x00409a7c                __aeabi_dsub
                0x00409a7c                __subdf3
                0x00409a80                __aeabi_dadd
                0x00409a80                __adddf3
                0x00409cf8                __floatunsidf
                0x00409cf8                __aeabi_ui2d
                0x00409d18                __floatsidf
                0x00409d18                __aeabi_i2d
                0x00409d3c                __aeabi_f2d
                0x00409d3c                __extendsfdf2
                0x00409d78                __floatundidf
                0x00409d78                __aeabi_ul2d
                0x00409d88                __floatdidf
                0x00409d88                __aeabi_l2d
 .text          0x00409de4      0x424 c:/program files (x86)/atmel/studio/7.0/toolchain/arm/arm-gnu-toolchain/bin/../lib/gcc/arm-none-eabi/5.3.1/armv7e-m\libgcc.a(_arm_muldivdf3.o)
                0x00409de4                __aeabi_dmul
                0x00409de4                __muldf3
                0x0040a038                __divdf3
                0x0040a038                __aeabi_ddiv
 .text          0x0040a208      0x110 c:/program files (x86)/atmel/studio/7.0/toolchain/arm/arm-gnu-toolchain/bin/../lib/gcc/arm-none-eabi/5.3.1/armv7e-m\libgcc.a(_arm_cmpdf2.o)
                0x0040a208                __gtdf2
                0x0040a208                __gedf2
                0x0040a210                __ltdf2
                0x0040a210                __ledf2
                0x0040a218                __nedf2
                0x0040a218                __eqdf2
                0x0040a218                __cmpdf2
                0x0040a294                __aeabi_cdrcmple
                0x0040a2a4                __aeabi_cdcmpeq
                0x0040a2a4                __aeabi_cdcmple
                0x0040a2b4                __aeabi_dcmpeq
                0x0040a2c8                __aeabi_dcmplt
                0x0040a2dc                __aeabi_dcmple
                0x0040a2f0                __aeabi_dcmpge
                0x0040a304                __aeabi_dcmpgt
 .text          0x0040a318       0x2c c:/program files (x86)/atmel/studio/7.0/toolchain/arm/arm-gnu-toolchain/bin/../lib/gcc/arm-none-eabi/5.3.1/armv7e-m\libgcc.a(_arm_unorddf2.o)
                0x0040a318                __unorddf2
                0x0040a318                __aeabi_dcmpun
 .text          0x0040a344       0x50 c:/program files (x86)/atmel/studio/7.0/toolchain/arm/arm-gnu-toolchain/bin/../lib/gcc/arm-none-eabi/5.3.1/armv7e-m\libgcc.a(_arm_fixdfsi.o)
                0x0040a344                __aeabi_d2iz
                0x0040a344                __fixdfsi
 .text          0x0040a394       0xa0 c:/program files (x86)/atmel/studio/7.0/toolchain/arm/arm-gnu-toolchain/bin/../lib/gcc/arm-none-eabi/5.3.1/armv7e-m\libgcc.a(_arm_truncdfsf2.o)
                0x0040a394                __truncdfsf2
                0x0040a394                __aeabi_d2f
 .text          0x0040a434      0x21c c:/program files (x86)/atmel/studio/7.0/toolchain/arm/arm-gnu-toolchain/bin/../lib/gcc/arm-none-eabi/5.3.1/armv7e-m\libgcc.a(_arm_addsubsf3.o)
                0x0040a434                __aeabi_frsub
                0x0040a43c                __subsf3
                0x0040a43c                __aeabi_fsub
                0x0040a440                __aeabi_fadd
                0x0040a440                __addsf3
                0x0040a5a0                __aeabi_ui2f
                0x0040a5a0                __floatunsisf
                0x0040a5a8                __aeabi_i2f
                0x0040a5a8                __floatsisf
                0x0040a5c4                __aeabi_ul2f
                0x0040a5c4                __floatundisf
                0x0040a5d4                __aeabi_l2f
                0x0040a5d4                __floatdisf
 .text          0x0040a650      0x2a0 c:/program files (x86)/atmel/studio/7.0/toolchain/arm/arm-gnu-toolchain/bin/../lib/gcc/arm-none-eabi/5.3.1/armv7e-m\libgcc.a(_arm_muldivsf3.o)
                0x0040a650                __mulsf3
                0x0040a650                __aeabi_fmul
                0x0040a7b8                __aeabi_fdiv
                0x0040a7b8                __divsf3
 .text          0x0040a8f0       0xec c:/program files (x86)/atmel/studio/7.0/toolchain/arm/arm-gnu-toolchain/bin/../lib/gcc/arm-none-eabi/5.3.1/armv7e-m\libgcc.a(_arm_cmpsf2.o)
                0x0040a8f0                __gesf2
                0x0040a8f0                __gtsf2
                0x0040a8f8                __lesf2
                0x0040a8f8                __ltsf2
                0x0040a900                __nesf2
                0x0040a900                __eqsf2
                0x0040a900                __cmpsf2
                0x0040a960                __aeabi_cfrcmple
                0x0040a968                __aeabi_cfcmpeq
                0x0040a968                __aeabi_cfcmple
                0x0040a978                __aeabi_fcmpeq
                0x0040a98c                __aeabi_fcmplt
                0x0040a9a0                __aeabi_fcmple
                0x0040a9b4                __aeabi_fcmpge
                0x0040a9c8                __aeabi_fcmpgt
 .text          0x0040a9dc       0x4c c:/program files (x86)/atmel/studio/7.0/toolchain/arm/arm-gnu-toolchain/bin/../lib/gcc/arm-none-eabi/5.3.1/armv7e-m\libgcc.a(_arm_fixsfsi.o)
                0x0040a9dc                __aeabi_f2iz
                0x0040a9dc                __fixsfsi
 .text          0x0040aa28       0x30 c:/program files (x86)/atmel/studio/7.0/toolchain/arm/arm-gnu-toolchain/bin/../lib/gcc/arm-none-eabi/5.3.1/armv7e-m\libgcc.a(_aeabi_uldivmod.o)
                0x0040aa28                __aeabi_uldivmod
 .text          0x0040aa58      0x2e4 c:/program files (x86)/atmel/studio/7.0/toolchain/arm/arm-gnu-toolchain/bin/../lib/gcc/arm-none-eabi/5.3.1/armv7e-m\libgcc.a(_udivmoddi4.o)
                0x0040aa58                __udivmoddi4
 .text          0x0040ad3c        0x4 c:/program files (x86)/atmel/studio/7.0/toolchain/arm/arm-gnu-toolchain/bin/../lib/gcc/arm-none-eabi/5.3.1/armv7e-m\libgcc.a(_dvmd_tls.o)
                0x0040ad3c                __aeabi_idiv0
                0x0040ad3c                __aeabi_ldiv0
 .text.__errno  0x0040ad40        0xc c:/program files (x86)/atmel/studio/7.0/toolchain/arm/arm-gnu-toolchain/bin/../lib/gcc/arm-none-eabi/5.3.1/../../../../arm-none-eabi/lib/armv7e-m\libc.a(lib_a-errno.o)
                0x0040ad40                __errno
 .text.__libc_init_array
                0x0040ad4c       0x50 c:/program files (x86)/atmel/studio/7.0/toolchain/arm/arm-gnu-toolchain/bin/../lib/gcc/arm-none-eabi/5.3.1/../../../../arm-none-eabi/lib/armv7e-m\libc.a(lib_a-init.o)
                0x0040ad4c                __libc_init_array
 .text          0x0040ad9c      0x134 c:/program files (x86)/atmel/studio/7.0/toolchain/arm/arm-gnu-toolchain/bin/../lib/gcc/arm-none-eabi/5.3.1/../../../../arm-none-eabi/lib/armv7e-m\libc.a(lib_a-memcpy.o)
                0x0040ad9c                memcpy
 .text.memset   0x0040aed0       0x9c c:/program files (x86)/atmel/studio/7.0/toolchain/arm/arm-gnu-toolchain/bin/../lib/gcc/arm-none-eabi/5.3.1/../../../../arm-none-eabi/lib/armv7e-m\libc.a(lib_a-memset.o)
                0x0040aed0                memset
 .text.strncpy  0x0040af6c       0x68 c:/program files (x86)/atmel/studio/7.0/toolchain/arm/arm-gnu-toolchain/bin/../lib/gcc/arm-none-eabi/5.3.1/../../../../arm-none-eabi/lib/armv7e-m\libc.a(lib_a-strncpy.o)
                0x0040af6c                strncpy
 .text.startup.register_fini
                0x0040afd4       0x14 c:/program files (x86)/atmel/studio/7.0/toolchain/arm/arm-gnu-toolchain/bin/../lib/gcc/arm-none-eabi/5.3.1/../../../../arm-none-eabi/lib/armv7e-m\libc.a(lib_a-__call_atexit.o)
 .text.atexit   0x0040afe8        0xc c:/program files (x86)/atmel/studio/7.0/toolchain/arm/arm-gnu-toolchain/bin/../lib/gcc/arm-none-eabi/5.3.1/../../../../arm-none-eabi/lib/armv7e-m\libc.a(lib_a-atexit.o)
                0x0040afe8                atexit
 .text.__libc_fini_array
                0x0040aff4       0x28 c:/program files (x86)/atmel/studio/7.0/toolchain/arm/arm-gnu-toolchain/bin/../lib/gcc/arm-none-eabi/5.3.1/../../../../arm-none-eabi/lib/armv7e-m\libc.a(lib_a-fini.o)
                0x0040aff4                __libc_fini_array
 .text.__register_exitproc
                0x0040b01c       0xa4 c:/program files (x86)/atmel/studio/7.0/toolchain/arm/arm-gnu-toolchain/bin/../lib/gcc/arm-none-eabi/5.3.1/../../../../arm-none-eabi/lib/armv7e-m\libc.a(lib_a-__atexit.o)
                0x0040b01c                __register_exitproc
 *(.glue_7t)
 .glue_7t       0x0040b0c0        0x0 linker stubs
 *(.glue_7)
 .glue_7        0x0040b0c0        0x0 linker stubs
 *(.rodata .rodata* .gnu.linkonce.r.*)
 .rodata        0x0040b0c0       0x18 src/rs485pdc.o
 .rodata.all_twi_definitions
                0x0040b0d8       0x20 src/ASF/common/services/freertos/sam/freertos_twi_master.o
 .rodata.all_usart_definitions
                0x0040b0f8       0x20 src/ASF/common/services/freertos/sam/freertos_usart_serial.o
 .rodata        0x0040b118        0x5 src/ASF/thirdparty/freertos/freertos-7.3.0/source/tasks.o
 *fill*         0x0040b11d        0x3 
 .rodata        0x0040b120        0x8 src/ASF/thirdparty/freertos/freertos-7.3.0/source/timers.o
 .rodata        0x0040b128       0x13 src/main.o
 *fill*         0x0040b13b        0x1 
 .rodata.str1.4
                0x0040b13c        0x5 c:/program files (x86)/atmel/studio/7.0/toolchain/arm/arm-gnu-toolchain/bin/../lib/gcc/arm-none-eabi/5.3.1/../../../../arm-none-eabi/lib/armv7e-m\libm.a(lib_a-w_acos.o)
                                  0x9 (size before relaxing)
 *fill*         0x0040b141        0x3 
 .rodata.str1.4
                0x0040b144        0x5 c:/program files (x86)/atmel/studio/7.0/toolchain/arm/arm-gnu-toolchain/bin/../lib/gcc/arm-none-eabi/5.3.1/../../../../arm-none-eabi/lib/armv7e-m\libm.a(lib_a-w_asin.o)
                                  0x9 (size before relaxing)
 *fill*         0x0040b149        0x3 
 .rodata.str1.4
                0x0040b14c        0x5 c:/program files (x86)/atmel/studio/7.0/toolchain/arm/arm-gnu-toolchain/bin/../lib/gcc/arm-none-eabi/5.3.1/../../../../arm-none-eabi/lib/armv7e-m\libm.a(lib_a-w_sqrt.o)
 *fill*         0x0040b151        0x3 
 .rodata.npio2_hw
                0x0040b154       0x80 c:/program files (x86)/atmel/studio/7.0/toolchain/arm/arm-gnu-toolchain/bin/../lib/gcc/arm-none-eabi/5.3.1/../../../../arm-none-eabi/lib/armv7e-m\libm.a(lib_a-e_rem_pio2.o)
 .rodata.two_over_pi
                0x0040b1d4      0x108 c:/program files (x86)/atmel/studio/7.0/toolchain/arm/arm-gnu-toolchain/bin/../lib/gcc/arm-none-eabi/5.3.1/../../../../arm-none-eabi/lib/armv7e-m\libm.a(lib_a-e_rem_pio2.o)
 .rodata.init_jk
                0x0040b2dc       0x10 c:/program files (x86)/atmel/studio/7.0/toolchain/arm/arm-gnu-toolchain/bin/../lib/gcc/arm-none-eabi/5.3.1/../../../../arm-none-eabi/lib/armv7e-m\libm.a(lib_a-k_rem_pio2.o)
 *fill*         0x0040b2ec        0x4 
 .rodata.PIo2   0x0040b2f0       0x40 c:/program files (x86)/atmel/studio/7.0/toolchain/arm/arm-gnu-toolchain/bin/../lib/gcc/arm-none-eabi/5.3.1/../../../../arm-none-eabi/lib/armv7e-m\libm.a(lib_a-k_rem_pio2.o)
 .rodata.atanlo
                0x0040b330       0x20 c:/program files (x86)/atmel/studio/7.0/toolchain/arm/arm-gnu-toolchain/bin/../lib/gcc/arm-none-eabi/5.3.1/../../../../arm-none-eabi/lib/armv7e-m\libm.a(lib_a-s_atan.o)
 .rodata.atanhi
                0x0040b350       0x20 c:/program files (x86)/atmel/studio/7.0/toolchain/arm/arm-gnu-toolchain/bin/../lib/gcc/arm-none-eabi/5.3.1/../../../../arm-none-eabi/lib/armv7e-m\libm.a(lib_a-s_atan.o)
 .rodata.str1.4
                0x0040b370        0x4 c:/program files (x86)/atmel/studio/7.0/toolchain/arm/arm-gnu-toolchain/bin/../lib/gcc/arm-none-eabi/5.3.1/../../../../arm-none-eabi/lib/armv7e-m\libc.a(lib_a-impure.o)
                                  0x2 (size before relaxing)
 .rodata._global_impure_ptr
                0x0040b374        0x4 c:/program files (x86)/atmel/studio/7.0/toolchain/arm/arm-gnu-toolchain/bin/../lib/gcc/arm-none-eabi/5.3.1/../../../../arm-none-eabi/lib/armv7e-m\libc.a(lib_a-impure.o)
                0x0040b374                _global_impure_ptr
 *(.ARM.extab* .gnu.linkonce.armextab.*)
                0x0040b378                . = ALIGN (0x4)
 *(.init)
 .init          0x0040b378        0x4 c:/program files (x86)/atmel/studio/7.0/toolchain/arm/arm-gnu-toolchain/bin/../lib/gcc/arm-none-eabi/5.3.1/armv7e-m/crti.o
                0x0040b378                _init
 .init          0x0040b37c        0x8 c:/program files (x86)/atmel/studio/7.0/toolchain/arm/arm-gnu-toolchain/bin/../lib/gcc/arm-none-eabi/5.3.1/armv7e-m/crtn.o
                0x0040b384                . = ALIGN (0x4)
                0x0040b384                __preinit_array_start = .
 *(.preinit_array)
                0x0040b384                __preinit_array_end = .
                0x0040b384                . = ALIGN (0x4)
                0x0040b384                __init_array_start = .
 *(SORT(.init_array.*))
 .init_array.00000
                0x0040b384        0x4 c:/program files (x86)/atmel/studio/7.0/toolchain/arm/arm-gnu-toolchain/bin/../lib/gcc/arm-none-eabi/5.3.1/../../../../arm-none-eabi/lib/armv7e-m\libc.a(lib_a-__call_atexit.o)
 *(.init_array)
 .init_array    0x0040b388        0x4 c:/program files (x86)/atmel/studio/7.0/toolchain/arm/arm-gnu-toolchain/bin/../lib/gcc/arm-none-eabi/5.3.1/armv7e-m/crtbegin.o
                0x0040b38c                __init_array_end = .
                0x0040b38c                . = ALIGN (0x4)
 *crtbegin.o(.ctors)
 *(EXCLUDE_FILE(*crtend.o) .ctors)
 *(SORT(.ctors.*))
 *crtend.o(.ctors)
                0x0040b38c                . = ALIGN (0x4)
 *(.fini)
 .fini          0x0040b38c        0x4 c:/program files (x86)/atmel/studio/7.0/toolchain/arm/arm-gnu-toolchain/bin/../lib/gcc/arm-none-eabi/5.3.1/armv7e-m/crti.o
                0x0040b38c                _fini
 .fini          0x0040b390        0x8 c:/program files (x86)/atmel/studio/7.0/toolchain/arm/arm-gnu-toolchain/bin/../lib/gcc/arm-none-eabi/5.3.1/armv7e-m/crtn.o
                0x0040b398                . = ALIGN (0x4)
                0x0040b398                __fini_array_start = .
 *(.fini_array)
 .fini_array    0x0040b398        0x4 c:/program files (x86)/atmel/studio/7.0/toolchain/arm/arm-gnu-toolchain/bin/../lib/gcc/arm-none-eabi/5.3.1/armv7e-m/crtbegin.o
 *(SORT(.fini_array.*))
                0x0040b39c                __fini_array_end = .
 *crtbegin.o(.dtors)
 *(EXCLUDE_FILE(*crtend.o) .dtors)
 *(SORT(.dtors.*))
 *crtend.o(.dtors)
                0x0040b39c                . = ALIGN (0x4)
                0x0040b39c                _efixed = .
                [!provide]                PROVIDE (__exidx_start, .)

.vfp11_veneer   0x0040b39c        0x0
 .vfp11_veneer  0x0040b39c        0x0 linker stubs

.v4_bx          0x0040b39c        0x0
 .v4_bx         0x0040b39c        0x0 linker stubs

.iplt           0x0040b39c        0x0
 .iplt          0x0040b39c        0x0 c:/program files (x86)/atmel/studio/7.0/toolchain/arm/arm-gnu-toolchain/bin/../lib/gcc/arm-none-eabi/5.3.1/armv7e-m/crtbegin.o

.ARM.exidx      0x0040b39c        0x8
 *(.ARM.exidx* .gnu.linkonce.armexidx.*)
 .ARM.exidx     0x0040b39c        0x8 c:/program files (x86)/atmel/studio/7.0/toolchain/arm/arm-gnu-toolchain/bin/../lib/gcc/arm-none-eabi/5.3.1/armv7e-m\libgcc.a(_udivmoddi4.o)
                [!provide]                PROVIDE (__exidx_end, .)

.eh_frame       0x0040b3a4        0x0
 .eh_frame      0x0040b3a4        0x0 c:/program files (x86)/atmel/studio/7.0/toolchain/arm/arm-gnu-toolchain/bin/../lib/gcc/arm-none-eabi/5.3.1/armv7e-m/crtbegin.o

.rel.dyn        0x0040b3a4        0x0
 .rel.iplt      0x0040b3a4        0x0 c:/program files (x86)/atmel/studio/7.0/toolchain/arm/arm-gnu-toolchain/bin/../lib/gcc/arm-none-eabi/5.3.1/armv7e-m/crtbegin.o

.jcr            0x0040b3a4        0x0
 .jcr           0x0040b3a4        0x0 c:/program files (x86)/atmel/studio/7.0/toolchain/arm/arm-gnu-toolchain/bin/../lib/gcc/arm-none-eabi/5.3.1/armv7e-m/crtbegin.o

.igot.plt       0x0040b3a4        0x0
 .igot.plt      0x0040b3a4        0x0 c:/program files (x86)/atmel/studio/7.0/toolchain/arm/arm-gnu-toolchain/bin/../lib/gcc/arm-none-eabi/5.3.1/armv7e-m/crtbegin.o
                0x0040b3a4                . = ALIGN (0x4)
                0x0040b3a4                _etext = .

.relocate       0x20000000      0x55c load address 0x0040b3a4
                0x20000000                . = ALIGN (0x4)
                0x20000000                _srelocate = .
 *(.ramfunc .ramfunc.*)
 .ramfunc       0x20000000       0xf0 src/ASF/sam/drivers/efc/efc.o
                0x20000000                efc_perform_read_sequence
                0x200000a4                efc_write_fmr
                0x200000c0                efc_perform_fcr
 .ramfunc       0x200000f0        0xc src/ASF/common/services/delay/sam/cycle_counter.o
                0x200000f0                portable_delay_cycles
 *(.data .data.*)
 .data.lat      0x200000fc        0x4 src/PvTracker.o
                0x200000fc                lat
 .data.lon      0x20000100        0x4 src/PvTracker.o
                0x20000100                lon
 .data.timeZone
                0x20000104        0x4 src/PvTracker.o
                0x20000104                timeZone
 .data.dist     0x20000108        0x4 src/PvTracker.o
                0x20000108                dist
 .data.width    0x2000010c        0x4 src/PvTracker.o
                0x2000010c                width
 .data.pvAngleRng
                0x20000110        0x4 src/PvTracker.o
                0x20000110                pvAngleRng
 .data.g_interrupt_enabled
                0x20000114        0x1 src/ASF/common/utils/interrupt/interrupt_sam_nvic.o
                0x20000114                g_interrupt_enabled
 *fill*         0x20000115        0x3 
 .data.SystemCoreClock
                0x20000118        0x4 src/ASF/sam/utils/cmsis/sam4s/source/templates/system_sam4s.o
                0x20000118                SystemCoreClock
 .data.uxCriticalNesting
                0x2000011c        0x4 src/ASF/thirdparty/freertos/freertos-7.3.0/source/portable/gcc/sam/port.o
 .data.xFreeBytesRemaining
                0x20000120        0x4 src/ASF/thirdparty/freertos/freertos-7.3.0/source/portable/memmang/heap_4.o
 .data.xNextTaskUnblockTime
                0x20000124        0x4 src/ASF/thirdparty/freertos/freertos-7.3.0/source/tasks.o
 .data.slaveAddr
                0x20000128        0x1 src/CommInterface.o
                0x20000128                slaveAddr
 .data.__fdlib_version
                0x20000129        0x1 c:/program files (x86)/atmel/studio/7.0/toolchain/arm/arm-gnu-toolchain/bin/../lib/gcc/arm-none-eabi/5.3.1/../../../../arm-none-eabi/lib/armv7e-m\libm.a(lib_a-s_lib_ver.o)
                0x20000129                __fdlib_version
 *fill*         0x2000012a        0x6 
 .data.impure_data
                0x20000130      0x428 c:/program files (x86)/atmel/studio/7.0/toolchain/arm/arm-gnu-toolchain/bin/../lib/gcc/arm-none-eabi/5.3.1/../../../../arm-none-eabi/lib/armv7e-m\libc.a(lib_a-impure.o)
 .data._impure_ptr
                0x20000558        0x4 c:/program files (x86)/atmel/studio/7.0/toolchain/arm/arm-gnu-toolchain/bin/../lib/gcc/arm-none-eabi/5.3.1/../../../../arm-none-eabi/lib/armv7e-m\libc.a(lib_a-impure.o)
                0x20000558                _impure_ptr
                0x2000055c                . = ALIGN (0x4)
                0x2000055c                _erelocate = .

.bss            0x20000560     0x24b8 load address 0x0040b908
                0x20000560                . = ALIGN (0x4)
                0x20000560                _sbss = .
                0x20000560                _szero = .
 *(.bss .bss.*)
 .bss           0x20000560       0x1c c:/program files (x86)/atmel/studio/7.0/toolchain/arm/arm-gnu-toolchain/bin/../lib/gcc/arm-none-eabi/5.3.1/armv7e-m/crtbegin.o
 .bss.gs_ul_page_buffer
                0x2000057c      0x200 src/ASF/sam/services/flash_efc/flash_efc.o
 .bss.mBusRegs  0x2000077c       0x48 src/mbusStack.o
                0x2000077c                mBusRegs
 .bss.bkTrkFlg  0x200007c4        0x1 src/PvTracker.o
                0x200007c4                bkTrkFlg
 .bss.minCtr    0x200007c5        0x1 src/PvTracker.o
                0x200007c5                minCtr
 *fill*         0x200007c6        0x2 
 .bss.tx_dma_control
                0x200007c8       0x10 src/ASF/common/services/freertos/sam/freertos_twi_master.o
 .bss.rx_dma_control
                0x200007d8       0x10 src/ASF/common/services/freertos/sam/freertos_twi_master.o
 .bss.twis      0x200007e8       0x10 src/ASF/common/services/freertos/sam/freertos_twi_master.o
 .bss.rx_buffer_definitions
                0x200007f8       0x38 src/ASF/common/services/freertos/sam/freertos_usart_serial.o
 .bss.tx_dma_control
                0x20000830       0x10 src/ASF/common/services/freertos/sam/freertos_usart_serial.o
 .bss.ul_reg_val.7456
                0x20000840        0x4 src/ASF/sam/drivers/usart/usart.o
 .bss.gs_interrupt_sources
                0x20000844       0x70 src/ASF/sam/drivers/pio/pio_handler.o
 .bss.gs_ul_nb_sources
                0x200008b4        0x4 src/ASF/sam/drivers/pio/pio_handler.o
 .bss.pio_capture_handler
                0x200008b8        0x4 src/ASF/sam/drivers/pio/pio_handler.o
 *fill*         0x200008bc        0x4 
 .bss.xHeap     0x200008c0     0x2000 src/ASF/thirdparty/freertos/freertos-7.3.0/source/portable/memmang/heap_4.o
 .bss.xStart    0x200028c0        0x8 src/ASF/thirdparty/freertos/freertos-7.3.0/source/portable/memmang/heap_4.o
 .bss.pxEnd     0x200028c8        0x4 src/ASF/thirdparty/freertos/freertos-7.3.0/source/portable/memmang/heap_4.o
 .bss.pxCurrentTCB
                0x200028cc        0x4 src/ASF/thirdparty/freertos/freertos-7.3.0/source/tasks.o
                0x200028cc                pxCurrentTCB
 .bss.pxReadyTasksLists
                0x200028d0       0x64 src/ASF/thirdparty/freertos/freertos-7.3.0/source/tasks.o
 .bss.xDelayedTaskList1
                0x20002934       0x14 src/ASF/thirdparty/freertos/freertos-7.3.0/source/tasks.o
 .bss.xDelayedTaskList2
                0x20002948       0x14 src/ASF/thirdparty/freertos/freertos-7.3.0/source/tasks.o
 .bss.pxDelayedTaskList
                0x2000295c        0x4 src/ASF/thirdparty/freertos/freertos-7.3.0/source/tasks.o
 .bss.pxOverflowDelayedTaskList
                0x20002960        0x4 src/ASF/thirdparty/freertos/freertos-7.3.0/source/tasks.o
 .bss.xPendingReadyList
                0x20002964       0x14 src/ASF/thirdparty/freertos/freertos-7.3.0/source/tasks.o
 .bss.xTasksWaitingTermination
                0x20002978       0x14 src/ASF/thirdparty/freertos/freertos-7.3.0/source/tasks.o
 .bss.uxTasksDeleted
                0x2000298c        0x4 src/ASF/thirdparty/freertos/freertos-7.3.0/source/tasks.o
 .bss.xSuspendedTaskList
                0x20002990       0x14 src/ASF/thirdparty/freertos/freertos-7.3.0/source/tasks.o
 .bss.uxCurrentNumberOfTasks
                0x200029a4        0x4 src/ASF/thirdparty/freertos/freertos-7.3.0/source/tasks.o
 .bss.xTickCount
                0x200029a8        0x4 src/ASF/thirdparty/freertos/freertos-7.3.0/source/tasks.o
 .bss.uxTopUsedPriority
                0x200029ac        0x4 src/ASF/thirdparty/freertos/freertos-7.3.0/source/tasks.o
 .bss.uxTopReadyPriority
                0x200029b0        0x4 src/ASF/thirdparty/freertos/freertos-7.3.0/source/tasks.o
 .bss.xSchedulerRunning
                0x200029b4        0x4 src/ASF/thirdparty/freertos/freertos-7.3.0/source/tasks.o
 .bss.uxSchedulerSuspended
                0x200029b8        0x4 src/ASF/thirdparty/freertos/freertos-7.3.0/source/tasks.o
 .bss.uxMissedTicks
                0x200029bc        0x4 src/ASF/thirdparty/freertos/freertos-7.3.0/source/tasks.o
 .bss.xMissedYield
                0x200029c0        0x4 src/ASF/thirdparty/freertos/freertos-7.3.0/source/tasks.o
 .bss.xNumOfOverflows
                0x200029c4        0x4 src/ASF/thirdparty/freertos/freertos-7.3.0/source/tasks.o
 .bss.uxTaskNumber
                0x200029c8        0x4 src/ASF/thirdparty/freertos/freertos-7.3.0/source/tasks.o
 .bss.xActiveTimerList1
                0x200029cc       0x14 src/ASF/thirdparty/freertos/freertos-7.3.0/source/timers.o
 .bss.xActiveTimerList2
                0x200029e0       0x14 src/ASF/thirdparty/freertos/freertos-7.3.0/source/timers.o
 .bss.pxCurrentTimerList
                0x200029f4        0x4 src/ASF/thirdparty/freertos/freertos-7.3.0/source/timers.o
 .bss.pxOverflowTimerList
                0x200029f8        0x4 src/ASF/thirdparty/freertos/freertos-7.3.0/source/timers.o
 .bss.xTimerQueue
                0x200029fc        0x4 src/ASF/thirdparty/freertos/freertos-7.3.0/source/timers.o
 .bss.xLastTime.4590
                0x20002a00        0x4 src/ASF/thirdparty/freertos/freertos-7.3.0/source/timers.o
 *(COMMON)
 COMMON         0x20002a04        0x4 src/mbusStack.o
                0x20002a04                writeFunc
 COMMON         0x20002a08        0xc src/rs485pdc.o
                0x20002a08                rs485PdcBase
                0x20002a0c                rs485PdcPkt
 COMMON         0x20002a14        0x4 src/ASF/sam/drivers/pio/pio.o
                0x20002a14                pio_capture_enable_flag
                0x20002a18                . = ALIGN (0x4)
                0x20002a18                _ebss = .
                0x20002a18                _ezero = .

.stack          0x20002a18     0x3000 load address 0x0040ddc0
                0x20002a18                . = ALIGN (0x8)
                0x20002a18                _sstack = .
                0x20005a18                . = (. + __stack_size__)
 *fill*         0x20002a18     0x3000 
                0x20005a18                . = ALIGN (0x8)
                0x20005a18                _estack = .
                0x20005a18                . = ALIGN (0x4)
                0x20005a18                _end = .
OUTPUT(SAMSEPTRKR.elf elf32-littlearm)

.ARM.attributes
                0x00000000       0x2a
 .ARM.attributes
                0x00000000       0x1e c:/program files (x86)/atmel/studio/7.0/toolchain/arm/arm-gnu-toolchain/bin/../lib/gcc/arm-none-eabi/5.3.1/armv7e-m/crti.o
 .ARM.attributes
                0x0000001e       0x2e c:/program files (x86)/atmel/studio/7.0/toolchain/arm/arm-gnu-toolchain/bin/../lib/gcc/arm-none-eabi/5.3.1/armv7e-m/crtbegin.o
 .ARM.attributes
                0x0000004c       0x33 src/ASF/common/drivers/nvm/sam/sam_nvm.o
 .ARM.attributes
                0x0000007f       0x33 src/ASF/sam/drivers/efc/efc.o
 .ARM.attributes
                0x000000b2       0x33 src/ASF/sam/services/flash_efc/flash_efc.o
 .ARM.attributes
                0x000000e5       0x33 src/DS3231.o
 .ARM.attributes
                0x00000118       0x33 src/ICM20648.o
 .ARM.attributes
                0x0000014b       0x33 src/mbusStack.o
 .ARM.attributes
                0x0000017e       0x33 src/PvTracker.o
 .ARM.attributes
                0x000001b1       0x33 src/rs485pdc.o
 .ARM.attributes
                0x000001e4       0x33 src/ASF/common/services/freertos/sam/freertos_twi_master.o
 .ARM.attributes
                0x00000217       0x33 src/ASF/common/services/freertos/sam/freertos_usart_serial.o
 .ARM.attributes
                0x0000024a       0x33 src/ASF/sam/drivers/pdc/pdc.o
 .ARM.attributes
                0x0000027d       0x33 src/ASF/sam/drivers/twi/twi.o
 .ARM.attributes
                0x000002b0       0x33 src/ASF/sam/drivers/usart/usart.o
 .ARM.attributes
                0x000002e3       0x33 src/ASF/common/boards/user_board/init.o
 .ARM.attributes
                0x00000316       0x33 src/ASF/common/services/clock/sam4s/sysclk.o
 .ARM.attributes
                0x00000349       0x33 src/ASF/common/services/delay/sam/cycle_counter.o
 .ARM.attributes
                0x0000037c       0x33 src/ASF/common/utils/interrupt/interrupt_sam_nvic.o
 .ARM.attributes
                0x000003af       0x33 src/ASF/sam/drivers/pio/pio.o
 .ARM.attributes
                0x000003e2       0x33 src/ASF/sam/drivers/pio/pio_handler.o
 .ARM.attributes
                0x00000415       0x33 src/ASF/sam/drivers/pmc/pmc.o
 .ARM.attributes
                0x00000448       0x33 src/ASF/sam/utils/cmsis/sam4s/source/templates/gcc/startup_sam4s.o
 .ARM.attributes
                0x0000047b       0x33 src/ASF/sam/utils/cmsis/sam4s/source/templates/system_sam4s.o
 .ARM.attributes
                0x000004ae       0x33 src/ASF/thirdparty/freertos/freertos-7.3.0/source/list.o
 .ARM.attributes
                0x000004e1       0x33 src/ASF/thirdparty/freertos/freertos-7.3.0/source/portable/gcc/sam/port.o
 .ARM.attributes
                0x00000514       0x33 src/ASF/thirdparty/freertos/freertos-7.3.0/source/portable/memmang/heap_4.o
 .ARM.attributes
                0x00000547       0x33 src/ASF/thirdparty/freertos/freertos-7.3.0/source/queue.o
 .ARM.attributes
                0x0000057a       0x33 src/ASF/thirdparty/freertos/freertos-7.3.0/source/tasks.o
 .ARM.attributes
                0x000005ad       0x33 src/ASF/thirdparty/freertos/freertos-7.3.0/source/timers.o
 .ARM.attributes
                0x000005e0       0x33 src/CommInterface.o
 .ARM.attributes
                0x00000613       0x33 src/main.o
 .ARM.attributes
                0x00000646       0x2e c:/program files (x86)/atmel/studio/7.0/toolchain/arm/arm-gnu-toolchain/bin/../lib/gcc/arm-none-eabi/5.3.1/../../../../arm-none-eabi/lib/armv7e-m\libm.a(lib_a-s_cos.o)
 .ARM.attributes
                0x00000674       0x2e c:/program files (x86)/atmel/studio/7.0/toolchain/arm/arm-gnu-toolchain/bin/../lib/gcc/arm-none-eabi/5.3.1/../../../../arm-none-eabi/lib/armv7e-m\libm.a(lib_a-s_sin.o)
 .ARM.attributes
                0x000006a2       0x2e c:/program files (x86)/atmel/studio/7.0/toolchain/arm/arm-gnu-toolchain/bin/../lib/gcc/arm-none-eabi/5.3.1/../../../../arm-none-eabi/lib/armv7e-m\libm.a(lib_a-s_tan.o)
 .ARM.attributes
                0x000006d0       0x2e c:/program files (x86)/atmel/studio/7.0/toolchain/arm/arm-gnu-toolchain/bin/../lib/gcc/arm-none-eabi/5.3.1/../../../../arm-none-eabi/lib/armv7e-m\libm.a(lib_a-w_acos.o)
 .ARM.attributes
                0x000006fe       0x2e c:/program files (x86)/atmel/studio/7.0/toolchain/arm/arm-gnu-toolchain/bin/../lib/gcc/arm-none-eabi/5.3.1/../../../../arm-none-eabi/lib/armv7e-m\libm.a(lib_a-w_asin.o)
 .ARM.attributes
                0x0000072c       0x2e c:/program files (x86)/atmel/studio/7.0/toolchain/arm/arm-gnu-toolchain/bin/../lib/gcc/arm-none-eabi/5.3.1/../../../../arm-none-eabi/lib/armv7e-m\libm.a(lib_a-w_atan2.o)
 .ARM.attributes
                0x0000075a       0x2e c:/program files (x86)/atmel/studio/7.0/toolchain/arm/arm-gnu-toolchain/bin/../lib/gcc/arm-none-eabi/5.3.1/../../../../arm-none-eabi/lib/armv7e-m\libm.a(lib_a-w_sqrt.o)
 .ARM.attributes
                0x00000788       0x2e c:/program files (x86)/atmel/studio/7.0/toolchain/arm/arm-gnu-toolchain/bin/../lib/gcc/arm-none-eabi/5.3.1/../../../../arm-none-eabi/lib/armv7e-m\libm.a(lib_a-e_acos.o)
 .ARM.attributes
                0x000007b6       0x2e c:/program files (x86)/atmel/studio/7.0/toolchain/arm/arm-gnu-toolchain/bin/../lib/gcc/arm-none-eabi/5.3.1/../../../../arm-none-eabi/lib/armv7e-m\libm.a(lib_a-e_asin.o)
 .ARM.attributes
                0x000007e4       0x2e c:/program files (x86)/atmel/studio/7.0/toolchain/arm/arm-gnu-toolchain/bin/../lib/gcc/arm-none-eabi/5.3.1/../../../../arm-none-eabi/lib/armv7e-m\libm.a(lib_a-e_atan2.o)
 .ARM.attributes
                0x00000812       0x2e c:/program files (x86)/atmel/studio/7.0/toolchain/arm/arm-gnu-toolchain/bin/../lib/gcc/arm-none-eabi/5.3.1/../../../../arm-none-eabi/lib/armv7e-m\libm.a(lib_a-e_rem_pio2.o)
 .ARM.attributes
                0x00000840       0x2e c:/program files (x86)/atmel/studio/7.0/toolchain/arm/arm-gnu-toolchain/bin/../lib/gcc/arm-none-eabi/5.3.1/../../../../arm-none-eabi/lib/armv7e-m\libm.a(lib_a-e_sqrt.o)
 .ARM.attributes
                0x0000086e       0x2e c:/program files (x86)/atmel/studio/7.0/toolchain/arm/arm-gnu-toolchain/bin/../lib/gcc/arm-none-eabi/5.3.1/../../../../arm-none-eabi/lib/armv7e-m\libm.a(lib_a-k_cos.o)
 .ARM.attributes
                0x0000089c       0x2e c:/program files (x86)/atmel/studio/7.0/toolchain/arm/arm-gnu-toolchain/bin/../lib/gcc/arm-none-eabi/5.3.1/../../../../arm-none-eabi/lib/armv7e-m\libm.a(lib_a-k_rem_pio2.o)
 .ARM.attributes
                0x000008ca       0x2e c:/program files (x86)/atmel/studio/7.0/toolchain/arm/arm-gnu-toolchain/bin/../lib/gcc/arm-none-eabi/5.3.1/../../../../arm-none-eabi/lib/armv7e-m\libm.a(lib_a-k_sin.o)
 .ARM.attributes
                0x000008f8       0x2e c:/program files (x86)/atmel/studio/7.0/toolchain/arm/arm-gnu-toolchain/bin/../lib/gcc/arm-none-eabi/5.3.1/../../../../arm-none-eabi/lib/armv7e-m\libm.a(lib_a-k_tan.o)
 .ARM.attributes
                0x00000926       0x2e c:/program files (x86)/atmel/studio/7.0/toolchain/arm/arm-gnu-toolchain/bin/../lib/gcc/arm-none-eabi/5.3.1/../../../../arm-none-eabi/lib/armv7e-m\libm.a(lib_a-s_atan.o)
 .ARM.attributes
                0x00000954       0x2e c:/program files (x86)/atmel/studio/7.0/toolchain/arm/arm-gnu-toolchain/bin/../lib/gcc/arm-none-eabi/5.3.1/../../../../arm-none-eabi/lib/armv7e-m\libm.a(lib_a-s_fabs.o)
 .ARM.attributes
                0x00000982       0x2e c:/program files (x86)/atmel/studio/7.0/toolchain/arm/arm-gnu-toolchain/bin/../lib/gcc/arm-none-eabi/5.3.1/../../../../arm-none-eabi/lib/armv7e-m\libm.a(lib_a-s_floor.o)
 .ARM.attributes
                0x000009b0       0x2e c:/program files (x86)/atmel/studio/7.0/toolchain/arm/arm-gnu-toolchain/bin/../lib/gcc/arm-none-eabi/5.3.1/../../../../arm-none-eabi/lib/armv7e-m\libm.a(lib_a-s_lib_ver.o)
 .ARM.attributes
                0x000009de       0x2e c:/program files (x86)/atmel/studio/7.0/toolchain/arm/arm-gnu-toolchain/bin/../lib/gcc/arm-none-eabi/5.3.1/../../../../arm-none-eabi/lib/armv7e-m\libm.a(lib_a-s_matherr.o)
 .ARM.attributes
                0x00000a0c       0x2e c:/program files (x86)/atmel/studio/7.0/toolchain/arm/arm-gnu-toolchain/bin/../lib/gcc/arm-none-eabi/5.3.1/../../../../arm-none-eabi/lib/armv7e-m\libm.a(lib_a-s_nan.o)
 .ARM.attributes
                0x00000a3a       0x2e c:/program files (x86)/atmel/studio/7.0/toolchain/arm/arm-gnu-toolchain/bin/../lib/gcc/arm-none-eabi/5.3.1/../../../../arm-none-eabi/lib/armv7e-m\libm.a(lib_a-s_scalbn.o)
 .ARM.attributes
                0x00000a68       0x2e c:/program files (x86)/atmel/studio/7.0/toolchain/arm/arm-gnu-toolchain/bin/../lib/gcc/arm-none-eabi/5.3.1/../../../../arm-none-eabi/lib/armv7e-m\libm.a(lib_a-s_copysign.o)
 .ARM.attributes
                0x00000a96       0x1e c:/program files (x86)/atmel/studio/7.0/toolchain/arm/arm-gnu-toolchain/bin/../lib/gcc/arm-none-eabi/5.3.1/armv7e-m\libgcc.a(_arm_addsubdf3.o)
 .ARM.attributes
                0x00000ab4       0x1e c:/program files (x86)/atmel/studio/7.0/toolchain/arm/arm-gnu-toolchain/bin/../lib/gcc/arm-none-eabi/5.3.1/armv7e-m\libgcc.a(_arm_muldivdf3.o)
 .ARM.attributes
                0x00000ad2       0x1e c:/program files (x86)/atmel/studio/7.0/toolchain/arm/arm-gnu-toolchain/bin/../lib/gcc/arm-none-eabi/5.3.1/armv7e-m\libgcc.a(_arm_cmpdf2.o)
 .ARM.attributes
                0x00000af0       0x1e c:/program files (x86)/atmel/studio/7.0/toolchain/arm/arm-gnu-toolchain/bin/../lib/gcc/arm-none-eabi/5.3.1/armv7e-m\libgcc.a(_arm_unorddf2.o)
 .ARM.attributes
                0x00000b0e       0x1e c:/program files (x86)/atmel/studio/7.0/toolchain/arm/arm-gnu-toolchain/bin/../lib/gcc/arm-none-eabi/5.3.1/armv7e-m\libgcc.a(_arm_fixdfsi.o)
 .ARM.attributes
                0x00000b2c       0x1e c:/program files (x86)/atmel/studio/7.0/toolchain/arm/arm-gnu-toolchain/bin/../lib/gcc/arm-none-eabi/5.3.1/armv7e-m\libgcc.a(_arm_truncdfsf2.o)
 .ARM.attributes
                0x00000b4a       0x1e c:/program files (x86)/atmel/studio/7.0/toolchain/arm/arm-gnu-toolchain/bin/../lib/gcc/arm-none-eabi/5.3.1/armv7e-m\libgcc.a(_arm_addsubsf3.o)
 .ARM.attributes
                0x00000b68       0x1e c:/program files (x86)/atmel/studio/7.0/toolchain/arm/arm-gnu-toolchain/bin/../lib/gcc/arm-none-eabi/5.3.1/armv7e-m\libgcc.a(_arm_muldivsf3.o)
 .ARM.attributes
                0x00000b86       0x1e c:/program files (x86)/atmel/studio/7.0/toolchain/arm/arm-gnu-toolchain/bin/../lib/gcc/arm-none-eabi/5.3.1/armv7e-m\libgcc.a(_arm_cmpsf2.o)
 .ARM.attributes
                0x00000ba4       0x1e c:/program files (x86)/atmel/studio/7.0/toolchain/arm/arm-gnu-toolchain/bin/../lib/gcc/arm-none-eabi/5.3.1/armv7e-m\libgcc.a(_arm_fixsfsi.o)
 .ARM.attributes
                0x00000bc2       0x1e c:/program files (x86)/atmel/studio/7.0/toolchain/arm/arm-gnu-toolchain/bin/../lib/gcc/arm-none-eabi/5.3.1/armv7e-m\libgcc.a(_aeabi_uldivmod.o)
 .ARM.attributes
                0x00000be0       0x2e c:/program files (x86)/atmel/studio/7.0/toolchain/arm/arm-gnu-toolchain/bin/../lib/gcc/arm-none-eabi/5.3.1/armv7e-m\libgcc.a(_udivmoddi4.o)
 .ARM.attributes
                0x00000c0e       0x1e c:/program files (x86)/atmel/studio/7.0/toolchain/arm/arm-gnu-toolchain/bin/../lib/gcc/arm-none-eabi/5.3.1/armv7e-m\libgcc.a(_dvmd_tls.o)
 .ARM.attributes
                0x00000c2c       0x2e c:/program files (x86)/atmel/studio/7.0/toolchain/arm/arm-gnu-toolchain/bin/../lib/gcc/arm-none-eabi/5.3.1/../../../../arm-none-eabi/lib/armv7e-m\libc.a(lib_a-errno.o)
 .ARM.attributes
                0x00000c5a       0x2e c:/program files (x86)/atmel/studio/7.0/toolchain/arm/arm-gnu-toolchain/bin/../lib/gcc/arm-none-eabi/5.3.1/../../../../arm-none-eabi/lib/armv7e-m\libc.a(lib_a-impure.o)
 .ARM.attributes
                0x00000c88       0x2e c:/program files (x86)/atmel/studio/7.0/toolchain/arm/arm-gnu-toolchain/bin/../lib/gcc/arm-none-eabi/5.3.1/../../../../arm-none-eabi/lib/armv7e-m\libc.a(lib_a-init.o)
 .ARM.attributes
                0x00000cb6       0x1c c:/program files (x86)/atmel/studio/7.0/toolchain/arm/arm-gnu-toolchain/bin/../lib/gcc/arm-none-eabi/5.3.1/../../../../arm-none-eabi/lib/armv7e-m\libc.a(lib_a-memcpy.o)
 .ARM.attributes
                0x00000cd2       0x2e c:/program files (x86)/atmel/studio/7.0/toolchain/arm/arm-gnu-toolchain/bin/../lib/gcc/arm-none-eabi/5.3.1/../../../../arm-none-eabi/lib/armv7e-m\libc.a(lib_a-memset.o)
 .ARM.attributes
                0x00000d00       0x2e c:/program files (x86)/atmel/studio/7.0/toolchain/arm/arm-gnu-toolchain/bin/../lib/gcc/arm-none-eabi/5.3.1/../../../../arm-none-eabi/lib/armv7e-m\libc.a(lib_a-strncpy.o)
 .ARM.attributes
                0x00000d2e       0x2e c:/program files (x86)/atmel/studio/7.0/toolchain/arm/arm-gnu-toolchain/bin/../lib/gcc/arm-none-eabi/5.3.1/../../../../arm-none-eabi/lib/armv7e-m\libc.a(lib_a-__call_atexit.o)
 .ARM.attributes
                0x00000d5c       0x2e c:/program files (x86)/atmel/studio/7.0/toolchain/arm/arm-gnu-toolchain/bin/../lib/gcc/arm-none-eabi/5.3.1/../../../../arm-none-eabi/lib/armv7e-m\libc.a(lib_a-atexit.o)
 .ARM.attributes
                0x00000d8a       0x2e c:/program files (x86)/atmel/studio/7.0/toolchain/arm/arm-gnu-toolchain/bin/../lib/gcc/arm-none-eabi/5.3.1/../../../../arm-none-eabi/lib/armv7e-m\libc.a(lib_a-fini.o)
 .ARM.attributes
                0x00000db8       0x2e c:/program files (x86)/atmel/studio/7.0/toolchain/arm/arm-gnu-toolchain/bin/../lib/gcc/arm-none-eabi/5.3.1/../../../../arm-none-eabi/lib/armv7e-m\libc.a(lib_a-__atexit.o)
 .ARM.attributes
                0x00000de6       0x1e c:/program files (x86)/atmel/studio/7.0/toolchain/arm/arm-gnu-toolchain/bin/../lib/gcc/arm-none-eabi/5.3.1/armv7e-m/crtn.o

.comment        0x00000000       0x59
 .comment       0x00000000       0x59 src/ASF/common/drivers/nvm/sam/sam_nvm.o
                                 0x5a (size before relaxing)
 .comment       0x00000059       0x5a src/ASF/sam/drivers/efc/efc.o
 .comment       0x00000059       0x5a src/ASF/sam/services/flash_efc/flash_efc.o
 .comment       0x00000059       0x5a src/DS3231.o
 .comment       0x00000059       0x5a src/ICM20648.o
 .comment       0x00000059       0x5a src/mbusStack.o
 .comment       0x00000059       0x5a src/PvTracker.o
 .comment       0x00000059       0x5a src/rs485pdc.o
 .comment       0x00000059       0x5a src/ASF/common/services/freertos/sam/freertos_twi_master.o
 .comment       0x00000059       0x5a src/ASF/common/services/freertos/sam/freertos_usart_serial.o
 .comment       0x00000059       0x5a src/ASF/sam/drivers/pdc/pdc.o
 .comment       0x00000059       0x5a src/ASF/sam/drivers/twi/twi.o
 .comment       0x00000059       0x5a src/ASF/sam/drivers/usart/usart.o
 .comment       0x00000059       0x5a src/ASF/common/boards/user_board/init.o
 .comment       0x00000059       0x5a src/ASF/common/services/clock/sam4s/sysclk.o
 .comment       0x00000059       0x5a src/ASF/common/services/delay/sam/cycle_counter.o
 .comment       0x00000059       0x5a src/ASF/common/utils/interrupt/interrupt_sam_nvic.o
 .comment       0x00000059       0x5a src/ASF/sam/drivers/pio/pio.o
 .comment       0x00000059       0x5a src/ASF/sam/drivers/pio/pio_handler.o
 .comment       0x00000059       0x5a src/ASF/sam/drivers/pmc/pmc.o
 .comment       0x00000059       0x5a src/ASF/sam/utils/cmsis/sam4s/source/templates/gcc/startup_sam4s.o
 .comment       0x00000059       0x5a src/ASF/sam/utils/cmsis/sam4s/source/templates/system_sam4s.o
 .comment       0x00000059       0x5a src/ASF/thirdparty/freertos/freertos-7.3.0/source/list.o
 .comment       0x00000059       0x5a src/ASF/thirdparty/freertos/freertos-7.3.0/source/portable/gcc/sam/port.o
 .comment       0x00000059       0x5a src/ASF/thirdparty/freertos/freertos-7.3.0/source/portable/memmang/heap_4.o
 .comment       0x00000059       0x5a src/ASF/thirdparty/freertos/freertos-7.3.0/source/queue.o
 .comment       0x00000059       0x5a src/ASF/thirdparty/freertos/freertos-7.3.0/source/tasks.o
 .comment       0x00000059       0x5a src/ASF/thirdparty/freertos/freertos-7.3.0/source/timers.o
 .comment       0x00000059       0x5a src/CommInterface.o
 .comment       0x00000059       0x5a src/main.o

.debug_info     0x00000000     0xfbdf
 .debug_info    0x00000000      0x53c src/ASF/common/drivers/nvm/sam/sam_nvm.o
 .debug_info    0x0000053c      0x6c4 src/ASF/sam/drivers/efc/efc.o
 .debug_info    0x00000c00      0xcc6 src/ASF/sam/services/flash_efc/flash_efc.o
 .debug_info    0x000018c6      0xa1d src/DS3231.o
 .debug_info    0x000022e3      0x564 src/ICM20648.o
 .debug_info    0x00002847      0x2f1 src/mbusStack.o
 .debug_info    0x00002b38      0xbed src/PvTracker.o
 .debug_info    0x00003725      0x6ad src/rs485pdc.o
 .debug_info    0x00003dd2      0xaa3 src/ASF/common/services/freertos/sam/freertos_twi_master.o
 .debug_info    0x00004875      0xc32 src/ASF/common/services/freertos/sam/freertos_usart_serial.o
 .debug_info    0x000054a7      0x4b3 src/ASF/sam/drivers/pdc/pdc.o
 .debug_info    0x0000595a      0xa27 src/ASF/sam/drivers/twi/twi.o
 .debug_info    0x00006381     0x14b2 src/ASF/sam/drivers/usart/usart.o
 .debug_info    0x00007833      0x9de src/ASF/common/boards/user_board/init.o
 .debug_info    0x00008211      0x691 src/ASF/common/services/clock/sam4s/sysclk.o
 .debug_info    0x000088a2      0x134 src/ASF/common/services/delay/sam/cycle_counter.o
 .debug_info    0x000089d6      0x1e9 src/ASF/common/utils/interrupt/interrupt_sam_nvic.o
 .debug_info    0x00008bbf     0x1378 src/ASF/sam/drivers/pio/pio.o
 .debug_info    0x00009f37      0xddf src/ASF/sam/drivers/pio/pio_handler.o
 .debug_info    0x0000ad16     0x1108 src/ASF/sam/drivers/pmc/pmc.o
 .debug_info    0x0000be1e      0x696 src/ASF/sam/utils/cmsis/sam4s/source/templates/gcc/startup_sam4s.o
 .debug_info    0x0000c4b4      0x46d src/ASF/sam/utils/cmsis/sam4s/source/templates/system_sam4s.o
 .debug_info    0x0000c921      0x2be src/ASF/thirdparty/freertos/freertos-7.3.0/source/list.o
 .debug_info    0x0000cbdf      0x368 src/ASF/thirdparty/freertos/freertos-7.3.0/source/portable/gcc/sam/port.o
 .debug_info    0x0000cf47      0x2e2 src/ASF/thirdparty/freertos/freertos-7.3.0/source/portable/memmang/heap_4.o
 .debug_info    0x0000d229      0x9cd src/ASF/thirdparty/freertos/freertos-7.3.0/source/queue.o
 .debug_info    0x0000dbf6      0xe1e src/ASF/thirdparty/freertos/freertos-7.3.0/source/tasks.o
 .debug_info    0x0000ea14      0x76e src/ASF/thirdparty/freertos/freertos-7.3.0/source/timers.o
 .debug_info    0x0000f182      0x82b src/CommInterface.o
 .debug_info    0x0000f9ad      0x232 src/main.o

.debug_abbrev   0x00000000     0x2fc0
 .debug_abbrev  0x00000000      0x1a6 src/ASF/common/drivers/nvm/sam/sam_nvm.o
 .debug_abbrev  0x000001a6      0x234 src/ASF/sam/drivers/efc/efc.o
 .debug_abbrev  0x000003da      0x1d5 src/ASF/sam/services/flash_efc/flash_efc.o
 .debug_abbrev  0x000005af      0x163 src/DS3231.o
 .debug_abbrev  0x00000712      0x11c src/ICM20648.o
 .debug_abbrev  0x0000082e      0x113 src/mbusStack.o
 .debug_abbrev  0x00000941      0x2a3 src/PvTracker.o
 .debug_abbrev  0x00000be4      0x1be src/rs485pdc.o
 .debug_abbrev  0x00000da2      0x1d9 src/ASF/common/services/freertos/sam/freertos_twi_master.o
 .debug_abbrev  0x00000f7b      0x1f7 src/ASF/common/services/freertos/sam/freertos_usart_serial.o
 .debug_abbrev  0x00001172      0x12c src/ASF/sam/drivers/pdc/pdc.o
 .debug_abbrev  0x0000129e      0x1eb src/ASF/sam/drivers/twi/twi.o
 .debug_abbrev  0x00001489      0x214 src/ASF/sam/drivers/usart/usart.o
 .debug_abbrev  0x0000169d      0x1bd src/ASF/common/boards/user_board/init.o
 .debug_abbrev  0x0000185a      0x1b6 src/ASF/common/services/clock/sam4s/sysclk.o
 .debug_abbrev  0x00001a10       0x9d src/ASF/common/services/delay/sam/cycle_counter.o
 .debug_abbrev  0x00001aad       0xef src/ASF/common/utils/interrupt/interrupt_sam_nvic.o
 .debug_abbrev  0x00001b9c      0x1cf src/ASF/sam/drivers/pio/pio.o
 .debug_abbrev  0x00001d6b      0x234 src/ASF/sam/drivers/pio/pio_handler.o
 .debug_abbrev  0x00001f9f      0x20d src/ASF/sam/drivers/pmc/pmc.o
 .debug_abbrev  0x000021ac      0x15f src/ASF/sam/utils/cmsis/sam4s/source/templates/gcc/startup_sam4s.o
 .debug_abbrev  0x0000230b       0xf5 src/ASF/sam/utils/cmsis/sam4s/source/templates/system_sam4s.o
 .debug_abbrev  0x00002400       0xc3 src/ASF/thirdparty/freertos/freertos-7.3.0/source/list.o
 .debug_abbrev  0x000024c3      0x20e src/ASF/thirdparty/freertos/freertos-7.3.0/source/portable/gcc/sam/port.o
 .debug_abbrev  0x000026d1      0x1a7 src/ASF/thirdparty/freertos/freertos-7.3.0/source/portable/memmang/heap_4.o
 .debug_abbrev  0x00002878      0x167 src/ASF/thirdparty/freertos/freertos-7.3.0/source/queue.o
 .debug_abbrev  0x000029df      0x1ba src/ASF/thirdparty/freertos/freertos-7.3.0/source/tasks.o
 .debug_abbrev  0x00002b99      0x17a src/ASF/thirdparty/freertos/freertos-7.3.0/source/timers.o
 .debug_abbrev  0x00002d13      0x18b src/CommInterface.o
 .debug_abbrev  0x00002e9e      0x122 src/main.o

.debug_loc      0x00000000     0x9da5
 .debug_loc     0x00000000      0x330 src/ASF/common/drivers/nvm/sam/sam_nvm.o
 .debug_loc     0x00000330      0x60c src/ASF/sam/drivers/efc/efc.o
 .debug_loc     0x0000093c      0x902 src/ASF/sam/services/flash_efc/flash_efc.o
 .debug_loc     0x0000123e      0x820 src/DS3231.o
 .debug_loc     0x00001a5e      0x230 src/ICM20648.o
 .debug_loc     0x00001c8e       0xac src/mbusStack.o
 .debug_loc     0x00001d3a      0x564 src/PvTracker.o
 .debug_loc     0x0000229e      0x29c src/rs485pdc.o
 .debug_loc     0x0000253a      0x19b src/ASF/common/services/freertos/sam/freertos_twi_master.o
 .debug_loc     0x000026d5      0x29c src/ASF/common/services/freertos/sam/freertos_usart_serial.o
 .debug_loc     0x00002971      0x508 src/ASF/sam/drivers/pdc/pdc.o
 .debug_loc     0x00002e79      0x7ac src/ASF/sam/drivers/twi/twi.o
 .debug_loc     0x00003625     0x17d4 src/ASF/sam/drivers/usart/usart.o
 .debug_loc     0x00004df9      0x128 src/ASF/common/boards/user_board/init.o
 .debug_loc     0x00004f21      0x424 src/ASF/common/services/clock/sam4s/sysclk.o
 .debug_loc     0x00005345       0xa0 src/ASF/common/utils/interrupt/interrupt_sam_nvic.o
 .debug_loc     0x000053e5     0x1174 src/ASF/sam/drivers/pio/pio.o
 .debug_loc     0x00006559      0x364 src/ASF/sam/drivers/pio/pio_handler.o
 .debug_loc     0x000068bd     0x1468 src/ASF/sam/drivers/pmc/pmc.o
 .debug_loc     0x00007d25       0x64 src/ASF/sam/utils/cmsis/sam4s/source/templates/gcc/startup_sam4s.o
 .debug_loc     0x00007d89       0xe4 src/ASF/sam/utils/cmsis/sam4s/source/templates/system_sam4s.o
 .debug_loc     0x00007e6d      0x1cc src/ASF/thirdparty/freertos/freertos-7.3.0/source/list.o
 .debug_loc     0x00008039      0x274 src/ASF/thirdparty/freertos/freertos-7.3.0/source/portable/gcc/sam/port.o
 .debug_loc     0x000082ad      0x1d4 src/ASF/thirdparty/freertos/freertos-7.3.0/source/portable/memmang/heap_4.o
 .debug_loc     0x00008481      0x748 src/ASF/thirdparty/freertos/freertos-7.3.0/source/queue.o
 .debug_loc     0x00008bc9      0xaf8 src/ASF/thirdparty/freertos/freertos-7.3.0/source/tasks.o
 .debug_loc     0x000096c1      0x43c src/ASF/thirdparty/freertos/freertos-7.3.0/source/timers.o